Archive member included because of file (symbol)

contiki-sky.a(rimeaddr.o)     obj_sky/contiki-sky-main.o (rimeaddr_copy)
contiki-sky.a(nullrdc.o)      obj_sky/contiki-sky-main.o (nullrdc_driver)
contiki-sky.a(mac.o)          contiki-sky.a(nullrdc.o) (mac_call_sent_callback)
contiki-sky.a(framer-802154.o)
                              contiki-sky.a(nullrdc.o) (framer_802154)
contiki-sky.a(csma.o)         obj_sky/contiki-sky-main.o (csma_driver)
contiki-sky.a(process.o)      obj_sky/contiki-sky-main.o (process_init)
contiki-sky.a(autostart.o)    obj_sky/contiki-sky-main.o (autostart_start)
contiki-sky.a(memb.o)         contiki-sky.a(csma.o) (memb_init)
contiki-sky.a(timer.o)        obj_sky/contiki-sky-main.o (timer_set)
contiki-sky.a(list.o)         obj_sky/ero2registry.o (list_init)
contiki-sky.a(etimer.o)       obj_sky/contiki-sky-main.o (etimer_process)
contiki-sky.a(ctimer.o)       obj_sky/contiki-sky-main.o (ctimer_init)
contiki-sky.a(energest.o)     obj_sky/contiki-sky-main.o (energest_init)
contiki-sky.a(rtimer.o)       obj_sky/contiki-sky-main.o (rtimer_init)
contiki-sky.a(random.o)       obj_sky/contiki-sky-main.o (random_init)
contiki-sky.a(packetbuf.o)    contiki-sky.a(framer-802154.o) (packetbuf_hdrreduce)
contiki-sky.a(queuebuf.o)     obj_sky/contiki-sky-main.o (queuebuf_init)
contiki-sky.a(uip6.o)         obj_sky/contiki-sky-main.o (uip_lladdr)
contiki-sky.a(tcpip.o)        obj_sky/contiki-sky-main.o (tcpip_process)
contiki-sky.a(uip-icmp6.o)    contiki-sky.a(uip6.o) (uip_icmp6_echo_request_input)
contiki-sky.a(uip-nd6.o)      contiki-sky.a(uip6.o) (uip_nd6_ns_input)
contiki-sky.a(sicslowpan.o)   obj_sky/contiki-sky-main.o (sicslowpan_driver)
contiki-sky.a(neighbor-info.o)
                              contiki-sky.a(sicslowpan.o) (neighbor_info_packet_sent)
contiki-sky.a(uip-ds6.o)      contiki-sky.a(tcpip.o) (uip_ds6_nbr_add)
contiki-sky.a(er-coap-12-engi)
                              obj_sky/ero2client.o (coap_receiver_init)
contiki-sky.a(er-coap-12.o)   contiki-sky.a(er-coap-12-engi) (coap_init_connection)
contiki-sky.a(er-coap-12-tran)
                              contiki-sky.a(er-coap-12-engi) (coap_register_as_transaction_handler)
contiki-sky.a(er-coap-12-obse)
                              contiki-sky.a(er-coap-12-tran) (coap_remove_observer_by_client)
contiki-sky.a(erbium.o)       obj_sky/ero2manager.o (rest_init_engine)
contiki-sky.a(contiki-sky-pla)
                              obj_sky/contiki-sky-main.o (init_platform)
contiki-sky.a(sht11-sensor.o)
                              obj_sky/ero2manager.o (sht11_sensor)
contiki-sky.a(light-sensor.o)
                              obj_sky/ero2manager.o (light_sensor)
contiki-sky.a(battery-sensor.)
                              obj_sky/ero2manager.o (battery_sensor)
contiki-sky.a(button-sensor.o)
                              contiki-sky.a(contiki-sky-pla) (button_sensor)
contiki-sky.a(ds2411.o)       obj_sky/contiki-sky-main.o (ds2411_init)
contiki-sky.a(xmem.o)         obj_sky/contiki-sky-main.o (xmem_init)
contiki-sky.a(node-id.o)      obj_sky/contiki-sky-main.o (node_id_restore)
contiki-sky.a(sensors.o)      contiki-sky.a(button-sensor.o) (sensors_changed)
contiki-sky.a(cc2420.o)       coffee.co (cc2420_set_channel)
contiki-sky.a(cc2420-arch.o)  contiki-sky.a(cc2420.o) (cc2420_arch_init)
contiki-sky.a(sky-sensors.o)  contiki-sky.a(light-sensor.o) (sky_sensors_status)
contiki-sky.a(uart1.o)        obj_sky/contiki-sky-main.o (uart1_active)
contiki-sky.a(uart1-putchar.o)
                              obj_sky/contiki-sky-main.o (putchar)
contiki-sky.a(msp430.o)       contiki-sky.a(uart1.o) (msp430_add_lpm_req)
contiki-sky.a(clock.o)        contiki-sky.a(timer.o) (clock_time)
contiki-sky.a(leds.o)         obj_sky/contiki-sky-main.o (leds_init)
contiki-sky.a(leds-arch.o)    contiki-sky.a(leds.o) (leds_arch_init)
contiki-sky.a(watchdog.o)     obj_sky/contiki-sky-main.o (watchdog_start)
contiki-sky.a(rtimer-arch.o)  contiki-sky.a(rtimer.o) (rtimer_arch_init)
contiki-sky.a(rimestats.o)    contiki-sky.a(cc2420.o) (rimestats)
contiki-sky.a(frame802154.o)  contiki-sky.a(framer-802154.o) (frame802154_hdrlen)
contiki-sky.a(rpl.o)          contiki-sky.a(uip-ds6.o) (rpl_ipv6_neighbor_callback)
contiki-sky.a(rpl-dag.o)      contiki-sky.a(rpl.o) (instance_table)
contiki-sky.a(rpl-icmp6.o)    contiki-sky.a(rpl-dag.o) (dao_output)
contiki-sky.a(rpl-timers.o)   contiki-sky.a(rpl.o) (rpl_reset_periodic_timer)
contiki-sky.a(rpl-of-etx.o)   contiki-sky.a(rpl-dag.o) (rpl_of_etx)
contiki-sky.a(rpl-ext-header.)
                              contiki-sky.a(uip6.o) (rpl_verify_header)
contiki-sky.a(stimer.o)       contiki-sky.a(tcpip.o) (stimer_set)
contiki-sky.a(uip-udp-packet.)
                              contiki-sky.a(er-coap-12.o) (uip_udp_packet_send)
contiki-sky.a(neighbor-attr.o)
                              contiki-sky.a(neighbor-info.o) (neighbor_attr_register)
contiki-sky.a(sht11.o)        contiki-sky.a(sht11-sensor.o) (sht11_init)
[...]
Memory Configuration

Name             Origin             Length             Attributes
sfr              0x00000000         0x00000010
peripheral_8bit  0x00000010         0x000000f0
peripheral_16bit 0x00000100         0x00000100
infomem          0x00001000         0x00000100
infob            0x00001000         0x00000080
infoa            0x00001080         0x00000080
ram              0x00001100         0x00002800         xw
rom              0x00004000         0x0000bfe0         xr
vectors          0x0000ffe0         0x00000020
bsl              0x00000000         0x00000000
infoc            0x00000000         0x00000000
infod            0x00000000         0x00000000
far_rom          0x00000000         0x00000000
*default*        0x00000000         0xffffffff

Linker script and memory map

LOAD /usr/lib/gcc/msp430/4.5.3/mmpy-16/crt0ivtbl16.o
LOAD coffee.co
LOAD obj_sky/ero2manager.o
LOAD obj_sky/ero2service.o
LOAD obj_sky/ero2client.o
LOAD obj_sky/ero2registry.o
LOAD obj_sky/contiki-sky-main.o
LOAD contiki-sky.a
LOAD /usr/lib/gcc/msp430/4.5.3/mmpy-16/libgcc.a
LOAD /usr/lib/gcc/msp430/4.5.3/../../../../msp430/lib/mmpy-16/libc.a
LOAD /usr/lib/gcc/msp430/4.5.3/mmpy-16/libgcc.a
LOAD /usr/lib/gcc/msp430/4.5.3/mmpy-16/libcrt0.a
                0x00000000                __IE1 = 0x0
                0x00000002                __IFG1 = 0x2
                0x00000004                __ME1 = 0x4
                0x00000001                __IE2 = 0x1
                0x00000003                __IFG2 = 0x3
                0x00000005                __ME2 = 0x5
                0x00000120                __WDTCTL = 0x120
                0x00000130                __MPY = 0x130
                0x00000132                __MPYS = 0x132
                0x00000134                __MAC = 0x134
                0x00000136                __MACS = 0x136
                0x00000138                __OP2 = 0x138
                0x0000013a                __RESLO = 0x13a
                0x0000013c                __RESHI = 0x13c
                0x0000013e                __SUMEXT = 0x13e
                0x00000020                __P1IN = 0x20
                0x00000021                __P1OUT = 0x21
                0x00000022                __P1DIR = 0x22
                0x00000023                __P1IFG = 0x23
                0x00000024                __P1IES = 0x24
                0x00000025                __P1IE = 0x25
                0x00000026                __P1SEL = 0x26
                0x00000028                __P2IN = 0x28
                0x00000029                __P2OUT = 0x29
                0x0000002a                __P2DIR = 0x2a
                0x0000002b                __P2IFG = 0x2b
                0x0000002c                __P2IES = 0x2c
                0x0000002d                __P2IE = 0x2d
                0x0000002e                __P2SEL = 0x2e
                0x00000018                __P3IN = 0x18
                0x00000019                __P3OUT = 0x19
                0x0000001a                __P3DIR = 0x1a
                0x0000001b                __P3SEL = 0x1b
                0x0000001c                __P4IN = 0x1c
                0x0000001d                __P4OUT = 0x1d
                0x0000001e                __P4DIR = 0x1e
                0x0000001f                __P4SEL = 0x1f
                0x00000030                __P5IN = 0x30
                0x00000031                __P5OUT = 0x31
                0x00000032                __P5DIR = 0x32
                0x00000033                __P5SEL = 0x33
                0x00000034                __P6IN = 0x34
                0x00000035                __P6OUT = 0x35
                0x00000036                __P6DIR = 0x36
                0x00000037                __P6SEL = 0x37
                0x00000070                __U0CTL = 0x70
                0x00000071                __U0TCTL = 0x71
                0x00000072                __U0RCTL = 0x72
                0x00000073                __U0MCTL = 0x73
                0x00000074                __U0BR0 = 0x74
                0x00000075                __U0BR1 = 0x75
                0x00000076                __U0RXBUF = 0x76
                0x00000077                __U0TXBUF = 0x77
                0x00000078                __U1CTL = 0x78
                0x00000079                __U1TCTL = 0x79
                0x0000007a                __U1RCTL = 0x7a
                0x0000007b                __U1MCTL = 0x7b
                0x0000007c                __U1BR0 = 0x7c
                0x0000007d                __U1BR1 = 0x7d
                0x0000007e                __U1RXBUF = 0x7e
                0x0000007f                __U1TXBUF = 0x7f
                0x00000050                __I2CIE = 0x50
                0x00000051                __I2CIFG = 0x51
                0x00000052                __I2CNDAT = 0x52
                0x00000071                __I2CTCTL = 0x71
                0x00000072                __I2CDCTL = 0x72
                0x00000073                __I2CPSC = 0x73
                0x00000074                __I2CSCLH = 0x74
                0x00000075                __I2CSCLL = 0x75
                0x00000076                __I2CDRB = 0x76
                0x00000076                __I2CDRW = 0x76
                0x00000118                __I2COA = 0x118
                0x0000011a                __I2CSA = 0x11a
                0x0000011c                __I2CIV = 0x11c
                0x0000012e                __TAIV = 0x12e
                0x00000160                __TACTL = 0x160
                0x00000162                __TACCTL0 = 0x162
                0x00000164                __TACCTL1 = 0x164
                0x00000166                __TACCTL2 = 0x166
                0x00000170                __TAR = 0x170
                0x00000172                __TACCR0 = 0x172
                0x00000174                __TACCR1 = 0x174
                0x00000176                __TACCR2 = 0x176
                0x0000011e                __TBIV = 0x11e
                0x00000180                __TBCTL = 0x180
                0x00000182                __TBCCTL0 = 0x182
                0x00000184                __TBCCTL1 = 0x184
                0x00000186                __TBCCTL2 = 0x186
                0x00000188                __TBCCTL3 = 0x188
                0x0000018a                __TBCCTL4 = 0x18a
                0x0000018c                __TBCCTL5 = 0x18c
                0x0000018e                __TBCCTL6 = 0x18e
                0x00000190                __TBR = 0x190
                0x00000192                __TBCCR0 = 0x192
                0x00000194                __TBCCR1 = 0x194
                0x00000196                __TBCCR2 = 0x196
                0x00000198                __TBCCR3 = 0x198
                0x0000019a                __TBCCR4 = 0x19a
                0x0000019c                __TBCCR5 = 0x19c
                0x0000019e                __TBCCR6 = 0x19e
                0x00000056                __DCOCTL = 0x56
                0x00000057                __BCSCTL1 = 0x57
                0x00000058                __BCSCTL2 = 0x58
                0x00000055                __SVSCTL = 0x55
                0x00000128                __FCTL1 = 0x128
                0x0000012a                __FCTL2 = 0x12a
                0x0000012c                __FCTL3 = 0x12c
                0x00000059                __CACTL1 = 0x59
                0x0000005a                __CACTL2 = 0x5a
                0x0000005b                __CAPD = 0x5b
                0x000001a0                __ADC12CTL0 = 0x1a0
                0x000001a2                __ADC12CTL1 = 0x1a2
                0x000001a4                __ADC12IFG = 0x1a4
                0x000001a6                __ADC12IE = 0x1a6
                0x000001a8                __ADC12IV = 0x1a8
                0x00000140                __ADC12MEM0 = 0x140
                0x00000142                __ADC12MEM1 = 0x142
                0x00000144                __ADC12MEM2 = 0x144
                0x00000146                __ADC12MEM3 = 0x146
                0x00000148                __ADC12MEM4 = 0x148
                0x0000014a                __ADC12MEM5 = 0x14a
                0x0000014c                __ADC12MEM6 = 0x14c
                0x0000014e                __ADC12MEM7 = 0x14e
                0x00000150                __ADC12MEM8 = 0x150
                0x00000152                __ADC12MEM9 = 0x152
                0x00000154                __ADC12MEM10 = 0x154
                0x00000156                __ADC12MEM11 = 0x156
                0x00000158                __ADC12MEM12 = 0x158
                0x0000015a                __ADC12MEM13 = 0x15a
                0x0000015c                __ADC12MEM14 = 0x15c
                0x0000015e                __ADC12MEM15 = 0x15e
                0x00000080                __ADC12MCTL0 = 0x80
                0x00000081                __ADC12MCTL1 = 0x81
                0x00000082                __ADC12MCTL2 = 0x82
                0x00000083                __ADC12MCTL3 = 0x83
                0x00000084                __ADC12MCTL4 = 0x84
                0x00000085                __ADC12MCTL5 = 0x85
                0x00000086                __ADC12MCTL6 = 0x86
                0x00000087                __ADC12MCTL7 = 0x87
                0x00000088                __ADC12MCTL8 = 0x88
                0x00000089                __ADC12MCTL9 = 0x89
                0x0000008a                __ADC12MCTL10 = 0x8a
                0x0000008b                __ADC12MCTL11 = 0x8b
                0x0000008c                __ADC12MCTL12 = 0x8c
                0x0000008d                __ADC12MCTL13 = 0x8d
                0x0000008e                __ADC12MCTL14 = 0x8e
                0x0000008f                __ADC12MCTL15 = 0x8f
                0x000001c0                __DAC12_0CTL = 0x1c0
                0x000001c2                __DAC12_1CTL = 0x1c2
                0x000001c8                __DAC12_0DAT = 0x1c8
                0x000001ca                __DAC12_1DAT = 0x1ca
                0x00000122                __DMACTL0 = 0x122
                0x00000124                __DMACTL1 = 0x124
                0x000001e0                __DMA0CTL = 0x1e0
                0x000001e8                __DMA1CTL = 0x1e8
                0x000001f0                __DMA2CTL = 0x1f0
                0x000001e2                __DMA0SA = 0x1e2
                0x000001e4                __DMA0DA = 0x1e4
                0x000001e6                __DMA0SZ = 0x1e6
                0x000001ea                __DMA1SA = 0x1ea
                0x000001ec                __DMA1DA = 0x1ec
                0x000001ee                __DMA1SZ = 0x1ee
                0x000001f2                __DMA2SA = 0x1f2
                0x000001f4                __DMA2DA = 0x1f4
                0x000001f6                __DMA2SZ = 0x1f6

.hash
 *(.hash)

.dynsym
 *(.dynsym)

.dynstr
 *(.dynstr)

.gnu.version
 *(.gnu.version)

.gnu.version_d
 *(.gnu.version_d)

.gnu.version_r
 *(.gnu.version_r)

.rel.init
 *(.rel.init)

.rela.init
 *(.rela.init)

.rel.text
 *(.rel.text)
 *(.rel.text.*)
 *(.rel.gnu.linkonce.t*)

.rela.text
 *(.rela.text)
 *(.rela.text.*)
 *(.rela.gnu.linkonce.t*)

.rel.fini
 *(.rel.fini)

.rela.fini
 *(.rela.fini)

.rel.rodata
 *(.rel.rodata)
 *(.rel.rodata.*)
 *(.rel.gnu.linkonce.r*)

.rela.rodata
 *(.rela.rodata)
 *(.rela.rodata.*)
 *(.rela.gnu.linkonce.r*)

.rel.data
 *(.rel.data)
 *(.rel.data.*)
 *(.rel.gnu.linkonce.d*)

.rela.data
 *(.rela.data)
 *(.rela.data.*)
 *(.rela.gnu.linkonce.d*)

.rel.ctors
 *(.rel.ctors)

.rela.ctors
 *(.rela.ctors)

.rel.dtors
 *(.rel.dtors)

.rela.dtors
 *(.rela.dtors)

.rel.got
 *(.rel.got)

.rela.got
 *(.rela.got)

.rel.bss
 *(.rel.bss)

.rela.bss
 *(.rela.bss)

.rel.plt
 *(.rel.plt)

.rela.plt
 *(.rela.plt)

.text           0x00004000     0xba5c
                0x00004000                . = ALIGN (0x2)
 *(.init)
 *(.init0)
 .init0         0x00004000        0x0 /usr/lib/gcc/msp430/4.5.3/mmpy-16/libcrt0.a(_reset_vector__.o)
                0x00004000                _reset_vector__
 *(.init1)
 *(.init2)
 .init2         0x00004000        0x4 /usr/lib/gcc/msp430/4.5.3/mmpy-16/libcrt0.a(__init_stack.o)
                0x00004000                __init_stack
 *(.init3)
 .init3         0x00004004        0xa /usr/lib/gcc/msp430/4.5.3/mmpy-16/libcrt0.a(__low_level_init.o)
                0x00004004                __low_level_init
 *(.init4)
 .init4         0x0000400e       0x16 /usr/lib/gcc/msp430/4.5.3/mmpy-16/libcrt0.a(_copy_data.o)
                0x0000400e                __do_copy_data
 .init4         0x00004024       0x14 /usr/lib/gcc/msp430/4.5.3/mmpy-16/libcrt0.a(_clear_bss.o)
                0x00004024                __do_clear_bss
 *(.init5)
 *(.init6)
 *(.init7)
 *(.init8)
 *(.init9)
 .init9         0x00004038      0x36c obj_sky/contiki-sky-main.o
                0x00004038                main
 *(.fini9)
 .fini9         0x000043a4        0x0 /usr/lib/gcc/msp430/4.5.3/mmpy-16/libcrt0.a(__stop_progExec__.o)
                0x000043a4                __stop_progExec__
 *(.fini8)
 *(.fini7)
 *(.fini6)
 *(.fini5)
 *(.fini4)
 *(.fini3)
 *(.fini2)
 *(.fini1)
 *(.fini0)
 .fini0         0x000043a4        0x6 /usr/lib/gcc/msp430/4.5.3/mmpy-16/libcrt0.a(_endless_loop__.o)
                0x000043a4                _endless_loop__
 *(.fini)
                0x000043aa                . = ALIGN (0x2)
                0x000043aa                __ctors_start = .
 *(.ctors)
                0x000043aa                __ctors_end = .
                0x000043aa                __dtors_start = .
 *(.dtors)
                0x000043aa                __dtors_end = .
                0x000043aa                . = ALIGN (0x2)
 *(.text)
 .text          0x000043aa        0x4 /usr/lib/gcc/msp430/4.5.3/mmpy-16/crt0ivtbl16.o
                0x000043aa                __isr_14
                0x000043aa                __isr_11
                0x000043aa                __isr_2
                0x000043aa                __isr_7
                0x000043aa                __isr_0
                0x000043aa                __isr_8
                0x000043aa                __isr_3
                0x000043aa                __isr_12
                0x000043aa                __isr_13
                0x000043aa                __isr_9
 .text          0x000043ae       0x16 coffee.co
                0x000043c0                autostart_processes
 .text          0x000043c4       0xcd obj_sky/ero2manager.o
 .text          0x00004491      0x16b obj_sky/ero2service.o
 .text          0x000045fc       0x14 obj_sky/ero2client.o
 .text          0x00004610       0x13 obj_sky/ero2registry.o
 .text          0x00004623      0x117 obj_sky/contiki-sky-main.o
 .text          0x0000473a        0x8 contiki-sky.a(rimeaddr.o)
                0x0000473a                rimeaddr_null
 .text          0x00004742       0x18 contiki-sky.a(nullrdc.o)
                0x0000474a                nullrdc_driver
 .text          0x0000475a        0x4 contiki-sky.a(framer-802154.o)
                0x0000475a                framer_802154
 .text          0x0000475e       0x14 contiki-sky.a(csma.o)
                0x00004764                csma_driver
 .text          0x00004772        0xc contiki-sky.a(etimer.o)
 .text          0x0000477e        0xf contiki-sky.a(ctimer.o)
 .text          0x0000478d        0xd contiki-sky.a(tcpip.o)
 .text          0x0000479a       0x24 contiki-sky.a(sicslowpan.o)
                0x0000479a                unc_llconf
                0x0000479e                unc_ctxconf
                0x000047a2                unc_mxconf
                0x000047a6                llprefix
                0x000047b4                sicslowpan_driver
 .text          0x000047be      0x102 contiki-sky.a(er-coap-12-engi)
                0x00004834                coap_rest_implementation
 .text          0x000048c0       0xd2 contiki-sky.a(er-coap-12.o)
 .text          0x00004992       0x1d contiki-sky.a(er-coap-12-obse)
 .text          0x000049af        0xd contiki-sky.a(erbium.o)
 .text          0x000049bc        0xe contiki-sky.a(light-sensor.o)
                0x000049c2                light_sensor
 .text          0x000049ca       0x10 contiki-sky.a(button-sensor.o)
                0x000049d2                button_sensor
 .text          0x000049da        0x8 contiki-sky.a(sensors.o)
 .text          0x000049e2       0x24 contiki-sky.a(cc2420.o)
                0x000049f0                cc2420_driver
 .text          0x00004a06        0x2 contiki-sky.a(frame802154.o)
 .text          0x00004a08       0x12 /usr/lib/gcc/msp430/4.5.3/../../../../msp430/lib/mmpy-16/libc.a(strchr.o)
                0x00004a08                strchr
 .text          0x00004a1a       0x1c /usr/lib/gcc/msp430/4.5.3/../../../../msp430/lib/mmpy-16/libc.a(memchr.o)
                0x00004a1a                memchr
 .text          0x00004a36       0x20 /usr/lib/gcc/msp430/4.5.3/../../../../msp430/lib/mmpy-16/libc.a(strcmp.o)
                0x00004a36                strcmp
 .text          0x00004a56       0x30 /usr/lib/gcc/msp430/4.5.3/../../../../msp430/lib/mmpy-16/libc.a(strncmp.o)
                0x00004a56                strncmp
 .text          0x00004a86       0x34 /usr/lib/gcc/msp430/4.5.3/../../../../msp430/lib/mmpy-16/libc.a(memcmp.o)
                0x00004a86                memcmp
 .text          0x00004aba       0x14 /usr/lib/gcc/msp430/4.5.3/../../../../msp430/lib/mmpy-16/libc.a(strcpy.o)
                0x00004aba                strcpy
 .text          0x00004ace      0x104 /usr/lib/gcc/msp430/4.5.3/../../../../msp430/lib/mmpy-16/libc.a(memcpy.o)
                0x00004ace                memcpy
 .text          0x00004bd2      0x104 /usr/lib/gcc/msp430/4.5.3/../../../../msp430/lib/mmpy-16/libc.a(memmove.o)
                0x00004bd2                memmove
 .text          0x00004cd6       0x66 /usr/lib/gcc/msp430/4.5.3/../../../../msp430/lib/mmpy-16/libc.a(memset.o)
                0x00004cd6                memset
 .text          0x00004d3c       0x56 /usr/lib/gcc/msp430/4.5.3/../../../../msp430/lib/mmpy-16/libc.a(strstr.o)
                0x00004d3c                strstr
 .text          0x00004d92       0x20 /usr/lib/gcc/msp430/4.5.3/../../../../msp430/lib/mmpy-16/libc.a(printf.o)
                0x00004d92                printf
                0x00004da4                vprintf
 .text          0x00004db2       0xbc /usr/lib/gcc/msp430/4.5.3/../../../../msp430/lib/mmpy-16/libc.a(sprintf.o)
                0x00004e10                sprintf
                0x00004e2c                snprintf
                0x00004e46                vsprintf
                0x00004e5c                vsnprintf
 .text          0x00004e6e      0x476 /usr/lib/gcc/msp430/4.5.3/../../../../msp430/lib/mmpy-16/libc.a(vuprintf.o)
                0x00004f7a                vuprintf
 .text          0x000052e4       0x2c /usr/lib/gcc/msp430/4.5.3/../../../../msp430/lib/mmpy-16/libc.a(puts.o)
                0x000052e4                puts
 .text          0x00005310      0x134 /usr/lib/gcc/msp430/4.5.3/../../../../msp430/lib/mmpy-16/libc.a(rand.o)
                0x00005310                rand_r
                0x000053a4                rand
                0x0000543a                srand
                0x00005444                . = ALIGN (0x2)
 *(.text.*)
 .text.process_thread_main_process
                0x00005444       0x2e coffee.co
 .text.process_thread_ero2_process
                0x00005472      0x136 obj_sky/ero2manager.o
 .text.ero2heartbeat_handler
                0x000055a8       0x46 obj_sky/ero2manager.o
                0x000055a8                ero2heartbeat_handler
 .text.start_ero2_service
                0x000055ee       0x2a obj_sky/ero2manager.o
                0x000055ee                start_ero2_service
 .text.service_handler
                0x00005618       0x5a obj_sky/ero2manager.o
                0x00005618                service_handler
 .text.SetActuator
                0x00005672       0x30 obj_sky/ero2service.o
                0x00005672                SetActuator
 .text.ActuatorON
                0x000056a2       0x22 obj_sky/ero2service.o
                0x000056a2                ActuatorON
 .text.turnon_handler
                0x000056c4       0x74 obj_sky/ero2service.o
                0x000056c4                turnon_handler
 .text.ActuatorOFF
                0x00005738       0x18 obj_sky/ero2service.o
                0x00005738                ActuatorOFF
 .text.turnoff_handler
                0x00005750       0x6a obj_sky/ero2service.o
                0x00005750                turnoff_handler
 .text.coffee_handler
                0x000057ba       0xda obj_sky/ero2service.o
                0x000057ba                coffee_handler
 .text.start_app_services
                0x00005894       0x78 obj_sky/ero2service.o
                0x00005894                start_app_services
 .text.process_thread_ero2_client_process
                0x0000590c       0x90 obj_sky/ero2client.o
 .text.invoke_service
                0x0000599c       0x14 obj_sky/ero2client.o
                0x0000599c                invoke_service
 .text.init_registry
                0x000059b0       0x12 obj_sky/ero2registry.o
                0x000059b0                init_registry
 .text.add_to_local_registry
                0x000059c2        0xc obj_sky/ero2registry.o
                0x000059c2                add_to_local_registry
 .text.get_service_serialization
                0x000059ce       0x38 obj_sky/ero2registry.o
                0x000059ce                get_service_serialization
 .text.rimeaddr_copy
                0x00005a06       0x1a contiki-sky.a(rimeaddr.o)
                0x00005a06                rimeaddr_copy
 .text.rimeaddr_cmp
                0x00005a20       0x22 contiki-sky.a(rimeaddr.o)
                0x00005a20                rimeaddr_cmp
 .text.rimeaddr_set_node_addr
                0x00005a42       0x12 contiki-sky.a(rimeaddr.o)
                0x00005a42                rimeaddr_set_node_addr
 .text.on       0x00005a54        0x6 contiki-sky.a(nullrdc.o)
 .text.off      0x00005a5a       0x10 contiki-sky.a(nullrdc.o)
 .text.channel_check_interval
                0x00005a6a        0x4 contiki-sky.a(nullrdc.o)
 .text.init     0x00005a6e        0x6 contiki-sky.a(nullrdc.o)
 .text.packet_input
                0x00005a74       0x34 contiki-sky.a(nullrdc.o)
 .text.send_packet
                0x00005aa8       0x62 contiki-sky.a(nullrdc.o)
 .text.send_list
                0x00005b0a       0x24 contiki-sky.a(nullrdc.o)
 .text.mac_call_sent_callback
                0x00005b2e       0x14 contiki-sky.a(mac.o)
                0x00005b2e                mac_call_sent_callback
 .text.parse    0x00005b42       0xa8 contiki-sky.a(framer-802154.o)
 .text.create   0x00005bea      0x112 contiki-sky.a(framer-802154.o)
 .text.input_packet
                0x00005cfc        0x6 contiki-sky.a(csma.o)
 .text.on       0x00005d02        0x6 contiki-sky.a(csma.o)
 .text.off      0x00005d08        0x6 contiki-sky.a(csma.o)
 .text.channel_check_interval
                0x00005d0e        0xc contiki-sky.a(csma.o)
 .text.transmit_packet_list
                0x00005d1a       0x24 contiki-sky.a(csma.o)
 .text.send_packet
                0x00005d3e      0x174 contiki-sky.a(csma.o)
 .text.free_first_packet
                0x00005eb2       0x9c contiki-sky.a(csma.o)
 .text.packet_sent
                0x00005f4e      0x100 contiki-sky.a(csma.o)
 .text.init     0x0000604e       0x1a contiki-sky.a(csma.o)
 .text.call_process
                0x00006068       0x4c contiki-sky.a(process.o)
 .text.exit_process
                0x000060b4       0x94 contiki-sky.a(process.o)
 .text.do_poll  0x00006148       0x30 contiki-sky.a(process.o)
 .text.process_alloc_event
                0x00006178        0xe contiki-sky.a(process.o)
                0x00006178                process_alloc_event
 .text.process_init
                0x00006186       0x1c contiki-sky.a(process.o)
                0x00006186                process_init
 .text.process_run
                0x000061a2       0x9c contiki-sky.a(process.o)
                0x000061a2                process_run
 .text.process_nevents
                0x0000623e        0xc contiki-sky.a(process.o)
                0x0000623e                process_nevents
 .text.process_post
                0x0000624a       0x54 contiki-sky.a(process.o)
                0x0000624a                process_post
 .text.process_post_synch
                0x0000629e       0x12 contiki-sky.a(process.o)
                0x0000629e                process_post_synch
 .text.process_start
                0x000062b0       0x32 contiki-sky.a(process.o)
                0x000062b0                process_start
 .text.process_poll
                0x000062e2       0x1a contiki-sky.a(process.o)
                0x000062e2                process_poll
 .text.autostart_start
                0x000062fc       0x18 contiki-sky.a(autostart.o)
                0x000062fc                autostart_start
 .text.memb_init
                0x00006314       0x36 contiki-sky.a(memb.o)
                0x00006314                memb_init
 .text.memb_alloc
                0x0000634a       0x3e contiki-sky.a(memb.o)
                0x0000634a                memb_alloc
 .text.memb_free
                0x00006388       0x3a contiki-sky.a(memb.o)
                0x00006388                memb_free
 .text.memb_inmemb
                0x000063c2       0x2e contiki-sky.a(memb.o)
                0x000063c2                memb_inmemb
 .text.timer_set
                0x000063f0       0x1c contiki-sky.a(timer.o)
                0x000063f0                timer_set
 .text.timer_reset
                0x0000640c        0xe contiki-sky.a(timer.o)
                0x0000640c                timer_reset
 .text.timer_restart
                0x0000641a       0x14 contiki-sky.a(timer.o)
                0x0000641a                timer_restart
 .text.timer_expired
                0x0000642e       0x2e contiki-sky.a(timer.o)
                0x0000642e                timer_expired
 .text.list_init
                0x0000645c        0x6 contiki-sky.a(list.o)
                0x0000645c                list_init
 .text.list_head
                0x00006462        0x4 contiki-sky.a(list.o)
                0x00006462                list_head
 .text.list_tail
                0x00006466       0x14 contiki-sky.a(list.o)
                0x00006466                list_tail
 .text.list_pop
                0x0000647a        0xe contiki-sky.a(list.o)
                0x0000647a                list_pop
 .text.list_remove
                0x00006488       0x2e contiki-sky.a(list.o)
                0x00006488                list_remove
 .text.list_push
                0x000064b6       0x1a contiki-sky.a(list.o)
                0x000064b6                list_push
 .text.list_add
                0x000064d0       0x2a contiki-sky.a(list.o)
                0x000064d0                list_add
 .text.list_length
                0x000064fa       0x10 contiki-sky.a(list.o)
                0x000064fa                list_length
 .text.list_item_next
                0x0000650a        0x8 contiki-sky.a(list.o)
                0x0000650a                list_item_next
 .text.update_time
                0x00006512       0x78 contiki-sky.a(etimer.o)
 .text.etimer_request_poll
                0x0000658a        0xa contiki-sky.a(etimer.o)
                0x0000658a                etimer_request_poll
 .text.process_thread_etimer_process
                0x00006594       0xce contiki-sky.a(etimer.o)
 .text.add_timer
                0x00006662       0x38 contiki-sky.a(etimer.o)
 .text.etimer_set
                0x0000669a       0x12 contiki-sky.a(etimer.o)
                0x0000669a                etimer_set
 .text.etimer_reset
                0x000066ac       0x12 contiki-sky.a(etimer.o)
                0x000066ac                etimer_reset
 .text.etimer_restart
                0x000066be       0x12 contiki-sky.a(etimer.o)
                0x000066be                etimer_restart
 .text.etimer_expired
                0x000066d0        0xe contiki-sky.a(etimer.o)
                0x000066d0                etimer_expired
 .text.etimer_expiration_time
                0x000066de       0x14 contiki-sky.a(etimer.o)
                0x000066de                etimer_expiration_time
 .text.etimer_pending
                0x000066f2        0xe contiki-sky.a(etimer.o)
                0x000066f2                etimer_pending
 .text.etimer_next_expiration_time
                0x00006700       0x16 contiki-sky.a(etimer.o)
                0x00006700                etimer_next_expiration_time
 .text.etimer_stop
                0x00006716       0x3c contiki-sky.a(etimer.o)
                0x00006716                etimer_stop
 .text.process_thread_ctimer_process
                0x00006752       0xa4 contiki-sky.a(ctimer.o)
 .text.ctimer_init
                0x000067f6       0x18 contiki-sky.a(ctimer.o)
                0x000067f6                ctimer_init
 .text.ctimer_set
                0x0000680e       0x5a contiki-sky.a(ctimer.o)
                0x0000680e                ctimer_set
 .text.ctimer_reset
                0x00006868       0x3a contiki-sky.a(ctimer.o)
                0x00006868                ctimer_reset
 .text.ctimer_stop
                0x000068a2       0x28 contiki-sky.a(ctimer.o)
                0x000068a2                ctimer_stop
 .text.energest_init
                0x000068ca       0x2a contiki-sky.a(energest.o)
                0x000068ca                energest_init
 .text.energest_type_time
                0x000068f4       0x44 contiki-sky.a(energest.o)
                0x000068f4                energest_type_time
 .text.energest_type_set
                0x00006938        0xe contiki-sky.a(energest.o)
                0x00006938                energest_type_set
 .text.energest_flush
                0x00006946       0x4a contiki-sky.a(energest.o)
                0x00006946                energest_flush
 .text.rtimer_init
                0x00006990        0x6 contiki-sky.a(rtimer.o)
                0x00006990                rtimer_init
 .text.rtimer_run_next
                0x00006996       0x26 contiki-sky.a(rtimer.o)
                0x00006996                rtimer_run_next
 .text.random_init
                0x000069bc        0x6 contiki-sky.a(random.o)
                0x000069bc                random_init
 .text.random_rand
                0x000069c2        0x6 contiki-sky.a(random.o)
                0x000069c2                random_rand
 .text.packetbuf_copyto_hdr
                0x000069c8       0x1c contiki-sky.a(packetbuf.o)
                0x000069c8                packetbuf_copyto_hdr
 .text.packetbuf_copyto
                0x000069e4       0x52 contiki-sky.a(packetbuf.o)
                0x000069e4                packetbuf_copyto
 .text.packetbuf_hdrreduce
                0x00006a36       0x1a contiki-sky.a(packetbuf.o)
                0x00006a36                packetbuf_hdrreduce
 .text.packetbuf_set_datalen
                0x00006a50        0x6 contiki-sky.a(packetbuf.o)
                0x00006a50                packetbuf_set_datalen
 .text.packetbuf_dataptr
                0x00006a56        0xa contiki-sky.a(packetbuf.o)
                0x00006a56                packetbuf_dataptr
 .text.packetbuf_hdrptr
                0x00006a60        0xa contiki-sky.a(packetbuf.o)
                0x00006a60                packetbuf_hdrptr
 .text.packetbuf_is_reference
                0x00006a6a        0xe contiki-sky.a(packetbuf.o)
                0x00006a6a                packetbuf_is_reference
 .text.packetbuf_reference_ptr
                0x00006a78        0x6 contiki-sky.a(packetbuf.o)
                0x00006a78                packetbuf_reference_ptr
 .text.packetbuf_datalen
                0x00006a7e        0x6 contiki-sky.a(packetbuf.o)
                0x00006a7e                packetbuf_datalen
 .text.packetbuf_totlen
                0x00006a84       0x10 contiki-sky.a(packetbuf.o)
                0x00006a84                packetbuf_totlen
 .text.packetbuf_hdralloc
                0x00006a94       0x2e contiki-sky.a(packetbuf.o)
                0x00006a94                packetbuf_hdralloc
 .text.packetbuf_attr_clear
                0x00006ac2       0x32 contiki-sky.a(packetbuf.o)
                0x00006ac2                packetbuf_attr_clear
 .text.packetbuf_clear
                0x00006af4       0x20 contiki-sky.a(packetbuf.o)
                0x00006af4                packetbuf_clear
 .text.packetbuf_copyfrom
                0x00006b14       0x2e contiki-sky.a(packetbuf.o)
                0x00006b14                packetbuf_copyfrom
 .text.packetbuf_attr_copyto
                0x00006b42       0x22 contiki-sky.a(packetbuf.o)
                0x00006b42                packetbuf_attr_copyto
 .text.packetbuf_attr_copyfrom
                0x00006b64       0x24 contiki-sky.a(packetbuf.o)
                0x00006b64                packetbuf_attr_copyfrom
 .text.queuebuf_init
                0x00006b88       0x1a contiki-sky.a(queuebuf.o)
                0x00006b88                queuebuf_init
 .text.queuebuf_new_from_packetbuf
                0x00006ba2       0x80 contiki-sky.a(queuebuf.o)
                0x00006ba2                queuebuf_new_from_packetbuf
 .text.queuebuf_update_attr_from_packetbuf
                0x00006c22       0x12 contiki-sky.a(queuebuf.o)
                0x00006c22                queuebuf_update_attr_from_packetbuf
 .text.queuebuf_free
                0x00006c34       0x46 contiki-sky.a(queuebuf.o)
                0x00006c34                queuebuf_free
 .text.queuebuf_to_packetbuf
                0x00006c7a       0x70 contiki-sky.a(queuebuf.o)
                0x00006c7a                queuebuf_to_packetbuf
 .text.chksum   0x00006cea       0x34 contiki-sky.a(uip6.o)
 .text.upper_layer_chksum
                0x00006d1e       0x54 contiki-sky.a(uip6.o)
 .text.ext_hdr_options_process
                0x00006d72       0xe0 contiki-sky.a(uip6.o)
 .text.uip_icmp6chksum
                0x00006e52        0xa contiki-sky.a(uip6.o)
                0x00006e52                uip_icmp6chksum
 .text.uip_udpchksum
                0x00006e5c        0xa contiki-sky.a(uip6.o)
                0x00006e5c                uip_udpchksum
 .text.uip_init
                0x00006e66       0x32 contiki-sky.a(uip6.o)
                0x00006e66                uip_init
 .text.remove_ext_hdr
                0x00006e98       0x44 contiki-sky.a(uip6.o)
                0x00006e98                remove_ext_hdr
 .text.uip_udp_new
                0x00006edc       0xee contiki-sky.a(uip6.o)
                0x00006edc                uip_udp_new
 .text.uip_process
                0x00006fca      0x4fc contiki-sky.a(uip6.o)
                0x00006fca                uip_process
 .text.uip_htonl
                0x000074c6       0x3e contiki-sky.a(uip6.o)
                0x000074c6                uip_htonl
 .text.tcpip_output
                0x00007504       0x10 contiki-sky.a(tcpip.o)
                0x00007504                tcpip_output
 .text.tcpip_set_outputfunc
                0x00007514        0x6 contiki-sky.a(tcpip.o)
                0x00007514                tcpip_set_outputfunc
 .text.udp_new  0x0000751a       0x1a contiki-sky.a(tcpip.o)
                0x0000751a                udp_new
 .text.tcpip_input
                0x00007534       0x16 contiki-sky.a(tcpip.o)
                0x00007534                tcpip_input
 .text.tcpip_ipv6_output
                0x0000754a      0x144 contiki-sky.a(tcpip.o)
                0x0000754a                tcpip_ipv6_output
 .text.process_thread_tcpip_process
                0x0000768e       0xf8 contiki-sky.a(tcpip.o)
 .text.tcpip_uipcall
                0x00007786       0x2c contiki-sky.a(tcpip.o)
                0x00007786                tcpip_uipcall
 .text.uip_icmp6_echo_request_input
                0x000077b2      0x122 contiki-sky.a(uip-icmp6.o)
                0x000077b2                uip_icmp6_echo_request_input
 .text.uip_icmp6_error_output
                0x000078d4      0x16a contiki-sky.a(uip-icmp6.o)
                0x000078d4                uip_icmp6_error_output
 .text.uip_icmp6_send
                0x00007a3e       0x94 contiki-sky.a(uip-icmp6.o)
                0x00007a3e                uip_icmp6_send
 .text.create_llao
                0x00007ad2       0x2c contiki-sky.a(uip-nd6.o)
 .text.uip_nd6_ns_input
                0x00007afe      0x230 contiki-sky.a(uip-nd6.o)
                0x00007afe                uip_nd6_ns_input
 .text.uip_nd6_ns_output
                0x00007d2e      0x16c contiki-sky.a(uip-nd6.o)
                0x00007d2e                uip_nd6_ns_output
 .text.uip_nd6_na_input
                0x00007e9a      0x1b8 contiki-sky.a(uip-nd6.o)
                0x00007e9a                uip_nd6_na_input
 .text.set_packet_attrs
                0x00008052       0x44 contiki-sky.a(sicslowpan.o)
 .text.addr_context_lookup_by_number
                0x00008096       0x36 contiki-sky.a(sicslowpan.o)
 .text.compress_addr_64
                0x000080cc       0x92 contiki-sky.a(sicslowpan.o)
 .text.uncompress_addr
                0x0000815e       0xae contiki-sky.a(sicslowpan.o)
 .text.input    0x0000820c      0x604 contiki-sky.a(sicslowpan.o)
 .text.sicslowpan_init
                0x00008810       0x26 contiki-sky.a(sicslowpan.o)
                0x00008810                sicslowpan_init
 .text.addr_context_lookup_by_prefix
                0x00008836       0x4c contiki-sky.a(sicslowpan.o)
 .text.send_packet
                0x00008882       0x1a contiki-sky.a(sicslowpan.o)
 .text.output   0x0000889c      0x6b2 contiki-sky.a(sicslowpan.o)
 .text.packet_sent
                0x00008f4e       0x22 contiki-sky.a(sicslowpan.o)
 .text.neighbor_info_packet_sent
                0x00008f70       0xe8 contiki-sky.a(neighbor-info.o)
                0x00008f70                neighbor_info_packet_sent
 .text.neighbor_info_packet_received
                0x00009058       0x1a contiki-sky.a(neighbor-info.o)
                0x00009058                neighbor_info_packet_received
 .text.neighbor_info_subscribe
                0x00009072       0x28 contiki-sky.a(neighbor-info.o)
                0x00009072                neighbor_info_subscribe
 .text.uip_ds6_list_loop
                0x0000909a       0x82 contiki-sky.a(uip-ds6.o)
                0x0000909a                uip_ds6_list_loop
 .text.uip_ds6_nbr_rm
                0x0000911c        0xe contiki-sky.a(uip-ds6.o)
                0x0000911c                uip_ds6_nbr_rm
 .text.uip_ds6_nbr_add
                0x0000912a      0x116 contiki-sky.a(uip-ds6.o)
                0x0000912a                uip_ds6_nbr_add
 .text.uip_ds6_nbr_lookup
                0x00009240       0x3e contiki-sky.a(uip-ds6.o)
                0x00009240                uip_ds6_nbr_lookup
 .text.uip_ds6_defrt_add
                0x0000927e       0x82 contiki-sky.a(uip-ds6.o)
                0x0000927e                uip_ds6_defrt_add
 .text.uip_ds6_defrt_rm
                0x00009300        0xa contiki-sky.a(uip-ds6.o)
                0x00009300                uip_ds6_defrt_rm
 .text.uip_ds6_defrt_lookup
                0x0000930a       0x28 contiki-sky.a(uip-ds6.o)
                0x0000930a                uip_ds6_defrt_lookup
 .text.uip_ds6_defrt_choose
                0x00009332       0x4a contiki-sky.a(uip-ds6.o)
                0x00009332                uip_ds6_defrt_choose
 .text.uip_ds6_prefix_add
                0x0000937c       0x80 contiki-sky.a(uip-ds6.o)
                0x0000937c                uip_ds6_prefix_add
 .text.uip_ds6_is_addr_onlink
                0x000093fc       0x50 contiki-sky.a(uip-ds6.o)
                0x000093fc                uip_ds6_is_addr_onlink
 .text.uip_ds6_addr_lookup
                0x0000944c       0x2a contiki-sky.a(uip-ds6.o)
                0x0000944c                uip_ds6_addr_lookup
 .text.uip_ds6_get_link_local
                0x00009476       0x3e contiki-sky.a(uip-ds6.o)
                0x00009476                uip_ds6_get_link_local
 .text.uip_ds6_maddr_add
                0x000094b4       0x4c contiki-sky.a(uip-ds6.o)
                0x000094b4                uip_ds6_maddr_add
 .text.uip_ds6_addr_add
                0x00009500       0xca contiki-sky.a(uip-ds6.o)
                0x00009500                uip_ds6_addr_add
 .text.uip_ds6_maddr_lookup
                0x000095ca       0x2a contiki-sky.a(uip-ds6.o)
                0x000095ca                uip_ds6_maddr_lookup
 .text.uip_ds6_addr_rm
                0x000095f4       0x54 contiki-sky.a(uip-ds6.o)
                0x000095f4                uip_ds6_addr_rm
 .text.uip_ds6_periodic
                0x00009648      0x194 contiki-sky.a(uip-ds6.o)
                0x00009648                uip_ds6_periodic
 .text.uip_ds6_route_lookup
                0x000097dc       0x66 contiki-sky.a(uip-ds6.o)
                0x000097dc                uip_ds6_route_lookup
 .text.uip_ds6_route_add
                0x00009842       0x82 contiki-sky.a(uip-ds6.o)
                0x00009842                uip_ds6_route_add
 .text.uip_ds6_route_rm
                0x000098c4        0x6 contiki-sky.a(uip-ds6.o)
                0x000098c4                uip_ds6_route_rm
 .text.uip_ds6_route_rm_by_nexthop
                0x000098ca       0x42 contiki-sky.a(uip-ds6.o)
                0x000098ca                uip_ds6_route_rm_by_nexthop
 .text.uip_ds6_set_addr_iid
                0x0000990c       0x14 contiki-sky.a(uip-ds6.o)
                0x0000990c                uip_ds6_set_addr_iid
 .text.get_match_length
                0x00009920       0x46 contiki-sky.a(uip-ds6.o)
                0x00009920                get_match_length
 .text.uip_ds6_select_src
                0x00009966       0xaa contiki-sky.a(uip-ds6.o)
                0x00009966                uip_ds6_select_src
 .text.uip_ds6_compute_reachable_time
                0x00009a10       0x4a contiki-sky.a(uip-ds6.o)
                0x00009a10                uip_ds6_compute_reachable_time
 .text.uip_ds6_init
                0x00009a5a      0x17c contiki-sky.a(uip-ds6.o)
                0x00009a5a                uip_ds6_init
 .text.coap_set_service_callback
                0x00009bd6        0x6 contiki-sky.a(er-coap-12-engi)
                0x00009bd6                coap_set_service_callback
 .text.coap_get_rest_method
                0x00009bdc       0x14 contiki-sky.a(er-coap-12-engi)
                0x00009bdc                coap_get_rest_method
 .text.process_thread_coap_receiver
                0x00009bf0      0x3e4 contiki-sky.a(er-coap-12-engi)
 .text.coap_blocking_request_callback
                0x00009fd4        0xe contiki-sky.a(er-coap-12-engi)
                0x00009fd4                coap_blocking_request_callback
 .text.well_known_core_handler
                0x00009fe2      0x416 contiki-sky.a(er-coap-12-engi)
                0x00009fe2                well_known_core_handler
 .text.coap_receiver_init
                0x0000a3f8        0xc contiki-sky.a(er-coap-12-engi)
                0x0000a3f8                coap_receiver_init
 .text.coap_blocking_request
                0x0000a404      0x128 contiki-sky.a(er-coap-12-engi)
                0x0000a404                coap_blocking_request
 .text.coap_log_2
                0x0000a52c       0x1c contiki-sky.a(er-coap-12.o)
 .text.coap_parse_int_option
                0x0000a548       0x3a contiki-sky.a(er-coap-12.o)
 .text.coap_set_option_header
                0x0000a582       0x5c contiki-sky.a(er-coap-12.o)
 .text.coap_insert_option_jump
                0x0000a5de       0x6e contiki-sky.a(er-coap-12.o)
 .text.coap_serialize_int_option
                0x0000a64c       0xc4 contiki-sky.a(er-coap-12.o)
 .text.coap_serialize_array_option
                0x0000a710       0xe4 contiki-sky.a(er-coap-12.o)
 .text.coap_get_variable
                0x0000a7f4       0x94 contiki-sky.a(er-coap-12.o)
 .text.coap_merge_multi_option
                0x0000a888       0x3e contiki-sky.a(er-coap-12.o)
 .text.coap_init_connection
                0x0000a8c6       0x22 contiki-sky.a(er-coap-12.o)
                0x0000a8c6                coap_init_connection
 .text.coap_get_mid
                0x0000a8e8        0xc contiki-sky.a(er-coap-12.o)
                0x0000a8e8                coap_get_mid
 .text.coap_init_message
                0x0000a8f4       0x30 contiki-sky.a(er-coap-12.o)
                0x0000a8f4                coap_init_message
 .text.coap_serialize_message
                0x0000a924      0x4e0 contiki-sky.a(er-coap-12.o)
                0x0000a924                coap_serialize_message
 .text.coap_send_message
                0x0000ae04       0x4e contiki-sky.a(er-coap-12.o)
                0x0000ae04                coap_send_message
 .text.coap_parse_message
                0x0000ae52      0x496 contiki-sky.a(er-coap-12.o)
                0x0000ae52                coap_parse_message
 .text.coap_get_query_variable
                0x0000b2e8       0x1c contiki-sky.a(er-coap-12.o)
                0x0000b2e8                coap_get_query_variable
 .text.coap_get_post_variable
                0x0000b304       0x20 contiki-sky.a(er-coap-12.o)
                0x0000b304                coap_get_post_variable
 .text.coap_set_status_code
                0x0000b324       0x12 contiki-sky.a(er-coap-12.o)
                0x0000b324                coap_set_status_code
 .text.coap_get_header_content_type
                0x0000b336       0x14 contiki-sky.a(er-coap-12.o)
                0x0000b336                coap_get_header_content_type
 .text.coap_set_header_content_type
                0x0000b34a        0xe contiki-sky.a(er-coap-12.o)
                0x0000b34a                coap_set_header_content_type
 .text.coap_get_header_accept
                0x0000b358       0x1c contiki-sky.a(er-coap-12.o)
                0x0000b358                coap_get_header_accept
 .text.coap_get_header_max_age
                0x0000b374       0x26 contiki-sky.a(er-coap-12.o)
                0x0000b374                coap_get_header_max_age
 .text.coap_set_header_max_age
                0x0000b39a       0x12 contiki-sky.a(er-coap-12.o)
                0x0000b39a                coap_set_header_max_age
 .text.coap_set_header_etag
                0x0000b3ac       0x2a contiki-sky.a(er-coap-12.o)
                0x0000b3ac                coap_set_header_etag
 .text.coap_get_header_if_match
                0x0000b3d6       0x1c contiki-sky.a(er-coap-12.o)
                0x0000b3d6                coap_get_header_if_match
 .text.coap_get_header_if_none_match
                0x0000b3f2       0x12 contiki-sky.a(er-coap-12.o)
                0x0000b3f2                coap_get_header_if_none_match
 .text.coap_set_header_token
                0x0000b404       0x28 contiki-sky.a(er-coap-12.o)
                0x0000b404                coap_set_header_token
 .text.coap_get_header_uri_host
                0x0000b42c       0x18 contiki-sky.a(er-coap-12.o)
                0x0000b42c                coap_get_header_uri_host
 .text.coap_get_header_uri_path
                0x0000b444       0x18 contiki-sky.a(er-coap-12.o)
                0x0000b444                coap_get_header_uri_path
 .text.coap_set_header_uri_path
                0x0000b45c       0x2a contiki-sky.a(er-coap-12.o)
                0x0000b45c                coap_set_header_uri_path
 .text.coap_get_header_uri_query
                0x0000b486       0x16 contiki-sky.a(er-coap-12.o)
                0x0000b486                coap_get_header_uri_query
 .text.coap_set_header_location_query
                0x0000b49c       0x2c contiki-sky.a(er-coap-12.o)
                0x0000b49c                coap_set_header_location_query
 .text.coap_set_header_location_path
                0x0000b4c8       0x5e contiki-sky.a(er-coap-12.o)
                0x0000b4c8                coap_set_header_location_path
 .text.coap_set_header_observe
                0x0000b526        0xe contiki-sky.a(er-coap-12.o)
                0x0000b526                coap_set_header_observe
 .text.coap_get_header_block2
                0x0000b534       0x4c contiki-sky.a(er-coap-12.o)
                0x0000b534                coap_get_header_block2
 .text.coap_set_header_block2
                0x0000b580       0x40 contiki-sky.a(er-coap-12.o)
                0x0000b580                coap_set_header_block2
 .text.coap_get_header_size
                0x0000b5c0       0x1e contiki-sky.a(er-coap-12.o)
                0x0000b5c0                coap_get_header_size
 .text.coap_set_header_size
                0x0000b5de       0x12 contiki-sky.a(er-coap-12.o)
                0x0000b5de                coap_set_header_size
 .text.coap_get_payload
                0x0000b5f0       0x1a contiki-sky.a(er-coap-12.o)
                0x0000b5f0                coap_get_payload
 .text.coap_set_payload
                0x0000b60a       0x16 contiki-sky.a(er-coap-12.o)
                0x0000b60a                coap_set_payload
 .text.coap_register_as_transaction_handler
                0x0000b620        0x8 contiki-sky.a(er-coap-12-tran)
                0x0000b620                coap_register_as_transaction_handler
 .text.coap_new_transaction
                0x0000b628       0x4e contiki-sky.a(er-coap-12-tran)
                0x0000b628                coap_new_transaction
 .text.coap_clear_transaction
                0x0000b676       0x26 contiki-sky.a(er-coap-12-tran)
                0x0000b676                coap_clear_transaction
 .text.coap_send_transaction
                0x0000b69c       0xba contiki-sky.a(er-coap-12-tran)
                0x0000b69c                coap_send_transaction
 .text.coap_get_transaction_by_mid
                0x0000b756       0x1e contiki-sky.a(er-coap-12-tran)
                0x0000b756                coap_get_transaction_by_mid
 .text.coap_check_transactions
                0x0000b774       0x2e contiki-sky.a(er-coap-12-tran)
                0x0000b774                coap_check_transactions
 .text.coap_remove_observer
                0x0000b7a2       0x1c contiki-sky.a(er-coap-12-obse)
                0x0000b7a2                coap_remove_observer
 .text.coap_remove_observer_by_client
                0x0000b7be       0x4c contiki-sky.a(er-coap-12-obse)
                0x0000b7be                coap_remove_observer_by_client
 .text.coap_remove_observer_by_url
                0x0000b80a       0x7e contiki-sky.a(er-coap-12-obse)
                0x0000b80a                coap_remove_observer_by_url
 .text.coap_add_observer
                0x0000b888       0x80 contiki-sky.a(er-coap-12-obse)
                0x0000b888                coap_add_observer
 .text.coap_remove_observer_by_mid
                0x0000b908       0x58 contiki-sky.a(er-coap-12-obse)
                0x0000b908                coap_remove_observer_by_mid
 .text.coap_notify_observers
                0x0000b960       0xc4 contiki-sky.a(er-coap-12-obse)
                0x0000b960                coap_notify_observers
 .text.coap_observe_handler
                0x0000ba24       0x9e contiki-sky.a(er-coap-12-obse)
                0x0000ba24                coap_observe_handler
 .text.process_thread_rest_manager_process
                0x0000bac2       0xc4 contiki-sky.a(erbium.o)
 .text.rest_invoke_restful_service
                0x0000bb86      0x116 contiki-sky.a(erbium.o)
                0x0000bb86                rest_invoke_restful_service
 .text.rest_init_engine
                0x0000bc9c       0x26 contiki-sky.a(erbium.o)
                0x0000bc9c                rest_init_engine
 .text.rest_activate_resource
                0x0000bcc2       0x24 contiki-sky.a(erbium.o)
                0x0000bcc2                rest_activate_resource
 .text.rest_get_resources
                0x0000bce6        0x6 contiki-sky.a(erbium.o)
                0x0000bce6                rest_get_resources
 .text.init_platform
                0x0000bcec        0xc contiki-sky.a(contiki-sky-pla)
                0x0000bcec                init_platform
 .text.value    0x0000bcf8       0x1a contiki-sky.a(light-sensor.o)
 .text.status   0x0000bd12        0xc contiki-sky.a(light-sensor.o)
 .text.configure
                0x0000bd1e       0x10 contiki-sky.a(light-sensor.o)
 .text.status   0x0000bd2e       0x16 contiki-sky.a(button-sensor.o)
 .text.configure
                0x0000bd44       0x4a contiki-sky.a(button-sensor.o)
 .text.value    0x0000bd8e       0x26 contiki-sky.a(button-sensor.o)
 .text.irq_p2   0x0000bdb4       0x92 contiki-sky.a(button-sensor.o)
                0x0000bdb4                irq_p2
                0x0000bdb4                __isr_1
 .text.crc8_add
                0x0000be46       0x1a contiki-sky.a(ds2411.o)
 .text.owreadb  0x0000be60       0x56 contiki-sky.a(ds2411.o)
 .text.ds2411_init
                0x0000beb6      0x10a contiki-sky.a(ds2411.o)
                0x0000beb6                ds2411_init
 .text.wait_ready
                0x0000bfc0       0x4e contiki-sky.a(xmem.o)
 .text.xmem_init
                0x0000c00e       0x3c contiki-sky.a(xmem.o)
                0x0000c00e                xmem_init
 .text.xmem_pread
                0x0000c04a       0xdc contiki-sky.a(xmem.o)
                0x0000c04a                xmem_pread
 .text.node_id_restore
                0x0000c126       0x38 contiki-sky.a(node-id.o)
                0x0000c126                node_id_restore
 .text.get_sensor_index
                0x0000c15e       0x22 contiki-sky.a(sensors.o)
 .text.process_thread_sensors_process
                0x0000c180       0xc2 contiki-sky.a(sensors.o)
 .text.sensors_changed
                0x0000c242       0x14 contiki-sky.a(sensors.o)
                0x0000c242                sensors_changed
 .text.strobe   0x0000c256       0x1e contiki-sky.a(cc2420.o)
 .text.status   0x0000c274       0x24 contiki-sky.a(cc2420.o)
 .text.getreg   0x0000c298       0x50 contiki-sky.a(cc2420.o)
 .text.setreg   0x0000c2e8       0x48 contiki-sky.a(cc2420.o)
 .text.set_txpower
                0x0000c330       0x2a contiki-sky.a(cc2420.o)
 .text.cc2420_receiving_packet
                0x0000c35a       0x10 contiki-sky.a(cc2420.o)
 .text.pending_packet
                0x0000c36a        0x8 contiki-sky.a(cc2420.o)
 .text.on       0x0000c372       0x46 contiki-sky.a(cc2420.o)
 .text.flushrx  0x0000c3b8       0x74 contiki-sky.a(cc2420.o)
 .text.off      0x0000c42c       0x78 contiki-sky.a(cc2420.o)
 .text.RELEASE_LOCK
                0x0000c4a4       0x28 contiki-sky.a(cc2420.o)
 .text.cc2420_prepare
                0x0000c4cc       0x8a contiki-sky.a(cc2420.o)
 .text.cc2420_set_channel
                0x0000c556       0x7a contiki-sky.a(cc2420.o)
                0x0000c556                cc2420_set_channel
 .text.cc2420_on
                0x0000c5d0       0x22 contiki-sky.a(cc2420.o)
                0x0000c5d0                cc2420_on
 .text.cc2420_off
                0x0000c5f2       0x30 contiki-sky.a(cc2420.o)
                0x0000c5f2                cc2420_off
 .text.cc2420_cca
                0x0000c622       0x7a contiki-sky.a(cc2420.o)
 .text.getrxdata
                0x0000c69c       0x4e contiki-sky.a(cc2420.o)
 .text.cc2420_read
                0x0000c6ea      0x11a contiki-sky.a(cc2420.o)
 .text.process_thread_cc2420_process
                0x0000c804       0x50 contiki-sky.a(cc2420.o)
 .text.cc2420_set_pan_addr
                0x0000c854      0x13a contiki-sky.a(cc2420.o)
                0x0000c854                cc2420_set_pan_addr
 .text.cc2420_init
                0x0000c98e       0xd4 contiki-sky.a(cc2420.o)
                0x0000c98e                cc2420_init
 .text.cc2420_interrupt
                0x0000ca62       0x20 contiki-sky.a(cc2420.o)
                0x0000ca62                cc2420_interrupt
 .text.cc2420_set_txpower
                0x0000ca82        0xe contiki-sky.a(cc2420.o)
                0x0000ca82                cc2420_set_txpower
 .text.cc2420_get_txpower
                0x0000ca90       0x1e contiki-sky.a(cc2420.o)
                0x0000ca90                cc2420_get_txpower
 .text.cc2420_transmit
                0x0000caae      0x1ac contiki-sky.a(cc2420.o)
 .text.cc2420_send
                0x0000cc5a       0x12 contiki-sky.a(cc2420.o)
 .text.cc2420_port1_interrupt
                0x0000cc6c       0x6a contiki-sky.a(cc2420-arch.o)
                0x0000cc6c                __isr_4
                0x0000cc6c                cc2420_port1_interrupt
 .text.cc2420_arch_init
                0x0000ccd6       0x1a contiki-sky.a(cc2420-arch.o)
                0x0000ccd6                cc2420_arch_init
 .text.sky_sensors_status
                0x0000ccf0       0x3c contiki-sky.a(sky-sensors.o)
                0x0000ccf0                sky_sensors_status
 .text.sky_sensors_configure
                0x0000cd2c       0xf6 contiki-sky.a(sky-sensors.o)
                0x0000cd2c                sky_sensors_configure
 .text.uart1_active
                0x0000ce22       0x18 contiki-sky.a(uart1.o)
                0x0000ce22                uart1_active
 .text.uart1_writeb
                0x0000ce3a       0x1a contiki-sky.a(uart1.o)
                0x0000ce3a                uart1_writeb
 .text.uart1_init
                0x0000ce54       0xee contiki-sky.a(uart1.o)
                0x0000ce54                uart1_init
 .text.putchar  0x0000cf42        0xe contiki-sky.a(uart1-putchar.o)
                0x0000cf42                putchar
 .text.msp430_init_dco
                0x0000cf50       0x74 contiki-sky.a(msp430.o)
                0x0000cf50                msp430_init_dco
 .text.msp430_add_lpm_req
                0x0000cfc4        0xa contiki-sky.a(msp430.o)
                0x0000cfc4                msp430_add_lpm_req
 .text.msp430_cpu_init
                0x0000cfce       0x2a contiki-sky.a(msp430.o)
                0x0000cfce                msp430_cpu_init
 .text.splhigh_
                0x0000cff8        0x8 contiki-sky.a(msp430.o)
                0x0000cff8                splhigh_
 .text.msp430_sync_dco
                0x0000d000       0x60 contiki-sky.a(msp430.o)
                0x0000d000                msp430_sync_dco
 .text.timera1  0x0000d060       0xee contiki-sky.a(clock.o)
                0x0000d060                __isr_5
                0x0000d060                timera1
 .text.clock_time
                0x0000d14e       0x1a contiki-sky.a(clock.o)
                0x0000d14e                clock_time
 .text.clock_init
                0x0000d168       0x28 contiki-sky.a(clock.o)
                0x0000d168                clock_init
 .text.clock_delay
                0x0000d190        0xc contiki-sky.a(clock.o)
                0x0000d190                clock_delay
 .text.clock_seconds
                0x0000d19c       0x1a contiki-sky.a(clock.o)
                0x0000d19c                clock_seconds
 .text.show_leds
                0x0000d1b6      0x10c contiki-sky.a(leds.o)
 .text.leds_init
                0x0000d2c2        0xe contiki-sky.a(leds.o)
                0x0000d2c2                leds_init
 .text.leds_on  0x0000d2d0       0x14 contiki-sky.a(leds.o)
                0x0000d2d0                leds_on
 .text.leds_off
                0x0000d2e4       0x14 contiki-sky.a(leds.o)
                0x0000d2e4                leds_off
 .text.leds_arch_init
                0x0000d2f8        0xe contiki-sky.a(leds-arch.o)
                0x0000d2f8                leds_arch_init
 .text.leds_arch_set
                0x0000d306       0x3a contiki-sky.a(leds-arch.o)
                0x0000d306                leds_arch_set
 .text.watchdog_interrupt
                0x0000d340        0x6 contiki-sky.a(watchdog.o)
                0x0000d340                __isr_10
                0x0000d340                watchdog_interrupt
 .text.watchdog_start
                0x0000d346       0x14 contiki-sky.a(watchdog.o)
                0x0000d346                watchdog_start
 .text.watchdog_periodic
                0x0000d35a       0x12 contiki-sky.a(watchdog.o)
                0x0000d35a                watchdog_periodic
 .text.watchdog_stop
                0x0000d36c       0x16 contiki-sky.a(watchdog.o)
                0x0000d36c                watchdog_stop
 .text.watchdog_init
                0x0000d382       0x14 contiki-sky.a(watchdog.o)
                0x0000d382                watchdog_init
 .text.rtimer_arch_init
                0x0000d396        0xe contiki-sky.a(rtimer-arch.o)
                0x0000d396                rtimer_arch_init
 .text.rtimer_arch_now
                0x0000d3a4        0xe contiki-sky.a(rtimer-arch.o)
                0x0000d3a4                rtimer_arch_now
 .text.timera0  0x0000d3b2       0x76 contiki-sky.a(rtimer-arch.o)
                0x0000d3b2                __isr_6
                0x0000d3b2                timera0
 .text.rtimer_arch_schedule
                0x0000d428        0x6 contiki-sky.a(rtimer-arch.o)
                0x0000d428                rtimer_arch_schedule
 .text.field_len
                0x0000d42e       0x98 contiki-sky.a(frame802154.o)
 .text.frame802154_hdrlen
                0x0000d4c6       0x26 contiki-sky.a(frame802154.o)
                0x0000d4c6                frame802154_hdrlen
 .text.frame802154_create
                0x0000d4ec      0x16c contiki-sky.a(frame802154.o)
                0x0000d4ec                frame802154_create
 .text.frame802154_parse
                0x0000d658      0x1a0 contiki-sky.a(frame802154.o)
                0x0000d658                frame802154_parse
 .text.rpl_link_neighbor_callback
                0x0000d7f8       0x8a contiki-sky.a(rpl.o)
 .text.rpl_purge_routes
                0x0000d882       0x64 contiki-sky.a(rpl.o)
                0x0000d882                rpl_purge_routes
 .text.rpl_remove_routes
                0x0000d8e6       0x3e contiki-sky.a(rpl.o)
                0x0000d8e6                rpl_remove_routes
 .text.rpl_remove_routes_by_nexthop
                0x0000d924       0x44 contiki-sky.a(rpl.o)
                0x0000d924                rpl_remove_routes_by_nexthop
 .text.rpl_add_route
                0x0000d968       0x72 contiki-sky.a(rpl.o)
                0x0000d968                rpl_add_route
 .text.rpl_ipv6_neighbor_callback
                0x0000d9da       0x26 contiki-sky.a(rpl.o)
                0x0000d9da                rpl_ipv6_neighbor_callback
 .text.rpl_init
                0x0000da00       0x44 contiki-sky.a(rpl.o)
                0x0000da00                rpl_init
 .text.lollipop_greater_than
                0x0000da44       0x44 contiki-sky.a(rpl-dag.o)
 .text.find_parent_dag
                0x0000da88       0x5a contiki-sky.a(rpl-dag.o)
 .text.set_ip_from_prefix
                0x0000dae2       0x3a contiki-sky.a(rpl-dag.o)
 .text.check_prefix
                0x0000db1c       0x7c contiki-sky.a(rpl-dag.o)
 .text.rpl_set_default_route
                0x0000db98       0x5c contiki-sky.a(rpl-dag.o)
                0x0000db98                rpl_set_default_route
 .text.rpl_alloc_instance
                0x0000dbf4       0x2c contiki-sky.a(rpl-dag.o)
                0x0000dbf4                rpl_alloc_instance
 .text.rpl_add_parent
                0x0000dc20       0x76 contiki-sky.a(rpl-dag.o)
                0x0000dc20                rpl_add_parent
 .text.rpl_find_parent
                0x0000dc96       0x34 contiki-sky.a(rpl-dag.o)
                0x0000dc96                rpl_find_parent
 .text.rpl_find_parent_any_dag
                0x0000dcca       0x5a contiki-sky.a(rpl-dag.o)
                0x0000dcca                rpl_find_parent_any_dag
 .text.rpl_select_parent
                0x0000dd24       0x44 contiki-sky.a(rpl-dag.o)
                0x0000dd24                rpl_select_parent
 .text.rpl_select_dag
                0x0000dd68      0x1a2 contiki-sky.a(rpl-dag.o)
                0x0000dd68                rpl_select_dag
 .text.rpl_nullify_parent
                0x0000df0a       0x48 contiki-sky.a(rpl-dag.o)
                0x0000df0a                rpl_nullify_parent
 .text.rpl_remove_parent
                0x0000df52       0x26 contiki-sky.a(rpl-dag.o)
                0x0000df52                rpl_remove_parent
 .text.remove_parents.clone.1
                0x0000df78       0x26 contiki-sky.a(rpl-dag.o)
 .text.rpl_free_dag
                0x0000df9e       0x36 contiki-sky.a(rpl-dag.o)
                0x0000df9e                rpl_free_dag
 .text.rpl_free_instance
                0x0000dfd4       0x5c contiki-sky.a(rpl-dag.o)
                0x0000dfd4                rpl_free_instance
 .text.rpl_move_parent
                0x0000e030       0x72 contiki-sky.a(rpl-dag.o)
                0x0000e030                rpl_move_parent
 .text.rpl_get_any_dag
                0x0000e0a2       0x18 contiki-sky.a(rpl-dag.o)
                0x0000e0a2                rpl_get_any_dag
 .text.rpl_get_instance
                0x0000e0ba       0x16 contiki-sky.a(rpl-dag.o)
                0x0000e0ba                rpl_get_instance
 .text.get_dag  0x0000e0d0       0x5c contiki-sky.a(rpl-dag.o)
 .text.rpl_alloc_dag
                0x0000e12c       0x78 contiki-sky.a(rpl-dag.o)
                0x0000e12c                rpl_alloc_dag
 .text.rpl_find_of
                0x0000e1a4       0x10 contiki-sky.a(rpl-dag.o)
                0x0000e1a4                rpl_find_of
 .text.rpl_join_instance
                0x0000e1b4      0x140 contiki-sky.a(rpl-dag.o)
                0x0000e1b4                rpl_join_instance
 .text.rpl_local_repair
                0x0000e2f4       0x6a contiki-sky.a(rpl-dag.o)
                0x0000e2f4                rpl_local_repair
 .text.rpl_process_parent_event
                0x0000e35e       0x96 contiki-sky.a(rpl-dag.o)
                0x0000e35e                rpl_process_parent_event
 .text.rpl_recalculate_ranks
                0x0000e3f4       0x46 contiki-sky.a(rpl-dag.o)
                0x0000e3f4                rpl_recalculate_ranks
 .text.rpl_add_dag
                0x0000e43a      0x10e contiki-sky.a(rpl-dag.o)
                0x0000e43a                rpl_add_dag
 .text.rpl_process_dio
                0x0000e548      0x238 contiki-sky.a(rpl-dag.o)
                0x0000e548                rpl_process_dio
 .text.get32    0x0000e780       0x46 contiki-sky.a(rpl-icmp6.o)
 .text.set32    0x0000e7c6       0x3c contiki-sky.a(rpl-icmp6.o)
 .text.get16    0x0000e802        0xe contiki-sky.a(rpl-icmp6.o)
 .text.set16    0x0000e810       0x10 contiki-sky.a(rpl-icmp6.o)
 .text.dis_output
                0x0000e820       0x50 contiki-sky.a(rpl-icmp6.o)
                0x0000e820                dis_output
 .text.dio_output
                0x0000e870      0x28c contiki-sky.a(rpl-icmp6.o)
                0x0000e870                dio_output
 .text.dao_output
                0x0000eafc       0xfc contiki-sky.a(rpl-icmp6.o)
                0x0000eafc                dao_output
 .text.dao_ack_output
                0x0000ebf8       0x3c contiki-sky.a(rpl-icmp6.o)
                0x0000ebf8                dao_ack_output
 .text.uip_rpl_input
                0x0000ec34      0x51a contiki-sky.a(rpl-icmp6.o)
                0x0000ec34                uip_rpl_input
 .text.new_dio_interval
                0x0000f14e       0xb8 contiki-sky.a(rpl-timers.o)
 .text.handle_dao_timer
                0x0000f206       0x50 contiki-sky.a(rpl-timers.o)
 .text.handle_dio_timer
                0x0000f256       0x82 contiki-sky.a(rpl-timers.o)
 .text.handle_periodic_timer
                0x0000f2d8       0x2e contiki-sky.a(rpl-timers.o)
 .text.rpl_reset_periodic_timer
                0x0000f306       0x1e contiki-sky.a(rpl-timers.o)
                0x0000f306                rpl_reset_periodic_timer
 .text.rpl_reset_dio_timer
                0x0000f324       0x18 contiki-sky.a(rpl-timers.o)
                0x0000f324                rpl_reset_dio_timer
 .text.rpl_schedule_dao
                0x0000f33c       0x48 contiki-sky.a(rpl-timers.o)
                0x0000f33c                rpl_schedule_dao
 .text.calculate_path_metric
                0x0000f384       0x40 contiki-sky.a(rpl-of-etx.o)
 .text.reset    0x0000f3c4        0x2 contiki-sky.a(rpl-of-etx.o)
 .text.parent_state_callback
                0x0000f3c6        0x2 contiki-sky.a(rpl-of-etx.o)
 .text.calculate_rank
                0x0000f3c8       0x58 contiki-sky.a(rpl-of-etx.o)
 .text.best_dag
                0x0000f420       0x34 contiki-sky.a(rpl-of-etx.o)
 .text.best_parent
                0x0000f454       0x52 contiki-sky.a(rpl-of-etx.o)
 .text.update_metric_container
                0x0000f4a6       0x40 contiki-sky.a(rpl-of-etx.o)
 .text.rpl_verify_header
                0x0000f4e6       0x86 contiki-sky.a(rpl-ext-header.)
                0x0000f4e6                rpl_verify_header
 .text.rpl_update_header_empty
                0x0000f56c       0xb8 contiki-sky.a(rpl-ext-header.)
                0x0000f56c                rpl_update_header_empty
 .text.rpl_update_header_final
                0x0000f624       0x84 contiki-sky.a(rpl-ext-header.)
                0x0000f624                rpl_update_header_final
 .text.rpl_invert_header
                0x0000f6a8       0x5c contiki-sky.a(rpl-ext-header.)
                0x0000f6a8                rpl_invert_header
 .text.stimer_set
                0x0000f704       0x1c contiki-sky.a(stimer.o)
                0x0000f704                stimer_set
 .text.stimer_restart
                0x0000f720       0x14 contiki-sky.a(stimer.o)
                0x0000f720                stimer_restart
 .text.stimer_expired
                0x0000f734       0x42 contiki-sky.a(stimer.o)
                0x0000f734                stimer_expired
 .text.uip_udp_packet_send
                0x0000f776       0x2e contiki-sky.a(uip-udp-packet.)
                0x0000f776                uip_udp_packet_send
 .text.neighbor_addr_get
                0x0000f7a4       0x42 contiki-sky.a(neighbor-attr.o)
 .text.set_attr
                0x0000f7e6       0x4e contiki-sky.a(neighbor-attr.o)
 .text.neighbor_attr_register
                0x0000f834       0x34 contiki-sky.a(neighbor-attr.o)
                0x0000f834                neighbor_attr_register
 .text.neighbor_attr_has_neighbor
                0x0000f868       0x10 contiki-sky.a(neighbor-attr.o)
                0x0000f868                neighbor_attr_has_neighbor
 .text.neighbor_attr_add_neighbor
                0x0000f878       0x80 contiki-sky.a(neighbor-attr.o)
                0x0000f878                neighbor_attr_add_neighbor
 .text.neighbor_attr_get_data
                0x0000f8f8       0x2e contiki-sky.a(neighbor-attr.o)
                0x0000f8f8                neighbor_attr_get_data
 .text.neighbor_attr_set_data
                0x0000f926       0x66 contiki-sky.a(neighbor-attr.o)
                0x0000f926                neighbor_attr_set_data
 .text.spi_init
                0x0000f98c       0x32 contiki-sky.a(spi.o)
                0x0000f98c                spi_init
 .text.libgcc   0x0000f9be       0x20 /usr/lib/gcc/msp430/4.5.3/mmpy-16/libgcc.a(_mulsi3.o)
                0x0000f9be                __mulsi3
 .text.libgcc   0x0000f9de       0x1c /usr/lib/gcc/msp430/4.5.3/mmpy-16/libgcc.a(_udivmodhi4.o)
                0x0000f9de                __udivmodhi4
 .text.libgcc   0x0000f9fa       0x36 /usr/lib/gcc/msp430/4.5.3/mmpy-16/libgcc.a(_divmodhi4.o)
                0x0000f9fa                __divmodhi4
 .text.libgcc   0x0000fa30       0x2a /usr/lib/gcc/msp430/4.5.3/mmpy-16/libgcc.a(_udivmodsi4.o)
                0x0000fa30                __udivmodsi4
 .text.crt0     0x0000fa5a        0x2 /usr/lib/gcc/msp430/4.5.3/mmpy-16/libcrt0.a(_unexpected_.o)
                0x0000fa5a                _unexpected_

.rodata         0x0000fa5c        0x0
                0x0000fa5c                . = ALIGN (0x2)
 *(.rodata .rodata.* .gnu.linkonce.r.*)
                0x0000fa5c                . = ALIGN (0x2)
                0x0000fa5c                _etext = .

.data           0x00001100      0x13a load address 0x0000fa5c
                0x00001100                . = ALIGN (0x2)
                0x00001100                PROVIDE (__data_start, .)
 *(.data)
 .data          0x00001100        0xa coffee.co
                0x00001100                main_process
 .data          0x0000110a       0x1c obj_sky/ero2manager.o
                0x0000110a                resource_ero2heartbeat
                0x0000111c                ero2_process
 .data          0x00001126       0x36 obj_sky/ero2service.o
                0x00001126                resource_coffee
                0x00001138                resource_turnon
                0x0000114a                resource_turnoff
 .data          0x0000115c        0xa obj_sky/ero2client.o
                0x0000115c                ero2_client_process
 .data          0x00001166       0x18 contiki-sky.a(csma.o)
 .data          0x0000117e        0xa contiki-sky.a(etimer.o)
                0x0000117e                etimer_process
 .data          0x00001188        0xa contiki-sky.a(ctimer.o)
                0x00001188                ctimer_process
 .data          0x00001192       0x18 contiki-sky.a(queuebuf.o)
 .data          0x000011aa        0xa contiki-sky.a(tcpip.o)
                0x000011aa                tcpip_process
 .data          0x000011b4       0x10 contiki-sky.a(neighbor-info.o)
                0x000011b4                attr_etx
                0x000011bc                attr_timestamp
 .data          0x000011c4       0x1c contiki-sky.a(er-coap-12-engi)
                0x000011c4                coap_receiver
                0x000011ce                resource_well_known_core
 .data          0x000011e0        0x2 contiki-sky.a(er-coap-12.o)
                0x000011e0                coap_error_message
 .data          0x000011e2        0x8 contiki-sky.a(er-coap-12-tran)
 .data          0x000011ea        0x8 contiki-sky.a(er-coap-12-obse)
 .data          0x000011f2        0xa contiki-sky.a(erbium.o)
                0x000011f2                rest_manager_process
 .data          0x000011fc        0x4 contiki-sky.a(contiki-sky-pla)
                0x000011fc                sensors
 .data          0x00001200        0xa contiki-sky.a(sensors.o)
                0x00001200                sensors_process
 .data          0x0000120a        0xa contiki-sky.a(cc2420.o)
                0x0000120a                cc2420_process
 .data          0x00001214        0x2 contiki-sky.a(msp430.o)
 .data          0x00001216        0x8 contiki-sky.a(rpl-dag.o)
 .data          0x0000121e        0x1 contiki-sky.a(rpl-icmp6.o)
 *fill*         0x0000121f        0x1 00
 .data          0x00001220        0xe contiki-sky.a(rpl-of-etx.o)
                0x00001220                rpl_of_etx
 .data          0x0000122e        0x8 contiki-sky.a(neighbor-attr.o)
 .data          0x00001236        0x4 /usr/lib/gcc/msp430/4.5.3/../../../../msp430/lib/mmpy-16/libc.a(rand.o)
 *(SORT(.data.*))
                0x0000123a                . = ALIGN (0x2)
 *(.gnu.linkonce.d*)
                0x0000123a                . = ALIGN (0x2)
                0x0000123a                _edata = .
                0x0000fa5c                PROVIDE (__data_load_start, LOADADDR (.data))
                0x0000013a                PROVIDE (__data_size, SIZEOF (.data))

.bss            0x0000123a     0x1822 load address 0x0000fb96
                0x0000123a                PROVIDE (__bss_start, .)
 *(.bss)
 .bss           0x0000123a        0xc obj_sky/ero2manager.o
 .bss           0x00001246       0x86 obj_sky/ero2client.o
 .bss           0x000012cc        0x6 obj_sky/ero2registry.o
                0x000012cc                counter
 .bss           0x000012d2        0xc obj_sky/contiki-sky-main.o
 .bss           0x000012de        0x2 contiki-sky.a(framer-802154.o)
 .bss           0x000012e0       0x8a contiki-sky.a(csma.o)
 .bss           0x0000136a       0x42 contiki-sky.a(process.o)
                0x0000136a                process_list
                0x0000136c                process_current
 .bss           0x000013ac        0x6 contiki-sky.a(etimer.o)
 .bss           0x000013b2        0x4 contiki-sky.a(ctimer.o)
 .bss           0x000013b6        0x2 contiki-sky.a(rtimer.o)
 .bss           0x000013b8       0xba contiki-sky.a(packetbuf.o)
 .bss           0x00001472      0x3c6 contiki-sky.a(queuebuf.o)
 .bss           0x00001838        0xa contiki-sky.a(uip6.o)
                0x00001838                uip_ext_bitmap
                0x0000183a                uip_ext_len
                0x0000183c                uip_ext_opt_offset
 .bss           0x00001842        0xe contiki-sky.a(tcpip.o)
 .bss           0x00001850       0x10 contiki-sky.a(uip-icmp6.o)
 .bss           0x00001860        0xa contiki-sky.a(uip-nd6.o)
 .bss           0x0000186a      0x122 contiki-sky.a(sicslowpan.o)
 .bss           0x0000198c       0x3e contiki-sky.a(neighbor-info.o)
 .bss           0x000019ca       0x20 contiki-sky.a(uip-ds6.o)
 .bss           0x000019ea       0xf8 contiki-sky.a(er-coap-12-engi)
 .bss           0x00001ae2        0x6 contiki-sky.a(er-coap-12.o)
                0x00001ae2                coap_error_code
 .bss           0x00001ae8      0x162 contiki-sky.a(er-coap-12-tran)
 .bss           0x00001c4a       0x3e contiki-sky.a(er-coap-12-obse)
 .bss           0x00001c88        0x4 contiki-sky.a(erbium.o)
 .bss           0x00001c8c        0x8 contiki-sky.a(button-sensor.o)
 .bss           0x00001c94        0x2 contiki-sky.a(node-id.o)
                0x00001c94                node_id
 .bss           0x00001c96        0x6 contiki-sky.a(sensors.o)
 .bss           0x00001c9c        0xa contiki-sky.a(cc2420.o)
 .bss           0x00001ca6        0x4 contiki-sky.a(sky-sensors.o)
 .bss           0x00001caa       0x9a contiki-sky.a(uart1.o)
 .bss           0x00001d44        0xa contiki-sky.a(clock.o)
 .bss           0x00001d4e        0x2 contiki-sky.a(leds.o)
 .bss           0x00001d50        0x2 contiki-sky.a(watchdog.o)
 .bss           0x00001d52      0x230 contiki-sky.a(rpl-dag.o)
 .bss           0x00001f82       0x18 contiki-sky.a(rpl-timers.o)
 .bss           0x00001f9a       0xce contiki-sky.a(neighbor-attr.o)
 .bss           0x00002068        0x4 /usr/lib/gcc/msp430/4.5.3/../../../../msp430/lib/mmpy-16/libc.a(sprintf.o)
 *(SORT(.bss.*))
 *(COMMON)
 COMMON         0x0000206c       0x18 coffee.co
                0x0000206c                parent
                0x0000207e                ero2_state
                0x00002080                service_pointer
                0x00002082                current_parent
 COMMON         0x00002084       0x4e obj_sky/ero2service.o
                0x00002084                coffee_service
                0x0000209e                turnoff_service
                0x000020b8                turnon_service
 COMMON         0x000020d2        0x8 contiki-sky.a(rimeaddr.o)
                0x000020d2                rimeaddr_node_addr
 COMMON         0x000020da        0x1 contiki-sky.a(process.o)
                0x000020da                process_maxevents
 *fill*         0x000020db        0x1 00
 COMMON         0x000020dc       0x56 contiki-sky.a(energest.o)
                0x000020dc                energest_total_time
                0x0000210c                energest_total_count
                0x0000210e                energest_current_mode
                0x0000211a                energest_current_time
 COMMON         0x00002132       0x50 contiki-sky.a(packetbuf.o)
                0x00002132                packetbuf_addrs
                0x00002152                packetbuf_attrs
 COMMON         0x00002182      0x240 contiki-sky.a(uip6.o)
                0x00002182                uip_len
                0x00002184                uip_sappdata
                0x00002186                uip_lladdr
                0x0000218e                uip_aligned_buf
                0x0000227e                uip_flags
                0x00002280                uip_next_hdr
                0x00002282                uip_udp_conn
                0x00002284                uip_appdata
                0x00002286                uip_conn
                0x00002288                uip_slen
                0x0000228a                uip_udp_conns
 COMMON         0x000023c2        0x1 contiki-sky.a(tcpip.o)
                0x000023c2                tcpip_event
 *fill*         0x000023c3        0x1 00
 COMMON         0x000023c4        0x8 contiki-sky.a(sicslowpan.o)
                0x000023c4                frag_sender
 COMMON         0x000023cc      0x568 contiki-sky.a(uip-ds6.o)
                0x000023cc                uip_ds6_timer_ra
                0x000023d4                uip_ds6_if
                0x000024c0                uip_ds6_netif_addr_list_offset
                0x000024c1                uip_ds6_addr_size
                0x000024c2                uip_ds6_prefix_list
                0x0000251c                uip_ds6_timer_periodic
                0x00002528                uip_ds6_defrt_list
                0x00002560                uip_ds6_nbr_cache
                0x00002754                uip_ds6_routing_table
 COMMON         0x00002934        0x2 contiki-sky.a(contiki-sky-pla)
                0x00002934                sensors_flags
 COMMON         0x00002936        0x8 contiki-sky.a(ds2411.o)
                0x00002936                ds2411_id
 COMMON         0x0000293e        0x1 contiki-sky.a(sensors.o)
                0x0000293e                sensors_event
 *fill*         0x0000293f        0x1 00
 COMMON         0x00002940       0x14 contiki-sky.a(cc2420.o)
                0x00002940                cc2420_last_rssi
                0x00002942                cc2420_packets_read
                0x00002944                cc2420_packets_seen
                0x00002946                cc2420_sfd_start_time
                0x00002948                cc2420_time_of_departure
                0x0000294a                cc2420_time_of_arrival
                0x0000294c                cc2420_last_correlation
                0x0000294e                cc2420_authority_level_of_sender
                0x00002950                cc2420_sfd_counter
                0x00002952                cc2420_sfd_end_time
 COMMON         0x00002954        0x2 contiki-sky.a(msp430.o)
                0x00002954                msp430_dco_required
 COMMON         0x00002956       0x48 contiki-sky.a(rimestats.o)
                0x00002956                rimestats
 COMMON         0x0000299e       0xbe contiki-sky.a(rpl-dag.o)
                0x0000299e                default_instance
                0x000029a0                instance_table
                0x00002a5c                PROVIDE (__bss_end, .)
                0x00002a5c                _end = .
                0x00001822                PROVIDE (__bss_size, SIZEOF (.bss))

.noinit         0x00002a5c        0x0 load address 0x0000fb96
                0x00002a5c                PROVIDE (__noinit_start, .)
 *(.noinit)
 *(.noinit.*)
 *(COMMON)
                0x00002a5c                PROVIDE (__noinit_end, .)
                0x00002a5c                _end = .

.infomem        0x00001000        0x0
 *(.infomem)
                0x00001000                . = ALIGN (0x2)
 *(.infomem.*)

.infomemnobits  0x00001000        0x0
                0x00001000                . = ALIGN (0x2)
 *(.infomemnobits)
                0x00001000                . = ALIGN (0x2)
 *(.infomemnobits.*)

.vectors        0x0000ffe0       0x20
                0x0000ffe0                PROVIDE (__vectors_start, .)
 *(.vectors*)
 .vectors       0x0000ffe0       0x20 /usr/lib/gcc/msp430/4.5.3/mmpy-16/crt0ivtbl16.o
                0x0000ffe0                __ivtbl_16
                0x00010000                _vectors_end = .

.fartext        0x00000000        0x0
                0x00000000                . = ALIGN (0x2)
 *(.fartext)
                0x00000000                . = ALIGN (0x2)
 *(.fartext.*)
                0x00000000                _efartext = .

.profiler
 *(.profiler)

.stab
 *(.stab)

.stabstr
 *(.stabstr)

.stab.excl
 *(.stab.excl)

.stab.exclstr
 *(.stab.exclstr)

.stab.index
 *(.stab.index)

.stab.indexstr
 *(.stab.indexstr)

.comment
 *(.comment)

.debug
 *(.debug)

.line
 *(.line)

.debug_srcinfo
 *(.debug_srcinfo)

.debug_sfnames
 *(.debug_sfnames)

.debug_aranges  0x00000000      0x1f4
 *(.debug_aranges)
 .debug_aranges
                0x00000000       0x14 /usr/lib/gcc/msp430/4.5.3/mmpy-16/libgcc.a(_mulsi3.o)
 .debug_aranges
                0x00000014       0x14 /usr/lib/gcc/msp430/4.5.3/mmpy-16/libgcc.a(_udivmodhi4.o)
 .debug_aranges
                0x00000028       0x14 /usr/lib/gcc/msp430/4.5.3/mmpy-16/libgcc.a(_divmodhi4.o)
 .debug_aranges
                0x0000003c       0x14 /usr/lib/gcc/msp430/4.5.3/mmpy-16/libgcc.a(_udivmodsi4.o)
 .debug_aranges
                0x00000050       0x14 /usr/lib/gcc/msp430/4.5.3/../../../../msp430/lib/mmpy-16/libc.a(strchr.o)
 .debug_aranges
                0x00000064       0x14 /usr/lib/gcc/msp430/4.5.3/../../../../msp430/lib/mmpy-16/libc.a(memchr.o)
 .debug_aranges
                0x00000078       0x14 /usr/lib/gcc/msp430/4.5.3/../../../../msp430/lib/mmpy-16/libc.a(strcmp.o)
 .debug_aranges
                0x0000008c       0x14 /usr/lib/gcc/msp430/4.5.3/../../../../msp430/lib/mmpy-16/libc.a(strncmp.o)
 .debug_aranges
                0x000000a0       0x14 /usr/lib/gcc/msp430/4.5.3/../../../../msp430/lib/mmpy-16/libc.a(memcmp.o)
 .debug_aranges
                0x000000b4       0x14 /usr/lib/gcc/msp430/4.5.3/../../../../msp430/lib/mmpy-16/libc.a(strcpy.o)
 .debug_aranges
                0x000000c8       0x14 /usr/lib/gcc/msp430/4.5.3/../../../../msp430/lib/mmpy-16/libc.a(memcpy.o)
 .debug_aranges
                0x000000dc       0x14 /usr/lib/gcc/msp430/4.5.3/../../../../msp430/lib/mmpy-16/libc.a(memmove.o)
 .debug_aranges
                0x000000f0       0x14 /usr/lib/gcc/msp430/4.5.3/../../../../msp430/lib/mmpy-16/libc.a(memset.o)
 .debug_aranges
                0x00000104       0x14 /usr/lib/gcc/msp430/4.5.3/../../../../msp430/lib/mmpy-16/libc.a(strstr.o)
 .debug_aranges
                0x00000118       0x14 /usr/lib/gcc/msp430/4.5.3/../../../../msp430/lib/mmpy-16/libc.a(printf.o)
 .debug_aranges
                0x0000012c       0x14 /usr/lib/gcc/msp430/4.5.3/../../../../msp430/lib/mmpy-16/libc.a(sprintf.o)
 .debug_aranges
                0x00000140       0x14 /usr/lib/gcc/msp430/4.5.3/../../../../msp430/lib/mmpy-16/libc.a(vuprintf.o)
 .debug_aranges
                0x00000154       0x14 /usr/lib/gcc/msp430/4.5.3/../../../../msp430/lib/mmpy-16/libc.a(puts.o)
 .debug_aranges
                0x00000168       0x14 /usr/lib/gcc/msp430/4.5.3/../../../../msp430/lib/mmpy-16/libc.a(rand.o)
 .debug_aranges
                0x0000017c       0x14 /usr/lib/gcc/msp430/4.5.3/mmpy-16/libcrt0.a(__init_stack.o)
 .debug_aranges
                0x00000190       0x14 /usr/lib/gcc/msp430/4.5.3/mmpy-16/libcrt0.a(__low_level_init.o)
 .debug_aranges
                0x000001a4       0x14 /usr/lib/gcc/msp430/4.5.3/mmpy-16/libcrt0.a(_copy_data.o)
 .debug_aranges
                0x000001b8       0x14 /usr/lib/gcc/msp430/4.5.3/mmpy-16/libcrt0.a(_clear_bss.o)
 .debug_aranges
                0x000001cc       0x14 /usr/lib/gcc/msp430/4.5.3/mmpy-16/libcrt0.a(_endless_loop__.o)
 .debug_aranges
                0x000001e0       0x14 /usr/lib/gcc/msp430/4.5.3/mmpy-16/libcrt0.a(_unexpected_.o)

.debug_pubnames
                0x00000000      0x1fd
 *(.debug_pubnames)
 .debug_pubnames
                0x00000000       0x1d /usr/lib/gcc/msp430/4.5.3/../../../../msp430/lib/mmpy-16/libc.a(strchr.o)
 .debug_pubnames
                0x0000001d       0x1d /usr/lib/gcc/msp430/4.5.3/../../../../msp430/lib/mmpy-16/libc.a(memchr.o)
 .debug_pubnames
                0x0000003a       0x1d /usr/lib/gcc/msp430/4.5.3/../../../../msp430/lib/mmpy-16/libc.a(strcmp.o)
 .debug_pubnames
                0x00000057       0x1e /usr/lib/gcc/msp430/4.5.3/../../../../msp430/lib/mmpy-16/libc.a(strncmp.o)
 .debug_pubnames
                0x00000075       0x1d /usr/lib/gcc/msp430/4.5.3/../../../../msp430/lib/mmpy-16/libc.a(memcmp.o)
 .debug_pubnames
                0x00000092       0x1d /usr/lib/gcc/msp430/4.5.3/../../../../msp430/lib/mmpy-16/libc.a(strcpy.o)
 .debug_pubnames
                0x000000af       0x1d /usr/lib/gcc/msp430/4.5.3/../../../../msp430/lib/mmpy-16/libc.a(memcpy.o)
 .debug_pubnames
                0x000000cc       0x1e /usr/lib/gcc/msp430/4.5.3/../../../../msp430/lib/mmpy-16/libc.a(memmove.o)
 .debug_pubnames
                0x000000ea       0x1d /usr/lib/gcc/msp430/4.5.3/../../../../msp430/lib/mmpy-16/libc.a(memset.o)
 .debug_pubnames
                0x00000107       0x1d /usr/lib/gcc/msp430/4.5.3/../../../../msp430/lib/mmpy-16/libc.a(strstr.o)
 .debug_pubnames
                0x00000124       0x29 /usr/lib/gcc/msp430/4.5.3/../../../../msp430/lib/mmpy-16/libc.a(printf.o)
 .debug_pubnames
                0x0000014d       0x46 /usr/lib/gcc/msp430/4.5.3/../../../../msp430/lib/mmpy-16/libc.a(sprintf.o)
 .debug_pubnames
                0x00000193       0x1f /usr/lib/gcc/msp430/4.5.3/../../../../msp430/lib/mmpy-16/libc.a(vuprintf.o)
 .debug_pubnames
                0x000001b2       0x1b /usr/lib/gcc/msp430/4.5.3/../../../../msp430/lib/mmpy-16/libc.a(puts.o)
 .debug_pubnames
                0x000001cd       0x30 /usr/lib/gcc/msp430/4.5.3/../../../../msp430/lib/mmpy-16/libc.a(rand.o)

.debug_info     0x00000000     0x192c
 *(.debug_info)
 .debug_info    0x00000000       0xd7 /usr/lib/gcc/msp430/4.5.3/mmpy-16/libgcc.a(_mulsi3.o)
 .debug_info    0x000000d7       0xd7 /usr/lib/gcc/msp430/4.5.3/mmpy-16/libgcc.a(_udivmodhi4.o)
 .debug_info    0x000001ae       0xd7 /usr/lib/gcc/msp430/4.5.3/mmpy-16/libgcc.a(_divmodhi4.o)
 .debug_info    0x00000285       0xd7 /usr/lib/gcc/msp430/4.5.3/mmpy-16/libgcc.a(_udivmodsi4.o)
 .debug_info    0x0000035c       0xa7 /usr/lib/gcc/msp430/4.5.3/../../../../msp430/lib/mmpy-16/libc.a(strchr.o)
 .debug_info    0x00000403       0xd8 /usr/lib/gcc/msp430/4.5.3/../../../../msp430/lib/mmpy-16/libc.a(memchr.o)
 .debug_info    0x000004db       0xa4 /usr/lib/gcc/msp430/4.5.3/../../../../msp430/lib/mmpy-16/libc.a(strcmp.o)
 .debug_info    0x0000057f       0xbd /usr/lib/gcc/msp430/4.5.3/../../../../msp430/lib/mmpy-16/libc.a(strncmp.o)
 .debug_info    0x0000063c       0xe2 /usr/lib/gcc/msp430/4.5.3/../../../../msp430/lib/mmpy-16/libc.a(memcmp.o)
 .debug_info    0x0000071e       0xb8 /usr/lib/gcc/msp430/4.5.3/../../../../msp430/lib/mmpy-16/libc.a(strcpy.o)
 .debug_info    0x000007d6      0x113 /usr/lib/gcc/msp430/4.5.3/../../../../msp430/lib/mmpy-16/libc.a(memcpy.o)
 .debug_info    0x000008e9      0x113 /usr/lib/gcc/msp430/4.5.3/../../../../msp430/lib/mmpy-16/libc.a(memmove.o)
 .debug_info    0x000009fc       0xfe /usr/lib/gcc/msp430/4.5.3/../../../../msp430/lib/mmpy-16/libc.a(memset.o)
 .debug_info    0x00000afa       0xe0 /usr/lib/gcc/msp430/4.5.3/../../../../msp430/lib/mmpy-16/libc.a(strstr.o)
 .debug_info    0x00000bda      0x103 /usr/lib/gcc/msp430/4.5.3/../../../../msp430/lib/mmpy-16/libc.a(printf.o)
 .debug_info    0x00000cdd      0x277 /usr/lib/gcc/msp430/4.5.3/../../../../msp430/lib/mmpy-16/libc.a(sprintf.o)
 .debug_info    0x00000f54      0x3b5 /usr/lib/gcc/msp430/4.5.3/../../../../msp430/lib/mmpy-16/libc.a(vuprintf.o)
 .debug_info    0x00001309       0x96 /usr/lib/gcc/msp430/4.5.3/../../../../msp430/lib/mmpy-16/libc.a(puts.o)
 .debug_info    0x0000139f      0x137 /usr/lib/gcc/msp430/4.5.3/../../../../msp430/lib/mmpy-16/libc.a(rand.o)
 .debug_info    0x000014d6       0xb9 /usr/lib/gcc/msp430/4.5.3/mmpy-16/libcrt0.a(__init_stack.o)
 .debug_info    0x0000158f       0xb9 /usr/lib/gcc/msp430/4.5.3/mmpy-16/libcrt0.a(__low_level_init.o)
 .debug_info    0x00001648       0xb9 /usr/lib/gcc/msp430/4.5.3/mmpy-16/libcrt0.a(_copy_data.o)
 .debug_info    0x00001701       0xb9 /usr/lib/gcc/msp430/4.5.3/mmpy-16/libcrt0.a(_clear_bss.o)
 .debug_info    0x000017ba       0xb9 /usr/lib/gcc/msp430/4.5.3/mmpy-16/libcrt0.a(_endless_loop__.o)
 .debug_info    0x00001873       0xb9 /usr/lib/gcc/msp430/4.5.3/mmpy-16/libcrt0.a(_unexpected_.o)
 *(.gnu.linkonce.wi.*)

.debug_abbrev   0x00000000      0xace
 *(.debug_abbrev)
 .debug_abbrev  0x00000000       0x14 /usr/lib/gcc/msp430/4.5.3/mmpy-16/libgcc.a(_mulsi3.o)
 .debug_abbrev  0x00000014       0x14 /usr/lib/gcc/msp430/4.5.3/mmpy-16/libgcc.a(_udivmodhi4.o)
 .debug_abbrev  0x00000028       0x14 /usr/lib/gcc/msp430/4.5.3/mmpy-16/libgcc.a(_divmodhi4.o)
 .debug_abbrev  0x0000003c       0x14 /usr/lib/gcc/msp430/4.5.3/mmpy-16/libgcc.a(_udivmodsi4.o)
 .debug_abbrev  0x00000050       0x6f /usr/lib/gcc/msp430/4.5.3/../../../../msp430/lib/mmpy-16/libc.a(strchr.o)
 .debug_abbrev  0x000000bf       0xa2 /usr/lib/gcc/msp430/4.5.3/../../../../msp430/lib/mmpy-16/libc.a(memchr.o)
 .debug_abbrev  0x00000161       0x60 /usr/lib/gcc/msp430/4.5.3/../../../../msp430/lib/mmpy-16/libc.a(strcmp.o)
 .debug_abbrev  0x000001c1       0x6d /usr/lib/gcc/msp430/4.5.3/../../../../msp430/lib/mmpy-16/libc.a(strncmp.o)
 .debug_abbrev  0x0000022e       0x8a /usr/lib/gcc/msp430/4.5.3/../../../../msp430/lib/mmpy-16/libc.a(memcmp.o)
 .debug_abbrev  0x000002b8       0x7e /usr/lib/gcc/msp430/4.5.3/../../../../msp430/lib/mmpy-16/libc.a(strcpy.o)
 .debug_abbrev  0x00000336       0x97 /usr/lib/gcc/msp430/4.5.3/../../../../msp430/lib/mmpy-16/libc.a(memcpy.o)
 .debug_abbrev  0x000003cd       0x97 /usr/lib/gcc/msp430/4.5.3/../../../../msp430/lib/mmpy-16/libc.a(memmove.o)
 .debug_abbrev  0x00000464       0x8d /usr/lib/gcc/msp430/4.5.3/../../../../msp430/lib/mmpy-16/libc.a(memset.o)
 .debug_abbrev  0x000004f1       0x8b /usr/lib/gcc/msp430/4.5.3/../../../../msp430/lib/mmpy-16/libc.a(strstr.o)
 .debug_abbrev  0x0000057c       0xce /usr/lib/gcc/msp430/4.5.3/../../../../msp430/lib/mmpy-16/libc.a(printf.o)
 .debug_abbrev  0x0000064a      0x105 /usr/lib/gcc/msp430/4.5.3/../../../../msp430/lib/mmpy-16/libc.a(sprintf.o)
 .debug_abbrev  0x0000074f      0x1cb /usr/lib/gcc/msp430/4.5.3/../../../../msp430/lib/mmpy-16/libc.a(vuprintf.o)
 .debug_abbrev  0x0000091a       0x60 /usr/lib/gcc/msp430/4.5.3/../../../../msp430/lib/mmpy-16/libc.a(puts.o)
 .debug_abbrev  0x0000097a       0xdc /usr/lib/gcc/msp430/4.5.3/../../../../msp430/lib/mmpy-16/libc.a(rand.o)
 .debug_abbrev  0x00000a56       0x14 /usr/lib/gcc/msp430/4.5.3/mmpy-16/libcrt0.a(__init_stack.o)
 .debug_abbrev  0x00000a6a       0x14 /usr/lib/gcc/msp430/4.5.3/mmpy-16/libcrt0.a(__low_level_init.o)
 .debug_abbrev  0x00000a7e       0x14 /usr/lib/gcc/msp430/4.5.3/mmpy-16/libcrt0.a(_copy_data.o)