Archive member included because of file (symbol)

contiki-sky.a(rimeaddr.o)     obj_sky/contiki-sky-main.o (rimeaddr_copy)
contiki-sky.a(nullrdc.o)      obj_sky/contiki-sky-main.o (nullrdc_driver)
contiki-sky.a(mac.o)          contiki-sky.a(nullrdc.o) (mac_call_sent_callback)
contiki-sky.a(framer-802154.o)
                              contiki-sky.a(nullrdc.o) (framer_802154)
contiki-sky.a(csma.o)         obj_sky/contiki-sky-main.o (csma_driver)
contiki-sky.a(process.o)      obj_sky/contiki-sky-main.o (process_init)
contiki-sky.a(autostart.o)    obj_sky/contiki-sky-main.o (autostart_start)
contiki-sky.a(memb.o)         contiki-sky.a(csma.o) (memb_init)
contiki-sky.a(timer.o)        obj_sky/contiki-sky-main.o (timer_set)
contiki-sky.a(list.o)         obj_sky/ero2registry.o (list_init)
contiki-sky.a(etimer.o)       obj_sky/contiki-sky-main.o (etimer_process)
contiki-sky.a(ctimer.o)       obj_sky/contiki-sky-main.o (ctimer_init)
contiki-sky.a(energest.o)     obj_sky/contiki-sky-main.o (energest_init)
contiki-sky.a(rtimer.o)       obj_sky/contiki-sky-main.o (rtimer_init)
contiki-sky.a(random.o)       obj_sky/contiki-sky-main.o (random_init)
contiki-sky.a(packetbuf.o)    contiki-sky.a(framer-802154.o) (packetbuf_hdrreduce)
contiki-sky.a(queuebuf.o)     obj_sky/contiki-sky-main.o (queuebuf_init)
contiki-sky.a(uip6.o)         obj_sky/contiki-sky-main.o (uip_lladdr)
contiki-sky.a(tcpip.o)        obj_sky/contiki-sky-main.o (tcpip_process)
contiki-sky.a(uip-icmp6.o)    contiki-sky.a(uip6.o) (uip_icmp6_echo_request_input)
contiki-sky.a(uip-nd6.o)      contiki-sky.a(uip6.o) (uip_nd6_ns_input)
contiki-sky.a(sicslowpan.o)   obj_sky/contiki-sky-main.o (sicslowpan_driver)
contiki-sky.a(neighbor-info.o)
                              contiki-sky.a(sicslowpan.o) (neighbor_info_packet_sent)
contiki-sky.a(uip-ds6.o)      contiki-sky.a(tcpip.o) (uip_ds6_nbr_add)
contiki-sky.a(er-coap-12-engi)
                              obj_sky/ero2client.o (coap_receiver_init)
contiki-sky.a(er-coap-12.o)   contiki-sky.a(er-coap-12-engi) (coap_init_connection)
contiki-sky.a(er-coap-12-tran)
                              contiki-sky.a(er-coap-12-engi) (coap_register_as_transaction_handler)
contiki-sky.a(er-coap-12-obse)
                              contiki-sky.a(er-coap-12-tran) (coap_remove_observer_by_client)
contiki-sky.a(erbium.o)       obj_sky/ero2manager.o (rest_init_engine)
contiki-sky.a(contiki-sky-pla)
                              obj_sky/contiki-sky-main.o (init_platform)
contiki-sky.a(sht11-sensor.o)
                              obj_sky/ero2manager.o (sht11_sensor)
contiki-sky.a(light-sensor.o)
                              obj_sky/ero2manager.o (light_sensor)
contiki-sky.a(battery-sensor.)
                              obj_sky/ero2manager.o (battery_sensor)
contiki-sky.a(button-sensor.o)
                              contiki-sky.a(contiki-sky-pla) (button_sensor)
contiki-sky.a(ds2411.o)       obj_sky/contiki-sky-main.o (ds2411_init)
contiki-sky.a(xmem.o)         obj_sky/contiki-sky-main.o (xmem_init)
contiki-sky.a(node-id.o)      obj_sky/contiki-sky-main.o (node_id_restore)
contiki-sky.a(sensors.o)      contiki-sky.a(button-sensor.o) (sensors_changed)
contiki-sky.a(cc2420.o)       obj_sky/contiki-sky-main.o (cc2420_set_channel)
contiki-sky.a(cc2420-arch.o)  contiki-sky.a(cc2420.o) (cc2420_arch_init)
contiki-sky.a(sky-sensors.o)  contiki-sky.a(light-sensor.o) (sky_sensors_status)
contiki-sky.a(uart1.o)        obj_sky/contiki-sky-main.o (uart1_active)
contiki-sky.a(uart1-putchar.o)
                              obj_sky/contiki-sky-main.o (putchar)
contiki-sky.a(msp430.o)       contiki-sky.a(uart1.o) (msp430_add_lpm_req)
contiki-sky.a(clock.o)        contiki-sky.a(timer.o) (clock_time)
contiki-sky.a(leds.o)         obj_sky/contiki-sky-main.o (leds_init)
contiki-sky.a(leds-arch.o)    contiki-sky.a(leds.o) (leds_arch_init)
contiki-sky.a(watchdog.o)     obj_sky/contiki-sky-main.o (watchdog_start)
contiki-sky.a(rtimer-arch.o)  contiki-sky.a(rtimer.o) (rtimer_arch_init)
contiki-sky.a(rimestats.o)    contiki-sky.a(cc2420.o) (rimestats)
contiki-sky.a(frame802154.o)  contiki-sky.a(framer-802154.o) (frame802154_hdrlen)
contiki-sky.a(rpl.o)          contiki-sky.a(uip-ds6.o) (rpl_ipv6_neighbor_callback)
contiki-sky.a(rpl-dag.o)      contiki-sky.a(rpl.o) (instance_table)
contiki-sky.a(rpl-icmp6.o)    contiki-sky.a(rpl-dag.o) (dao_output)
contiki-sky.a(rpl-timers.o)   contiki-sky.a(rpl.o) (rpl_reset_periodic_timer)
contiki-sky.a(rpl-of-etx.o)   contiki-sky.a(rpl-dag.o) (rpl_of_etx)
contiki-sky.a(rpl-ext-header.)
                              contiki-sky.a(uip6.o) (rpl_verify_header)
contiki-sky.a(stimer.o)       contiki-sky.a(tcpip.o) (stimer_set)
contiki-sky.a(uip-udp-packet.)
                              contiki-sky.a(er-coap-12.o) (uip_udp_packet_send)
contiki-sky.a(neighbor-attr.o)
                              contiki-sky.a(neighbor-info.o) (neighbor_attr_register)
contiki-sky.a(sht11.o)        contiki-sky.a(sht11-sensor.o) (sht11_init)
[...]
Memory Configuration

Name             Origin             Length             Attributes
sfr              0x0000000000000000 0x0000000000000010
peripheral_8bit  0x0000000000000010 0x00000000000000f0
peripheral_16bit 0x0000000000000100 0x0000000000000100
ram_mirror       0x0000000000000200 0x0000000000000800 xw
infomem          0x0000000000001000 0x0000000000000100
infob            0x0000000000001000 0x0000000000000080
infoa            0x0000000000001080 0x0000000000000080
ram              0x0000000000001100 0x0000000000002800 xw
rom              0x0000000000004000 0x000000000000bfe0 xr
vectors          0x000000000000ffe0 0x0000000000000020
bsl              0x0000000000000000 0x0000000000000000
infoc            0x0000000000000000 0x0000000000000000
infod            0x0000000000000000 0x0000000000000000
ram2             0x0000000000000000 0x0000000000000000 xw
usbram           0x0000000000000000 0x0000000000000000 xw
far_rom          0x0000000000000000 0x0000000000000000
*default*        0x0000000000000000 0xffffffffffffffff

Linker script and memory map

LOAD /usr/lib/gcc/msp430/4.6.3/mmpy-16/crt0ivtbl16.o
LOAD curtain.co
LOAD obj_sky/ero2manager.o
LOAD obj_sky/ero2service.o
LOAD obj_sky/ero2client.o
LOAD obj_sky/ero2registry.o
LOAD obj_sky/contiki-sky-main.o
LOAD contiki-sky.a
LOAD /usr/lib/gcc/msp430/4.6.3/mmpy-16/libgcc.a
LOAD /usr/lib/gcc/msp430/4.6.3/../../../../msp430/lib/mmpy-16/libc.a
LOAD /usr/lib/gcc/msp430/4.6.3/mmpy-16/libgcc.a
LOAD /usr/lib/gcc/msp430/4.6.3/mmpy-16/libcrt0.a
                0x0000000000000080                PROVIDE (__info_segment_size, 0x80)
                0x0000000000001000                PROVIDE (__infob, 0x1000)
                0x0000000000001080                PROVIDE (__infoa, 0x1080)
                0x0000000000000000                __IE1 = 0x0
                0x0000000000000002                __IFG1 = 0x2
                0x0000000000000004                __ME1 = 0x4
                0x0000000000000001                __IE2 = 0x1
                0x0000000000000003                __IFG2 = 0x3
                0x0000000000000005                __ME2 = 0x5
                0x0000000000000120                __WDTCTL = 0x120
                0x0000000000000130                __MPY = 0x130
                0x0000000000000132                __MPYS = 0x132
                0x0000000000000134                __MAC = 0x134
                0x0000000000000136                __MACS = 0x136
                0x0000000000000138                __OP2 = 0x138
                0x000000000000013a                __RESLO = 0x13a
                0x000000000000013c                __RESHI = 0x13c
                0x000000000000013e                __SUMEXT = 0x13e
                0x0000000000000020                __P1IN = 0x20
                0x0000000000000021                __P1OUT = 0x21
                0x0000000000000022                __P1DIR = 0x22
                0x0000000000000023                __P1IFG = 0x23
                0x0000000000000024                __P1IES = 0x24
                0x0000000000000025                __P1IE = 0x25
                0x0000000000000026                __P1SEL = 0x26
                0x0000000000000028                __P2IN = 0x28
                0x0000000000000029                __P2OUT = 0x29
                0x000000000000002a                __P2DIR = 0x2a
                0x000000000000002b                __P2IFG = 0x2b
                0x000000000000002c                __P2IES = 0x2c
                0x000000000000002d                __P2IE = 0x2d
                0x000000000000002e                __P2SEL = 0x2e
                0x0000000000000018                __P3IN = 0x18
                0x0000000000000019                __P3OUT = 0x19
                0x000000000000001a                __P3DIR = 0x1a
                0x000000000000001b                __P3SEL = 0x1b
                0x000000000000001c                __P4IN = 0x1c
                0x000000000000001d                __P4OUT = 0x1d
                0x000000000000001e                __P4DIR = 0x1e
                0x000000000000001f                __P4SEL = 0x1f
                0x0000000000000030                __P5IN = 0x30
                0x0000000000000031                __P5OUT = 0x31
                0x0000000000000032                __P5DIR = 0x32
                0x0000000000000033                __P5SEL = 0x33
                0x0000000000000034                __P6IN = 0x34
                0x0000000000000035                __P6OUT = 0x35
                0x0000000000000036                __P6DIR = 0x36
                0x0000000000000037                __P6SEL = 0x37
                0x0000000000000070                __U0CTL = 0x70
                0x0000000000000071                __U0TCTL = 0x71
                0x0000000000000072                __U0RCTL = 0x72
                0x0000000000000073                __U0MCTL = 0x73
                0x0000000000000074                __U0BR0 = 0x74
                0x0000000000000075                __U0BR1 = 0x75
                0x0000000000000076                __U0RXBUF = 0x76
                0x0000000000000077                __U0TXBUF = 0x77
                0x0000000000000078                __U1CTL = 0x78
                0x0000000000000079                __U1TCTL = 0x79
                0x000000000000007a                __U1RCTL = 0x7a
                0x000000000000007b                __U1MCTL = 0x7b
                0x000000000000007c                __U1BR0 = 0x7c
                0x000000000000007d                __U1BR1 = 0x7d
                0x000000000000007e                __U1RXBUF = 0x7e
                0x000000000000007f                __U1TXBUF = 0x7f
                0x0000000000000050                __I2CIE = 0x50
                0x0000000000000051                __I2CIFG = 0x51
                0x0000000000000052                __I2CNDAT = 0x52
                0x0000000000000071                __I2CTCTL = 0x71
                0x0000000000000072                __I2CDCTL = 0x72
                0x0000000000000073                __I2CPSC = 0x73
                0x0000000000000074                __I2CSCLH = 0x74
                0x0000000000000075                __I2CSCLL = 0x75
                0x0000000000000076                __I2CDRB = 0x76
                0x0000000000000076                __I2CDRW = 0x76
                0x0000000000000118                __I2COA = 0x118
                0x000000000000011a                __I2CSA = 0x11a
                0x000000000000011c                __I2CIV = 0x11c
                0x000000000000012e                __TAIV = 0x12e
                0x0000000000000160                __TACTL = 0x160
                0x0000000000000162                __TACCTL0 = 0x162
                0x0000000000000164                __TACCTL1 = 0x164
                0x0000000000000166                __TACCTL2 = 0x166
                0x0000000000000170                __TAR = 0x170
                0x0000000000000172                __TACCR0 = 0x172
                0x0000000000000174                __TACCR1 = 0x174
                0x0000000000000176                __TACCR2 = 0x176
                0x000000000000011e                __TBIV = 0x11e
                0x0000000000000180                __TBCTL = 0x180
                0x0000000000000182                __TBCCTL0 = 0x182
                0x0000000000000184                __TBCCTL1 = 0x184
                0x0000000000000186                __TBCCTL2 = 0x186
                0x0000000000000188                __TBCCTL3 = 0x188
                0x000000000000018a                __TBCCTL4 = 0x18a
                0x000000000000018c                __TBCCTL5 = 0x18c
                0x000000000000018e                __TBCCTL6 = 0x18e
                0x0000000000000190                __TBR = 0x190
                0x0000000000000192                __TBCCR0 = 0x192
                0x0000000000000194                __TBCCR1 = 0x194
                0x0000000000000196                __TBCCR2 = 0x196
                0x0000000000000198                __TBCCR3 = 0x198
                0x000000000000019a                __TBCCR4 = 0x19a
                0x000000000000019c                __TBCCR5 = 0x19c
                0x000000000000019e                __TBCCR6 = 0x19e
                0x0000000000000056                __DCOCTL = 0x56
                0x0000000000000057                __BCSCTL1 = 0x57
                0x0000000000000058                __BCSCTL2 = 0x58
                0x0000000000000055                __SVSCTL = 0x55
                0x0000000000000128                __FCTL1 = 0x128
                0x000000000000012a                __FCTL2 = 0x12a
                0x000000000000012c                __FCTL3 = 0x12c
                0x0000000000000059                __CACTL1 = 0x59
                0x000000000000005a                __CACTL2 = 0x5a
                0x000000000000005b                __CAPD = 0x5b
                0x00000000000001a0                __ADC12CTL0 = 0x1a0
                0x00000000000001a2                __ADC12CTL1 = 0x1a2
                0x00000000000001a4                __ADC12IFG = 0x1a4
                0x00000000000001a6                __ADC12IE = 0x1a6
                0x00000000000001a8                __ADC12IV = 0x1a8
                0x0000000000000140                __ADC12MEM0 = 0x140
                0x0000000000000142                __ADC12MEM1 = 0x142
                0x0000000000000144                __ADC12MEM2 = 0x144
                0x0000000000000146                __ADC12MEM3 = 0x146
                0x0000000000000148                __ADC12MEM4 = 0x148
                0x000000000000014a                __ADC12MEM5 = 0x14a
                0x000000000000014c                __ADC12MEM6 = 0x14c
                0x000000000000014e                __ADC12MEM7 = 0x14e
                0x0000000000000150                __ADC12MEM8 = 0x150
                0x0000000000000152                __ADC12MEM9 = 0x152
                0x0000000000000154                __ADC12MEM10 = 0x154
                0x0000000000000156                __ADC12MEM11 = 0x156
                0x0000000000000158                __ADC12MEM12 = 0x158
                0x000000000000015a                __ADC12MEM13 = 0x15a
                0x000000000000015c                __ADC12MEM14 = 0x15c
                0x000000000000015e                __ADC12MEM15 = 0x15e
                0x0000000000000080                __ADC12MCTL0 = 0x80
                0x0000000000000081                __ADC12MCTL1 = 0x81
                0x0000000000000082                __ADC12MCTL2 = 0x82
                0x0000000000000083                __ADC12MCTL3 = 0x83
                0x0000000000000084                __ADC12MCTL4 = 0x84
                0x0000000000000085                __ADC12MCTL5 = 0x85
                0x0000000000000086                __ADC12MCTL6 = 0x86
                0x0000000000000087                __ADC12MCTL7 = 0x87
                0x0000000000000088                __ADC12MCTL8 = 0x88
                0x0000000000000089                __ADC12MCTL9 = 0x89
                0x000000000000008a                __ADC12MCTL10 = 0x8a
                0x000000000000008b                __ADC12MCTL11 = 0x8b
                0x000000000000008c                __ADC12MCTL12 = 0x8c
                0x000000000000008d                __ADC12MCTL13 = 0x8d
                0x000000000000008e                __ADC12MCTL14 = 0x8e
                0x000000000000008f                __ADC12MCTL15 = 0x8f
                0x00000000000001c0                __DAC12_0CTL = 0x1c0
                0x00000000000001c2                __DAC12_1CTL = 0x1c2
                0x00000000000001c8                __DAC12_0DAT = 0x1c8
                0x00000000000001ca                __DAC12_1DAT = 0x1ca
                0x0000000000000122                __DMACTL0 = 0x122
                0x0000000000000124                __DMACTL1 = 0x124
                0x00000000000001e0                __DMA0CTL = 0x1e0
                0x00000000000001e8                __DMA1CTL = 0x1e8
                0x00000000000001f0                __DMA2CTL = 0x1f0
                0x00000000000001e2                __DMA0SA = 0x1e2
                0x00000000000001e4                __DMA0DA = 0x1e4
                0x00000000000001e6                __DMA0SZ = 0x1e6
                0x00000000000001ea                __DMA1SA = 0x1ea
                0x00000000000001ec                __DMA1DA = 0x1ec
                0x00000000000001ee                __DMA1SZ = 0x1ee
                0x00000000000001f2                __DMA2SA = 0x1f2
                0x00000000000001f4                __DMA2DA = 0x1f4
                0x00000000000001f6                __DMA2SZ = 0x1f6

.hash
 *(.hash)

.dynsym
 *(.dynsym)

.dynstr
 *(.dynstr)

.gnu.version
 *(.gnu.version)

.gnu.version_d
 *(.gnu.version_d)

.gnu.version_r
 *(.gnu.version_r)

.rel.init
 *(.rel.init)

.rela.init
 *(.rela.init)

.rel.fini
 *(.rel.fini)

.rela.fini
 *(.rela.fini)

.rel.text
 *(.rel.text .rel.text.* .rel.gnu.linkonce.t.*)

.rela.text
 *(.rela.text .rela.text.* .rela.gnu.linkonce.t.*)

.rel.rodata
 *(.rel.rodata .rel.rodata.* .rel.gnu.linkonce.r.*)

.rela.rodata
 *(.rela.rodata .rela.rodata.* .rela.gnu.linkonce.r.*)

.rel.data
 *(.rel.data .rel.data.* .rel.gnu.linkonce.d.*)

.rela.data
 *(.rela.data .rela.data.* .rela.gnu.linkonce.d.*)

.rel.bss
 *(.rel.bss .rel.bss.* .rel.gnu.linkonce.b.*)

.rela.bss
 *(.rela.bss .rela.bss.* .rela.gnu.linkonce.b.*)

.rel.ctors
 *(.rel.ctors)

.rela.ctors
 *(.rela.ctors)

.rel.dtors
 *(.rel.dtors)

.rela.dtors
 *(.rela.dtors)

.rel.got
 *(.rel.got)

.rela.got
 *(.rela.got)

.rel.plt
 *(.rel.plt)

.rela.plt
 *(.rela.plt)

.text           0x0000000000004000     0xb83c
                0x0000000000004000                . = ALIGN (0x2)
 *(.init .init.*)
 *(.init0)
 .init0         0x0000000000004000        0x0 /usr/lib/gcc/msp430/4.6.3/mmpy-16/libcrt0.a(_reset_vector__.o)
                0x0000000000004000                _reset_vector__
 *(.init1)
 .init1         0x0000000000004000        0xc /usr/lib/gcc/msp430/4.6.3/mmpy-16/libcrt0.a(__watchdog_support.o)
                0x0000000000004000                __watchdog_support
 *(.init2)
 .init2         0x000000000000400c        0x4 /usr/lib/gcc/msp430/4.6.3/mmpy-16/libcrt0.a(__init_stack.o)
                0x000000000000400c                __init_stack
 *(.init3)
 .init3         0x0000000000004010        0x0 /usr/lib/gcc/msp430/4.6.3/mmpy-16/libcrt0.a(__low_level_init.o)
                0x0000000000004010                __low_level_init
 *(.init4)
 .init4         0x0000000000004010       0x18 /usr/lib/gcc/msp430/4.6.3/mmpy-16/libcrt0.a(_copy_data.o)
                0x0000000000004010                __do_copy_data
 .init4         0x0000000000004028       0x16 /usr/lib/gcc/msp430/4.6.3/mmpy-16/libcrt0.a(_clear_bss.o)
                0x0000000000004028                __do_clear_bss
 *(.init5)
 *(.init6)
 *(.init7)
 *(.init8)
 *(.init9)
 .init9         0x000000000000403e      0x368 obj_sky/contiki-sky-main.o
                0x000000000000403e                main
 *(.fini9)
 .fini9         0x00000000000043a6        0x0 /usr/lib/gcc/msp430/4.6.3/mmpy-16/libcrt0.a(__stop_progExec__.o)
                0x00000000000043a6                __stop_progExec__
 *(.fini8)
 *(.fini7)
 *(.fini6)
 *(.fini5)
 *(.fini4)
 *(.fini3)
 *(.fini2)
 *(.fini1)
 *(.fini0)
 .fini0         0x00000000000043a6        0x6 /usr/lib/gcc/msp430/4.6.3/mmpy-16/libcrt0.a(_endless_loop__.o)
                0x00000000000043a6                _endless_loop__
 *(.fini .fini.*)
                0x00000000000043ac                . = ALIGN (0x2)
                0x00000000000043ac                __ctors_start = .
 *(.ctors)
                0x00000000000043ac                __ctors_end = .
                0x00000000000043ac                __dtors_start = .
 *(.dtors)
                0x00000000000043ac                __dtors_end = .
                0x00000000000043ac                . = ALIGN (0x2)
 *(.text .text.* .gnu.linkonce.t.*)
 .text          0x00000000000043ac        0x4 /usr/lib/gcc/msp430/4.6.3/mmpy-16/crt0ivtbl16.o
                0x00000000000043ac                __isr_14
                0x00000000000043ac                __isr_11
                0x00000000000043ac                __isr_2
                0x00000000000043ac                __isr_7
                0x00000000000043ac                __isr_0
                0x00000000000043ac                __isr_8
                0x00000000000043ac                __isr_3
                0x00000000000043ac                __isr_12
                0x00000000000043ac                __isr_13
                0x00000000000043ac                __isr_9
 .text.process_thread_main_process
                0x00000000000043b0       0x1e curtain.co
 .text.process_thread_ero2_process
                0x00000000000043ce      0x146 obj_sky/ero2manager.o
 .text.ero2heartbeat_handler
                0x0000000000004514       0x44 obj_sky/ero2manager.o
                0x0000000000004514                ero2heartbeat_handler
 .text.start_ero2_service
                0x0000000000004558       0x2a obj_sky/ero2manager.o
                0x0000000000004558                start_ero2_service
 .text.service_handler
                0x0000000000004582       0x52 obj_sky/ero2manager.o
                0x0000000000004582                service_handler
 .text.SetActuator
                0x00000000000045d4       0x30 obj_sky/ero2service.o
                0x00000000000045d4                SetActuator
 .text.curtain_handler
                0x0000000000004604      0x106 obj_sky/ero2service.o
                0x0000000000004604                curtain_handler
 .text.ActuatorON
                0x000000000000470a       0x22 obj_sky/ero2service.o
                0x000000000000470a                ActuatorON
 .text.ActuatorOFF
                0x000000000000472c       0x18 obj_sky/ero2service.o
                0x000000000000472c                ActuatorOFF
 .text.process_thread_timer_process_down
                0x0000000000004744       0x7e obj_sky/ero2service.o
 .text.process_thread_timer_process_up
                0x00000000000047c2       0x80 obj_sky/ero2service.o
 .text.start_app_services
                0x0000000000004842       0x36 obj_sky/ero2service.o
                0x0000000000004842                start_app_services
 .text.process_thread_ero2_client_process
                0x0000000000004878       0x8e obj_sky/ero2client.o
 .text.invoke_service
                0x0000000000004906       0x14 obj_sky/ero2client.o
                0x0000000000004906                invoke_service
 .text.init_registry
                0x000000000000491a       0x12 obj_sky/ero2registry.o
                0x000000000000491a                init_registry
 .text.add_to_local_registry
                0x000000000000492c        0xc obj_sky/ero2registry.o
                0x000000000000492c                add_to_local_registry
 .text.get_service_serialization
                0x0000000000004938       0x38 obj_sky/ero2registry.o
                0x0000000000004938                get_service_serialization
 .text.rimeaddr_copy
                0x0000000000004970       0x1a contiki-sky.a(rimeaddr.o)
                0x0000000000004970                rimeaddr_copy
 .text.rimeaddr_cmp
                0x000000000000498a       0x22 contiki-sky.a(rimeaddr.o)
                0x000000000000498a                rimeaddr_cmp
 .text.rimeaddr_set_node_addr
                0x00000000000049ac        0xc contiki-sky.a(rimeaddr.o)
                0x00000000000049ac                rimeaddr_set_node_addr
 .text.on       0x00000000000049b8        0x6 contiki-sky.a(nullrdc.o)
 .text.channel_check_interval
                0x00000000000049be        0x4 contiki-sky.a(nullrdc.o)
 .text.init     0x00000000000049c2        0x6 contiki-sky.a(nullrdc.o)
 .text.send_packet
                0x00000000000049c8       0x62 contiki-sky.a(nullrdc.o)
 .text.send_list
                0x0000000000004a2a       0x24 contiki-sky.a(nullrdc.o)
 .text.off      0x0000000000004a4e       0x10 contiki-sky.a(nullrdc.o)
 .text.packet_input
                0x0000000000004a5e       0x2e contiki-sky.a(nullrdc.o)
 .text.mac_call_sent_callback
                0x0000000000004a8c       0x14 contiki-sky.a(mac.o)
                0x0000000000004a8c                mac_call_sent_callback
 .text.parse    0x0000000000004aa0       0xaa contiki-sky.a(framer-802154.o)
 .text.create   0x0000000000004b4a      0x116 contiki-sky.a(framer-802154.o)
 .text.input_packet
                0x0000000000004c60        0x6 contiki-sky.a(csma.o)
 .text.on       0x0000000000004c66        0x6 contiki-sky.a(csma.o)
 .text.off      0x0000000000004c6c        0x6 contiki-sky.a(csma.o)
 .text.channel_check_interval
                0x0000000000004c72       0x10 contiki-sky.a(csma.o)
 .text.transmit_packet_list
                0x0000000000004c82       0x24 contiki-sky.a(csma.o)
 .text.free_first_packet
                0x0000000000004ca6       0xa4 contiki-sky.a(csma.o)
 .text.packet_sent
                0x0000000000004d4a      0x106 contiki-sky.a(csma.o)
 .text.init     0x0000000000004e50       0x1a contiki-sky.a(csma.o)
 .text.send_packet
                0x0000000000004e6a      0x172 contiki-sky.a(csma.o)
 .text.call_process
                0x0000000000004fdc       0x4a contiki-sky.a(process.o)
 .text.exit_process
                0x0000000000005026       0x96 contiki-sky.a(process.o)
 .text.do_poll  0x00000000000050bc       0x30 contiki-sky.a(process.o)
 .text.process_alloc_event
                0x00000000000050ec        0xe contiki-sky.a(process.o)
                0x00000000000050ec                process_alloc_event
 .text.process_init
                0x00000000000050fa       0x1c contiki-sky.a(process.o)
                0x00000000000050fa                process_init
 .text.process_run
                0x0000000000005116       0xa2 contiki-sky.a(process.o)
                0x0000000000005116                process_run
 .text.process_nevents
                0x00000000000051b8        0xe contiki-sky.a(process.o)
                0x00000000000051b8                process_nevents
 .text.process_post
                0x00000000000051c6       0x54 contiki-sky.a(process.o)
                0x00000000000051c6                process_post
 .text.process_post_synch
                0x000000000000521a       0x12 contiki-sky.a(process.o)
                0x000000000000521a                process_post_synch
 .text.process_start
                0x000000000000522c       0x32 contiki-sky.a(process.o)
                0x000000000000522c                process_start
 .text.process_poll
                0x000000000000525e       0x18 contiki-sky.a(process.o)
                0x000000000000525e                process_poll
 .text.autostart_start
                0x0000000000005276       0x16 contiki-sky.a(autostart.o)
                0x0000000000005276                autostart_start
 .text.memb_init
                0x000000000000528c       0x36 contiki-sky.a(memb.o)
                0x000000000000528c                memb_init
 .text.memb_alloc
                0x00000000000052c2       0x3e contiki-sky.a(memb.o)
                0x00000000000052c2                memb_alloc
 .text.memb_free
                0x0000000000005300       0x3a contiki-sky.a(memb.o)
                0x0000000000005300                memb_free
 .text.memb_inmemb
                0x000000000000533a       0x2e contiki-sky.a(memb.o)
                0x000000000000533a                memb_inmemb
 .text.timer_set
                0x0000000000005368       0x1c contiki-sky.a(timer.o)
                0x0000000000005368                timer_set
 .text.timer_reset
                0x0000000000005384        0xe contiki-sky.a(timer.o)
                0x0000000000005384                timer_reset
 .text.timer_restart
                0x0000000000005392       0x14 contiki-sky.a(timer.o)
                0x0000000000005392                timer_restart
 .text.timer_expired
                0x00000000000053a6       0x2a contiki-sky.a(timer.o)
                0x00000000000053a6                timer_expired
 .text.list_init
                0x00000000000053d0        0x6 contiki-sky.a(list.o)
                0x00000000000053d0                list_init
 .text.list_head
                0x00000000000053d6        0x4 contiki-sky.a(list.o)
                0x00000000000053d6                list_head
 .text.list_tail
                0x00000000000053da       0x12 contiki-sky.a(list.o)
                0x00000000000053da                list_tail
 .text.list_pop
                0x00000000000053ec        0xe contiki-sky.a(list.o)
                0x00000000000053ec                list_pop
 .text.list_remove
                0x00000000000053fa       0x34 contiki-sky.a(list.o)
                0x00000000000053fa                list_remove
 .text.list_push
                0x000000000000542e       0x1a contiki-sky.a(list.o)
                0x000000000000542e                list_push
 .text.list_add
                0x0000000000005448       0x2a contiki-sky.a(list.o)
                0x0000000000005448                list_add
 .text.list_length
                0x0000000000005472       0x10 contiki-sky.a(list.o)
                0x0000000000005472                list_length
 .text.list_item_next
                0x0000000000005482        0xc contiki-sky.a(list.o)
                0x0000000000005482                list_item_next
 .text.update_time
                0x000000000000548e       0x78 contiki-sky.a(etimer.o)
 .text.etimer_request_poll
                0x0000000000005506        0xa contiki-sky.a(etimer.o)
                0x0000000000005506                etimer_request_poll
 .text.process_thread_etimer_process
                0x0000000000005510       0xc8 contiki-sky.a(etimer.o)
 .text.add_timer
                0x00000000000055d8       0x38 contiki-sky.a(etimer.o)
 .text.etimer_set
                0x0000000000005610       0x12 contiki-sky.a(etimer.o)
                0x0000000000005610                etimer_set
 .text.etimer_reset
                0x0000000000005622       0x12 contiki-sky.a(etimer.o)
                0x0000000000005622                etimer_reset
 .text.etimer_restart
                0x0000000000005634       0x12 contiki-sky.a(etimer.o)
                0x0000000000005634                etimer_restart
 .text.etimer_expired
                0x0000000000005646        0xe contiki-sky.a(etimer.o)
                0x0000000000005646                etimer_expired
 .text.etimer_expiration_time
                0x0000000000005654       0x14 contiki-sky.a(etimer.o)
                0x0000000000005654                etimer_expiration_time
 .text.etimer_pending
                0x0000000000005668        0xc contiki-sky.a(etimer.o)
                0x0000000000005668                etimer_pending
 .text.etimer_next_expiration_time
                0x0000000000005674       0x16 contiki-sky.a(etimer.o)
                0x0000000000005674                etimer_next_expiration_time
 .text.etimer_stop
                0x000000000000568a       0x3c contiki-sky.a(etimer.o)
                0x000000000000568a                etimer_stop
 .text.process_thread_ctimer_process
                0x00000000000056c6       0xa4 contiki-sky.a(ctimer.o)
 .text.ctimer_init
                0x000000000000576a       0x18 contiki-sky.a(ctimer.o)
                0x000000000000576a                ctimer_init
 .text.ctimer_set
                0x0000000000005782       0x5a contiki-sky.a(ctimer.o)
                0x0000000000005782                ctimer_set
 .text.ctimer_reset
                0x00000000000057dc       0x3a contiki-sky.a(ctimer.o)
                0x00000000000057dc                ctimer_reset
 .text.ctimer_stop
                0x0000000000005816       0x28 contiki-sky.a(ctimer.o)
                0x0000000000005816                ctimer_stop
 .text.energest_init
                0x000000000000583e       0x28 contiki-sky.a(energest.o)
                0x000000000000583e                energest_init
 .text.energest_type_time
                0x0000000000005866       0x46 contiki-sky.a(energest.o)
                0x0000000000005866                energest_type_time
 .text.energest_type_set
                0x00000000000058ac        0xe contiki-sky.a(energest.o)
                0x00000000000058ac                energest_type_set
 .text.energest_flush
                0x00000000000058ba       0x48 contiki-sky.a(energest.o)
                0x00000000000058ba                energest_flush
 .text.rtimer_init
                0x0000000000005902        0x6 contiki-sky.a(rtimer.o)
                0x0000000000005902                rtimer_init
 .text.rtimer_run_next
                0x0000000000005908       0x26 contiki-sky.a(rtimer.o)
                0x0000000000005908                rtimer_run_next
 .text.random_init
                0x000000000000592e        0x6 contiki-sky.a(random.o)
                0x000000000000592e                random_init
 .text.random_rand
                0x0000000000005934        0x6 contiki-sky.a(random.o)
                0x0000000000005934                random_rand
 .text.packetbuf_copyto_hdr
                0x000000000000593a       0x1c contiki-sky.a(packetbuf.o)
                0x000000000000593a                packetbuf_copyto_hdr
 .text.packetbuf_copyto
                0x0000000000005956       0x52 contiki-sky.a(packetbuf.o)
                0x0000000000005956                packetbuf_copyto
 .text.packetbuf_hdrreduce
                0x00000000000059a8       0x1a contiki-sky.a(packetbuf.o)
                0x00000000000059a8                packetbuf_hdrreduce
 .text.packetbuf_set_datalen
                0x00000000000059c2        0x6 contiki-sky.a(packetbuf.o)
                0x00000000000059c2                packetbuf_set_datalen
 .text.packetbuf_dataptr
                0x00000000000059c8        0xe contiki-sky.a(packetbuf.o)
                0x00000000000059c8                packetbuf_dataptr
 .text.packetbuf_hdrptr
                0x00000000000059d6        0xa contiki-sky.a(packetbuf.o)
                0x00000000000059d6                packetbuf_hdrptr
 .text.packetbuf_is_reference
                0x00000000000059e0        0xe contiki-sky.a(packetbuf.o)
                0x00000000000059e0                packetbuf_is_reference
 .text.packetbuf_reference_ptr
                0x00000000000059ee        0x6 contiki-sky.a(packetbuf.o)
                0x00000000000059ee                packetbuf_reference_ptr
 .text.packetbuf_datalen
                0x00000000000059f4        0x6 contiki-sky.a(packetbuf.o)
                0x00000000000059f4                packetbuf_datalen
 .text.packetbuf_totlen
                0x00000000000059fa       0x10 contiki-sky.a(packetbuf.o)
                0x00000000000059fa                packetbuf_totlen
 .text.packetbuf_hdralloc
                0x0000000000005a0a       0x2e contiki-sky.a(packetbuf.o)
                0x0000000000005a0a                packetbuf_hdralloc
 .text.packetbuf_attr_clear
                0x0000000000005a38       0x30 contiki-sky.a(packetbuf.o)
                0x0000000000005a38                packetbuf_attr_clear
 .text.packetbuf_clear
                0x0000000000005a68       0x1a contiki-sky.a(packetbuf.o)
                0x0000000000005a68                packetbuf_clear
 .text.packetbuf_copyfrom
                0x0000000000005a82       0x2e contiki-sky.a(packetbuf.o)
                0x0000000000005a82                packetbuf_copyfrom
 .text.packetbuf_attr_copyto
                0x0000000000005ab0       0x22 contiki-sky.a(packetbuf.o)
                0x0000000000005ab0                packetbuf_attr_copyto
 .text.packetbuf_attr_copyfrom
                0x0000000000005ad2       0x24 contiki-sky.a(packetbuf.o)
                0x0000000000005ad2                packetbuf_attr_copyfrom
 .text.queuebuf_init
                0x0000000000005af6       0x1a contiki-sky.a(queuebuf.o)
                0x0000000000005af6                queuebuf_init
 .text.queuebuf_new_from_packetbuf
                0x0000000000005b10       0x7e contiki-sky.a(queuebuf.o)
                0x0000000000005b10                queuebuf_new_from_packetbuf
 .text.queuebuf_update_attr_from_packetbuf
                0x0000000000005b8e       0x12 contiki-sky.a(queuebuf.o)
                0x0000000000005b8e                queuebuf_update_attr_from_packetbuf
 .text.queuebuf_free
                0x0000000000005ba0       0x40 contiki-sky.a(queuebuf.o)
                0x0000000000005ba0                queuebuf_free
 .text.queuebuf_to_packetbuf
                0x0000000000005be0       0x6e contiki-sky.a(queuebuf.o)
                0x0000000000005be0                queuebuf_to_packetbuf
 .text.chksum   0x0000000000005c4e       0x32 contiki-sky.a(uip6.o)
 .text.upper_layer_chksum
                0x0000000000005c80       0x56 contiki-sky.a(uip6.o)
 .text.ext_hdr_options_process
                0x0000000000005cd6       0xda contiki-sky.a(uip6.o)
 .text.uip_icmp6chksum
                0x0000000000005db0        0xa contiki-sky.a(uip6.o)
                0x0000000000005db0                uip_icmp6chksum
 .text.uip_udpchksum
                0x0000000000005dba        0xa contiki-sky.a(uip6.o)
                0x0000000000005dba                uip_udpchksum
 .text.uip_init
                0x0000000000005dc4       0x3a contiki-sky.a(uip6.o)
                0x0000000000005dc4                uip_init
 .text.remove_ext_hdr
                0x0000000000005dfe       0x4a contiki-sky.a(uip6.o)
                0x0000000000005dfe                remove_ext_hdr
 .text.uip_udp_new
                0x0000000000005e48       0xf4 contiki-sky.a(uip6.o)
                0x0000000000005e48                uip_udp_new
 .text.uip_process
                0x0000000000005f3c      0x4d4 contiki-sky.a(uip6.o)
                0x0000000000005f3c                uip_process
 .text.uip_htonl
                0x0000000000006410       0x2e contiki-sky.a(uip6.o)
                0x0000000000006410                uip_htonl
 .text.tcpip_output
                0x000000000000643e       0x10 contiki-sky.a(tcpip.o)
                0x000000000000643e                tcpip_output
 .text.tcpip_set_outputfunc
                0x000000000000644e        0x6 contiki-sky.a(tcpip.o)
                0x000000000000644e                tcpip_set_outputfunc
 .text.udp_new  0x0000000000006454       0x1a contiki-sky.a(tcpip.o)
                0x0000000000006454                udp_new
 .text.tcpip_input
                0x000000000000646e       0x16 contiki-sky.a(tcpip.o)
                0x000000000000646e                tcpip_input
 .text.tcpip_ipv6_output
                0x0000000000006484      0x12a contiki-sky.a(tcpip.o)
                0x0000000000006484                tcpip_ipv6_output
 .text.process_thread_tcpip_process
                0x00000000000065ae       0xf4 contiki-sky.a(tcpip.o)
 .text.tcpip_uipcall
                0x00000000000066a2       0x2a contiki-sky.a(tcpip.o)
                0x00000000000066a2                tcpip_uipcall
 .text.uip_icmp6_echo_request_input
                0x00000000000066cc      0x12c contiki-sky.a(uip-icmp6.o)
                0x00000000000066cc                uip_icmp6_echo_request_input
 .text.uip_icmp6_error_output
                0x00000000000067f8      0x17a contiki-sky.a(uip-icmp6.o)
                0x00000000000067f8                uip_icmp6_error_output
 .text.uip_icmp6_send
                0x0000000000006972       0x96 contiki-sky.a(uip-icmp6.o)
                0x0000000000006972                uip_icmp6_send
 .text.create_llao
                0x0000000000006a08       0x2c contiki-sky.a(uip-nd6.o)
 .text.uip_nd6_ns_input
                0x0000000000006a34      0x22a contiki-sky.a(uip-nd6.o)
                0x0000000000006a34                uip_nd6_ns_input
 .text.uip_nd6_ns_output
                0x0000000000006c5e      0x158 contiki-sky.a(uip-nd6.o)
                0x0000000000006c5e                uip_nd6_ns_output
 .text.uip_nd6_na_input
                0x0000000000006db6      0x1b6 contiki-sky.a(uip-nd6.o)
                0x0000000000006db6                uip_nd6_na_input
 .text.set_packet_attrs
                0x0000000000006f6c       0x44 contiki-sky.a(sicslowpan.o)
 .text.addr_context_lookup_by_number
                0x0000000000006fb0       0x36 contiki-sky.a(sicslowpan.o)
 .text.compress_addr_64
                0x0000000000006fe6       0xae contiki-sky.a(sicslowpan.o)
 .text.uncompress_addr
                0x0000000000007094       0xb4 contiki-sky.a(sicslowpan.o)
 .text.input    0x0000000000007148      0x604 contiki-sky.a(sicslowpan.o)
 .text.sicslowpan_init
                0x000000000000774c       0x26 contiki-sky.a(sicslowpan.o)
                0x000000000000774c                sicslowpan_init
 .text.addr_context_lookup_by_prefix
                0x0000000000007772       0x4c contiki-sky.a(sicslowpan.o)
 .text.send_packet
                0x00000000000077be       0x1a contiki-sky.a(sicslowpan.o)
 .text.output   0x00000000000077d8      0x6c8 contiki-sky.a(sicslowpan.o)
 .text.packet_sent
                0x0000000000007ea0       0x22 contiki-sky.a(sicslowpan.o)
 .text.neighbor_info_packet_sent
                0x0000000000007ec2       0xe6 contiki-sky.a(neighbor-info.o)
                0x0000000000007ec2                neighbor_info_packet_sent
 .text.neighbor_info_packet_received
                0x0000000000007fa8       0x1a contiki-sky.a(neighbor-info.o)
                0x0000000000007fa8                neighbor_info_packet_received
 .text.neighbor_info_subscribe
                0x0000000000007fc2       0x28 contiki-sky.a(neighbor-info.o)
                0x0000000000007fc2                neighbor_info_subscribe
 .text.uip_ds6_list_loop
                0x0000000000007fea       0x86 contiki-sky.a(uip-ds6.o)
                0x0000000000007fea                uip_ds6_list_loop
 .text.uip_ds6_nbr_rm
                0x0000000000008070        0xe contiki-sky.a(uip-ds6.o)
                0x0000000000008070                uip_ds6_nbr_rm
 .text.uip_ds6_nbr_add
                0x000000000000807e      0x112 contiki-sky.a(uip-ds6.o)
                0x000000000000807e                uip_ds6_nbr_add
 .text.uip_ds6_nbr_lookup
                0x0000000000008190       0x3e contiki-sky.a(uip-ds6.o)
                0x0000000000008190                uip_ds6_nbr_lookup
 .text.uip_ds6_defrt_add
                0x00000000000081ce       0x7c contiki-sky.a(uip-ds6.o)
                0x00000000000081ce                uip_ds6_defrt_add
 .text.uip_ds6_defrt_rm
                0x000000000000824a        0xa contiki-sky.a(uip-ds6.o)
                0x000000000000824a                uip_ds6_defrt_rm
 .text.uip_ds6_defrt_lookup
                0x0000000000008254       0x28 contiki-sky.a(uip-ds6.o)
                0x0000000000008254                uip_ds6_defrt_lookup
 .text.uip_ds6_defrt_choose
                0x000000000000827c       0x4a contiki-sky.a(uip-ds6.o)
                0x000000000000827c                uip_ds6_defrt_choose
 .text.uip_ds6_prefix_add
                0x00000000000082c6       0x80 contiki-sky.a(uip-ds6.o)
                0x00000000000082c6                uip_ds6_prefix_add
 .text.uip_ds6_is_addr_onlink
                0x0000000000008346       0x54 contiki-sky.a(uip-ds6.o)
                0x0000000000008346                uip_ds6_is_addr_onlink
 .text.uip_ds6_addr_lookup
                0x000000000000839a       0x2a contiki-sky.a(uip-ds6.o)
                0x000000000000839a                uip_ds6_addr_lookup
 .text.uip_ds6_get_link_local
                0x00000000000083c4       0x3e contiki-sky.a(uip-ds6.o)
                0x00000000000083c4                uip_ds6_get_link_local
 .text.uip_ds6_maddr_add
                0x0000000000008402       0x4c contiki-sky.a(uip-ds6.o)
                0x0000000000008402                uip_ds6_maddr_add
 .text.uip_ds6_addr_add
                0x000000000000844e       0xc4 contiki-sky.a(uip-ds6.o)
                0x000000000000844e                uip_ds6_addr_add
 .text.uip_ds6_maddr_lookup
                0x0000000000008512       0x2a contiki-sky.a(uip-ds6.o)
                0x0000000000008512                uip_ds6_maddr_lookup
 .text.uip_ds6_addr_rm
                0x000000000000853c       0x54 contiki-sky.a(uip-ds6.o)
                0x000000000000853c                uip_ds6_addr_rm
 .text.uip_ds6_periodic
                0x0000000000008590      0x17e contiki-sky.a(uip-ds6.o)
                0x0000000000008590                uip_ds6_periodic
 .text.uip_ds6_route_lookup
                0x000000000000870e       0x6a contiki-sky.a(uip-ds6.o)
                0x000000000000870e                uip_ds6_route_lookup
 .text.uip_ds6_route_add
                0x0000000000008778       0x82 contiki-sky.a(uip-ds6.o)
                0x0000000000008778                uip_ds6_route_add
 .text.uip_ds6_route_rm
                0x00000000000087fa        0x6 contiki-sky.a(uip-ds6.o)
                0x00000000000087fa                uip_ds6_route_rm
 .text.uip_ds6_route_rm_by_nexthop
                0x0000000000008800       0x42 contiki-sky.a(uip-ds6.o)
                0x0000000000008800                uip_ds6_route_rm_by_nexthop
 .text.uip_ds6_set_addr_iid
                0x0000000000008842       0x14 contiki-sky.a(uip-ds6.o)
                0x0000000000008842                uip_ds6_set_addr_iid
 .text.get_match_length
                0x0000000000008856       0x3e contiki-sky.a(uip-ds6.o)
                0x0000000000008856                get_match_length
 .text.uip_ds6_select_src
                0x0000000000008894       0xaa contiki-sky.a(uip-ds6.o)
                0x0000000000008894                uip_ds6_select_src
 .text.uip_ds6_compute_reachable_time
                0x000000000000893e       0x3e contiki-sky.a(uip-ds6.o)
                0x000000000000893e                uip_ds6_compute_reachable_time
 .text.uip_ds6_init
                0x000000000000897c      0x176 contiki-sky.a(uip-ds6.o)
                0x000000000000897c                uip_ds6_init
 .text.coap_set_service_callback
                0x0000000000008af2        0x6 contiki-sky.a(er-coap-12-engi)
                0x0000000000008af2                coap_set_service_callback
 .text.coap_get_rest_method
                0x0000000000008af8       0x1a contiki-sky.a(er-coap-12-engi)
                0x0000000000008af8                coap_get_rest_method
 .text.process_thread_coap_receiver
                0x0000000000008b12      0x3e0 contiki-sky.a(er-coap-12-engi)
 .text.coap_blocking_request_callback
                0x0000000000008ef2        0xe contiki-sky.a(er-coap-12-engi)
                0x0000000000008ef2                coap_blocking_request_callback
 .text.well_known_core_handler
                0x0000000000008f00      0x41c contiki-sky.a(er-coap-12-engi)
                0x0000000000008f00                well_known_core_handler
 .text.coap_receiver_init
                0x000000000000931c        0xc contiki-sky.a(er-coap-12-engi)
                0x000000000000931c                coap_receiver_init
 .text.coap_blocking_request
                0x0000000000009328      0x122 contiki-sky.a(er-coap-12-engi)
                0x0000000000009328                coap_blocking_request
 .text.coap_parse_int_option
                0x000000000000944a       0x46 contiki-sky.a(er-coap-12.o)
 .text.coap_insert_option_jump
                0x0000000000009490       0x76 contiki-sky.a(er-coap-12.o)
 .text.coap_get_variable
                0x0000000000009506       0xbe contiki-sky.a(er-coap-12.o)
 .text.coap_set_option_header
                0x00000000000095c4       0x58 contiki-sky.a(er-coap-12.o)
 .text.coap_serialize_int_option
                0x000000000000961c       0xbe contiki-sky.a(er-coap-12.o)
 .text.coap_serialize_array_option
                0x00000000000096da      0x116 contiki-sky.a(er-coap-12.o)
 .text.coap_merge_multi_option.part.1
                0x00000000000097f0       0x34 contiki-sky.a(er-coap-12.o)
 .text.coap_init_connection
                0x0000000000009824       0x22 contiki-sky.a(er-coap-12.o)
                0x0000000000009824                coap_init_connection
 .text.coap_get_mid
                0x0000000000009846        0xc contiki-sky.a(er-coap-12.o)
                0x0000000000009846                coap_get_mid
 .text.coap_init_message
                0x0000000000009852       0x30 contiki-sky.a(er-coap-12.o)
                0x0000000000009852                coap_init_message
 .text.coap_serialize_message
                0x0000000000009882      0x50c contiki-sky.a(er-coap-12.o)
                0x0000000000009882                coap_serialize_message
 .text.coap_send_message
                0x0000000000009d8e       0x4a contiki-sky.a(er-coap-12.o)
                0x0000000000009d8e                coap_send_message
 .text.coap_parse_message
                0x0000000000009dd8      0x50a contiki-sky.a(er-coap-12.o)
                0x0000000000009dd8                coap_parse_message
 .text.coap_get_query_variable
                0x000000000000a2e2       0x1c contiki-sky.a(er-coap-12.o)
                0x000000000000a2e2                coap_get_query_variable
 .text.coap_get_post_variable
                0x000000000000a2fe       0x20 contiki-sky.a(er-coap-12.o)
                0x000000000000a2fe                coap_get_post_variable
 .text.coap_set_status_code
                0x000000000000a31e       0x12 contiki-sky.a(er-coap-12.o)
                0x000000000000a31e                coap_set_status_code
 .text.coap_get_header_content_type
                0x000000000000a330       0x14 contiki-sky.a(er-coap-12.o)
                0x000000000000a330                coap_get_header_content_type
 .text.coap_set_header_content_type
                0x000000000000a344        0xe contiki-sky.a(er-coap-12.o)
                0x000000000000a344                coap_set_header_content_type
 .text.coap_get_header_accept
                0x000000000000a352       0x1c contiki-sky.a(er-coap-12.o)
                0x000000000000a352                coap_get_header_accept
 .text.coap_get_header_max_age
                0x000000000000a36e       0x26 contiki-sky.a(er-coap-12.o)
                0x000000000000a36e                coap_get_header_max_age
 .text.coap_set_header_max_age
                0x000000000000a394       0x12 contiki-sky.a(er-coap-12.o)
                0x000000000000a394                coap_set_header_max_age
 .text.coap_set_header_etag
                0x000000000000a3a6       0x2a contiki-sky.a(er-coap-12.o)
                0x000000000000a3a6                coap_set_header_etag
 .text.coap_get_header_if_match
                0x000000000000a3d0       0x1c contiki-sky.a(er-coap-12.o)
                0x000000000000a3d0                coap_get_header_if_match
 .text.coap_get_header_if_none_match
                0x000000000000a3ec       0x10 contiki-sky.a(er-coap-12.o)
                0x000000000000a3ec                coap_get_header_if_none_match
 .text.coap_set_header_token
                0x000000000000a3fc       0x28 contiki-sky.a(er-coap-12.o)
                0x000000000000a3fc                coap_set_header_token
 .text.coap_get_header_uri_host
                0x000000000000a424       0x18 contiki-sky.a(er-coap-12.o)
                0x000000000000a424                coap_get_header_uri_host
 .text.coap_get_header_uri_path
                0x000000000000a43c       0x18 contiki-sky.a(er-coap-12.o)
                0x000000000000a43c                coap_get_header_uri_path
 .text.coap_set_header_uri_path
                0x000000000000a454       0x2a contiki-sky.a(er-coap-12.o)
                0x000000000000a454                coap_set_header_uri_path
 .text.coap_get_header_uri_query
                0x000000000000a47e       0x16 contiki-sky.a(er-coap-12.o)
                0x000000000000a47e                coap_get_header_uri_query
 .text.coap_set_header_location_query
                0x000000000000a494       0x2c contiki-sky.a(er-coap-12.o)
                0x000000000000a494                coap_set_header_location_query
 .text.coap_set_header_location_path
                0x000000000000a4c0       0x88 contiki-sky.a(er-coap-12.o)
                0x000000000000a4c0                coap_set_header_location_path
 .text.coap_set_header_observe
                0x000000000000a548        0xe contiki-sky.a(er-coap-12.o)
                0x000000000000a548                coap_set_header_observe
 .text.coap_get_header_block2
                0x000000000000a556       0x4c contiki-sky.a(er-coap-12.o)
                0x000000000000a556                coap_get_header_block2
 .text.coap_set_header_block2
                0x000000000000a5a2       0x40 contiki-sky.a(er-coap-12.o)
                0x000000000000a5a2                coap_set_header_block2
 .text.coap_get_header_size
                0x000000000000a5e2       0x1e contiki-sky.a(er-coap-12.o)
                0x000000000000a5e2                coap_get_header_size
 .text.coap_set_header_size
                0x000000000000a600       0x12 contiki-sky.a(er-coap-12.o)
                0x000000000000a600                coap_set_header_size
 .text.coap_get_payload
                0x000000000000a612       0x1a contiki-sky.a(er-coap-12.o)
                0x000000000000a612                coap_get_payload
 .text.coap_set_payload
                0x000000000000a62c       0x16 contiki-sky.a(er-coap-12.o)
                0x000000000000a62c                coap_set_payload
 .text.coap_register_as_transaction_handler
                0x000000000000a642        0x8 contiki-sky.a(er-coap-12-tran)
                0x000000000000a642                coap_register_as_transaction_handler
 .text.coap_new_transaction
                0x000000000000a64a       0x4e contiki-sky.a(er-coap-12-tran)
                0x000000000000a64a                coap_new_transaction
 .text.coap_clear_transaction
                0x000000000000a698       0x26 contiki-sky.a(er-coap-12-tran)
                0x000000000000a698                coap_clear_transaction
 .text.coap_send_transaction
                0x000000000000a6be       0xc8 contiki-sky.a(er-coap-12-tran)
                0x000000000000a6be                coap_send_transaction
 .text.coap_get_transaction_by_mid
                0x000000000000a786       0x1e contiki-sky.a(er-coap-12-tran)
                0x000000000000a786                coap_get_transaction_by_mid
 .text.coap_check_transactions
                0x000000000000a7a4       0x2e contiki-sky.a(er-coap-12-tran)
                0x000000000000a7a4                coap_check_transactions
 .text.coap_remove_observer
                0x000000000000a7d2       0x1c contiki-sky.a(er-coap-12-obse)
                0x000000000000a7d2                coap_remove_observer
 .text.coap_remove_observer_by_client
                0x000000000000a7ee       0x4c contiki-sky.a(er-coap-12-obse)
                0x000000000000a7ee                coap_remove_observer_by_client
 .text.coap_remove_observer_by_url
                0x000000000000a83a       0x7e contiki-sky.a(er-coap-12-obse)
                0x000000000000a83a                coap_remove_observer_by_url
 .text.coap_add_observer
                0x000000000000a8b8       0x80 contiki-sky.a(er-coap-12-obse)
                0x000000000000a8b8                coap_add_observer
 .text.coap_remove_observer_by_mid
                0x000000000000a938       0x58 contiki-sky.a(er-coap-12-obse)
                0x000000000000a938                coap_remove_observer_by_mid
 .text.coap_notify_observers
                0x000000000000a990       0xc4 contiki-sky.a(er-coap-12-obse)
                0x000000000000a990                coap_notify_observers
 .text.coap_observe_handler
                0x000000000000aa54       0xaa contiki-sky.a(er-coap-12-obse)
                0x000000000000aa54                coap_observe_handler
 .text.process_thread_rest_manager_process
                0x000000000000aafe       0xc4 contiki-sky.a(erbium.o)
 .text.rest_invoke_restful_service
                0x000000000000abc2      0x10e contiki-sky.a(erbium.o)
                0x000000000000abc2                rest_invoke_restful_service
 .text.rest_init_engine
                0x000000000000acd0       0x26 contiki-sky.a(erbium.o)
                0x000000000000acd0                rest_init_engine
 .text.rest_activate_resource
                0x000000000000acf6       0x24 contiki-sky.a(erbium.o)
                0x000000000000acf6                rest_activate_resource
 .text.rest_get_resources
                0x000000000000ad1a        0x6 contiki-sky.a(erbium.o)
                0x000000000000ad1a                rest_get_resources
 .text.init_platform
                0x000000000000ad20        0xc contiki-sky.a(contiki-sky-pla)
                0x000000000000ad20                init_platform
 .text.value    0x000000000000ad2c       0x1a contiki-sky.a(light-sensor.o)
 .text.status   0x000000000000ad46        0xc contiki-sky.a(light-sensor.o)
 .text.configure
                0x000000000000ad52       0x10 contiki-sky.a(light-sensor.o)
 .text.status   0x000000000000ad62       0x16 contiki-sky.a(button-sensor.o)
 .text.configure
                0x000000000000ad78       0x52 contiki-sky.a(button-sensor.o)
 .text.value    0x000000000000adca       0x22 contiki-sky.a(button-sensor.o)
 .text.irq_p2   0x000000000000adec       0x8a contiki-sky.a(button-sensor.o)
                0x000000000000adec                irq_p2
                0x000000000000adec                __isr_1
 .text.owreadb  0x000000000000ae76       0x52 contiki-sky.a(ds2411.o)
 .text.ds2411_init
                0x000000000000aec8      0x122 contiki-sky.a(ds2411.o)
                0x000000000000aec8                ds2411_init
 .text.wait_ready
                0x000000000000afea       0x50 contiki-sky.a(xmem.o)
 .text.xmem_init
                0x000000000000b03a       0x3e contiki-sky.a(xmem.o)
                0x000000000000b03a                xmem_init
 .text.xmem_pread
                0x000000000000b078       0xea contiki-sky.a(xmem.o)
                0x000000000000b078                xmem_pread
 .text.node_id_restore
                0x000000000000b162       0x38 contiki-sky.a(node-id.o)
                0x000000000000b162                node_id_restore
 .text.process_thread_sensors_process
                0x000000000000b19a       0xbe contiki-sky.a(sensors.o)
 .text.sensors_changed
                0x000000000000b258       0x2a contiki-sky.a(sensors.o)
                0x000000000000b258                sensors_changed
 .text.strobe   0x000000000000b282       0x20 contiki-sky.a(cc2420.o)
 .text.status   0x000000000000b2a2       0x26 contiki-sky.a(cc2420.o)
 .text.getreg   0x000000000000b2c8       0x54 contiki-sky.a(cc2420.o)
 .text.setreg   0x000000000000b31c       0x52 contiki-sky.a(cc2420.o)
 .text.set_txpower
                0x000000000000b36e       0x26 contiki-sky.a(cc2420.o)
 .text.cc2420_receiving_packet
                0x000000000000b394        0xe contiki-sky.a(cc2420.o)
 .text.pending_packet
                0x000000000000b3a2        0x8 contiki-sky.a(cc2420.o)
 .text.on       0x000000000000b3aa       0x40 contiki-sky.a(cc2420.o)
 .text.flushrx  0x000000000000b3ea       0x7a contiki-sky.a(cc2420.o)
 .text.off      0x000000000000b464       0x72 contiki-sky.a(cc2420.o)
 .text.RELEASE_LOCK
                0x000000000000b4d6       0x28 contiki-sky.a(cc2420.o)
 .text.cc2420_prepare
                0x000000000000b4fe       0x92 contiki-sky.a(cc2420.o)
 .text.cc2420_set_channel
                0x000000000000b590       0x78 contiki-sky.a(cc2420.o)
                0x000000000000b590                cc2420_set_channel
 .text.getrxdata
                0x000000000000b608       0x56 contiki-sky.a(cc2420.o)
 .text.cc2420_on
                0x000000000000b65e       0x22 contiki-sky.a(cc2420.o)
                0x000000000000b65e                cc2420_on
 .text.cc2420_off
                0x000000000000b680       0x30 contiki-sky.a(cc2420.o)
                0x000000000000b680                cc2420_off
 .text.cc2420_cca
                0x000000000000b6b0       0x74 contiki-sky.a(cc2420.o)
 .text.cc2420_read
                0x000000000000b724      0x11a contiki-sky.a(cc2420.o)
 .text.process_thread_cc2420_process
                0x000000000000b83e       0x50 contiki-sky.a(cc2420.o)
 .text.cc2420_set_pan_addr
                0x000000000000b88e      0x14a contiki-sky.a(cc2420.o)
                0x000000000000b88e                cc2420_set_pan_addr
 .text.cc2420_init
                0x000000000000b9d8       0xd0 contiki-sky.a(cc2420.o)
                0x000000000000b9d8                cc2420_init
 .text.cc2420_interrupt
                0x000000000000baa8       0x20 contiki-sky.a(cc2420.o)
                0x000000000000baa8                cc2420_interrupt
 .text.cc2420_get_txpower
                0x000000000000bac8       0x1e contiki-sky.a(cc2420.o)
                0x000000000000bac8                cc2420_get_txpower
 .text.cc2420_transmit
                0x000000000000bae6      0x1a8 contiki-sky.a(cc2420.o)
 .text.cc2420_send
                0x000000000000bc8e       0x12 contiki-sky.a(cc2420.o)
 .text.cc2420_port1_interrupt
                0x000000000000bca0       0x62 contiki-sky.a(cc2420-arch.o)
                0x000000000000bca0                __isr_4
                0x000000000000bca0                cc2420_port1_interrupt
 .text.cc2420_arch_init
                0x000000000000bd02       0x1a contiki-sky.a(cc2420-arch.o)
                0x000000000000bd02                cc2420_arch_init
 .text.sky_sensors_status
                0x000000000000bd1c       0x42 contiki-sky.a(sky-sensors.o)
                0x000000000000bd1c                sky_sensors_status
 .text.sky_sensors_configure
                0x000000000000bd5e       0xfc contiki-sky.a(sky-sensors.o)
                0x000000000000bd5e                sky_sensors_configure
 .text.uart1_active
                0x000000000000be5a       0x1a contiki-sky.a(uart1.o)
                0x000000000000be5a                uart1_active
 .text.uart1_writeb
                0x000000000000be74       0x1a contiki-sky.a(uart1.o)
                0x000000000000be74                uart1_writeb
 .text.uart1_init
                0x000000000000be8e       0xf6 contiki-sky.a(uart1.o)
                0x000000000000be8e                uart1_init
 .text.putchar  0x000000000000bf84       0x10 contiki-sky.a(uart1-putchar.o)
                0x000000000000bf84                putchar
 .text.msp430_init_dco
                0x000000000000bf94       0x84 contiki-sky.a(msp430.o)
                0x000000000000bf94                msp430_init_dco
 .text.msp430_add_lpm_req
                0x000000000000c018        0xc contiki-sky.a(msp430.o)
                0x000000000000c018                msp430_add_lpm_req
 .text.msp430_cpu_init
                0x000000000000c024       0x2a contiki-sky.a(msp430.o)
                0x000000000000c024                msp430_cpu_init
 .text.splhigh_
                0x000000000000c04e        0x8 contiki-sky.a(msp430.o)
                0x000000000000c04e                splhigh_
 .text.msp430_sync_dco
                0x000000000000c056       0x68 contiki-sky.a(msp430.o)
                0x000000000000c056                msp430_sync_dco
 .text.timera1  0x000000000000c0be       0xfe contiki-sky.a(clock.o)
                0x000000000000c0be                __isr_5
                0x000000000000c0be                timera1
 .text.clock_time
                0x000000000000c1bc       0x1a contiki-sky.a(clock.o)
                0x000000000000c1bc                clock_time
 .text.clock_init
                0x000000000000c1d6       0x28 contiki-sky.a(clock.o)
                0x000000000000c1d6                clock_init
 .text.clock_delay
                0x000000000000c1fe        0xc contiki-sky.a(clock.o)
                0x000000000000c1fe                clock_delay
 .text.clock_seconds
                0x000000000000c20a       0x1a contiki-sky.a(clock.o)
                0x000000000000c20a                clock_seconds
 .text.show_leds
                0x000000000000c224      0x100 contiki-sky.a(leds.o)
 .text.leds_init
                0x000000000000c324        0xe contiki-sky.a(leds.o)
                0x000000000000c324                leds_init
 .text.leds_on  0x000000000000c332       0x14 contiki-sky.a(leds.o)
                0x000000000000c332                leds_on
 .text.leds_off
                0x000000000000c346       0x14 contiki-sky.a(leds.o)
                0x000000000000c346                leds_off
 .text.leds_invert
                0x000000000000c35a        0xa contiki-sky.a(leds.o)
                0x000000000000c35a                leds_invert
 .text.leds_toggle
                0x000000000000c364        0x6 contiki-sky.a(leds.o)
                0x000000000000c364                leds_toggle
 .text.leds_arch_init
                0x000000000000c36a        0xe contiki-sky.a(leds-arch.o)
                0x000000000000c36a                leds_arch_init
 .text.leds_arch_set
                0x000000000000c378       0x3a contiki-sky.a(leds-arch.o)
                0x000000000000c378                leds_arch_set
 .text.watchdog_interrupt
                0x000000000000c3b2        0x6 contiki-sky.a(watchdog.o)
                0x000000000000c3b2                __isr_10
                0x000000000000c3b2                watchdog_interrupt
 .text.watchdog_start
                0x000000000000c3b8       0x14 contiki-sky.a(watchdog.o)
                0x000000000000c3b8                watchdog_start
 .text.watchdog_periodic
                0x000000000000c3cc       0x12 contiki-sky.a(watchdog.o)
                0x000000000000c3cc                watchdog_periodic
 .text.watchdog_stop
                0x000000000000c3de       0x16 contiki-sky.a(watchdog.o)
                0x000000000000c3de                watchdog_stop
 .text.watchdog_init
                0x000000000000c3f4       0x14 contiki-sky.a(watchdog.o)
                0x000000000000c3f4                watchdog_init
 .text.rtimer_arch_init
                0x000000000000c408        0xe contiki-sky.a(rtimer-arch.o)
                0x000000000000c408                rtimer_arch_init
 .text.rtimer_arch_now
                0x000000000000c416        0xe contiki-sky.a(rtimer-arch.o)
                0x000000000000c416                rtimer_arch_now
 .text.timera0  0x000000000000c424       0x70 contiki-sky.a(rtimer-arch.o)
                0x000000000000c424                __isr_6
                0x000000000000c424                timera0
 .text.rtimer_arch_schedule
                0x000000000000c494        0x6 contiki-sky.a(rtimer-arch.o)
                0x000000000000c494                rtimer_arch_schedule
 .text.field_len
                0x000000000000c49a       0x98 contiki-sky.a(frame802154.o)
 .text.frame802154_hdrlen
                0x000000000000c532       0x26 contiki-sky.a(frame802154.o)
                0x000000000000c532                frame802154_hdrlen
 .text.frame802154_create
                0x000000000000c558      0x172 contiki-sky.a(frame802154.o)
                0x000000000000c558                frame802154_create
 .text.frame802154_parse
                0x000000000000c6ca      0x1ec contiki-sky.a(frame802154.o)
                0x000000000000c6ca                frame802154_parse
 .text.rpl_link_neighbor_callback
                0x000000000000c8b6       0x8a contiki-sky.a(rpl.o)
 .text.rpl_purge_routes
                0x000000000000c940       0x60 contiki-sky.a(rpl.o)
                0x000000000000c940                rpl_purge_routes
 .text.rpl_remove_routes
                0x000000000000c9a0       0x46 contiki-sky.a(rpl.o)
                0x000000000000c9a0                rpl_remove_routes
 .text.rpl_remove_routes_by_nexthop
                0x000000000000c9e6       0x44 contiki-sky.a(rpl.o)
                0x000000000000c9e6                rpl_remove_routes_by_nexthop
 .text.rpl_add_route
                0x000000000000ca2a       0x72 contiki-sky.a(rpl.o)
                0x000000000000ca2a                rpl_add_route
 .text.rpl_ipv6_neighbor_callback
                0x000000000000ca9c       0x26 contiki-sky.a(rpl.o)
                0x000000000000ca9c                rpl_ipv6_neighbor_callback
 .text.rpl_init
                0x000000000000cac2       0x44 contiki-sky.a(rpl.o)
                0x000000000000cac2                rpl_init
 .text.lollipop_greater_than
                0x000000000000cb06       0x44 contiki-sky.a(rpl-dag.o)
 .text.acceptable_rank
                0x000000000000cb4a       0x50 contiki-sky.a(rpl-dag.o)
 .text.find_parent_dag
                0x000000000000cb9a       0x5a contiki-sky.a(rpl-dag.o)
 .text.set_ip_from_prefix
                0x000000000000cbf4       0x38 contiki-sky.a(rpl-dag.o)
 .text.check_prefix
                0x000000000000cc2c       0x80 contiki-sky.a(rpl-dag.o)
 .text.rpl_set_default_route
                0x000000000000ccac       0x54 contiki-sky.a(rpl-dag.o)
                0x000000000000ccac                rpl_set_default_route
 .text.rpl_alloc_instance
                0x000000000000cd00       0x2c contiki-sky.a(rpl-dag.o)
                0x000000000000cd00                rpl_alloc_instance
 .text.rpl_add_parent
                0x000000000000cd2c       0x76 contiki-sky.a(rpl-dag.o)
                0x000000000000cd2c                rpl_add_parent
 .text.rpl_find_parent
                0x000000000000cda2       0x34 contiki-sky.a(rpl-dag.o)
                0x000000000000cda2                rpl_find_parent
 .text.rpl_find_parent_any_dag
                0x000000000000cdd6       0x5a contiki-sky.a(rpl-dag.o)
                0x000000000000cdd6                rpl_find_parent_any_dag
 .text.rpl_select_parent
                0x000000000000ce30       0x44 contiki-sky.a(rpl-dag.o)
                0x000000000000ce30                rpl_select_parent
 .text.rpl_select_dag
                0x000000000000ce74      0x16c contiki-sky.a(rpl-dag.o)
                0x000000000000ce74                rpl_select_dag
 .text.rpl_nullify_parent
                0x000000000000cfe0       0x48 contiki-sky.a(rpl-dag.o)
                0x000000000000cfe0                rpl_nullify_parent
 .text.rpl_remove_parent
                0x000000000000d028       0x26 contiki-sky.a(rpl-dag.o)
                0x000000000000d028                rpl_remove_parent
 .text.remove_parents.constprop.3
                0x000000000000d04e       0x26 contiki-sky.a(rpl-dag.o)
 .text.rpl_free_dag
                0x000000000000d074       0x36 contiki-sky.a(rpl-dag.o)
                0x000000000000d074                rpl_free_dag
 .text.rpl_free_instance
                0x000000000000d0aa       0x5c contiki-sky.a(rpl-dag.o)
                0x000000000000d0aa                rpl_free_instance
 .text.rpl_move_parent
                0x000000000000d106       0x72 contiki-sky.a(rpl-dag.o)
                0x000000000000d106                rpl_move_parent
 .text.rpl_get_any_dag
                0x000000000000d178       0x18 contiki-sky.a(rpl-dag.o)
                0x000000000000d178                rpl_get_any_dag
 .text.rpl_get_instance
                0x000000000000d190       0x1a contiki-sky.a(rpl-dag.o)
                0x000000000000d190                rpl_get_instance
 .text.get_dag  0x000000000000d1aa       0x56 contiki-sky.a(rpl-dag.o)
 .text.rpl_alloc_dag
                0x000000000000d200       0x74 contiki-sky.a(rpl-dag.o)
                0x000000000000d200                rpl_alloc_dag
 .text.rpl_find_of
                0x000000000000d274       0x10 contiki-sky.a(rpl-dag.o)
                0x000000000000d274                rpl_find_of
 .text.rpl_join_instance
                0x000000000000d284      0x13a contiki-sky.a(rpl-dag.o)
                0x000000000000d284                rpl_join_instance
 .text.rpl_local_repair
                0x000000000000d3be       0x6c contiki-sky.a(rpl-dag.o)
                0x000000000000d3be                rpl_local_repair
 .text.rpl_process_parent_event
                0x000000000000d42a       0x5a contiki-sky.a(rpl-dag.o)
                0x000000000000d42a                rpl_process_parent_event
 .text.rpl_recalculate_ranks
                0x000000000000d484       0x46 contiki-sky.a(rpl-dag.o)
                0x000000000000d484                rpl_recalculate_ranks
 .text.rpl_add_dag
                0x000000000000d4ca      0x10a contiki-sky.a(rpl-dag.o)
                0x000000000000d4ca                rpl_add_dag
 .text.rpl_process_dio
                0x000000000000d5d4      0x218 contiki-sky.a(rpl-dag.o)
                0x000000000000d5d4                rpl_process_dio
 .text.get32    0x000000000000d7ec       0x46 contiki-sky.a(rpl-icmp6.o)
 .text.set32    0x000000000000d832       0x2a contiki-sky.a(rpl-icmp6.o)
 .text.get16    0x000000000000d85c        0xe contiki-sky.a(rpl-icmp6.o)
 .text.set16    0x000000000000d86a       0x10 contiki-sky.a(rpl-icmp6.o)
 .text.dis_output
                0x000000000000d87a       0x50 contiki-sky.a(rpl-icmp6.o)
                0x000000000000d87a                dis_output
 .text.dio_output
                0x000000000000d8ca      0x252 contiki-sky.a(rpl-icmp6.o)
                0x000000000000d8ca                dio_output
 .text.dao_output
                0x000000000000db1c      0x10e contiki-sky.a(rpl-icmp6.o)
                0x000000000000db1c                dao_output
 .text.dao_ack_output
                0x000000000000dc2a       0x32 contiki-sky.a(rpl-icmp6.o)
                0x000000000000dc2a                dao_ack_output
 .text.uip_rpl_input
                0x000000000000dc5c      0x506 contiki-sky.a(rpl-icmp6.o)
                0x000000000000dc5c                uip_rpl_input
 .text.new_dio_interval
                0x000000000000e162       0x92 contiki-sky.a(rpl-timers.o)
 .text.handle_periodic_timer
                0x000000000000e1f4       0x2e contiki-sky.a(rpl-timers.o)
 .text.handle_dao_timer
                0x000000000000e222       0x50 contiki-sky.a(rpl-timers.o)
 .text.handle_dio_timer
                0x000000000000e272       0x82 contiki-sky.a(rpl-timers.o)
 .text.rpl_reset_periodic_timer
                0x000000000000e2f4       0x1e contiki-sky.a(rpl-timers.o)
                0x000000000000e2f4                rpl_reset_periodic_timer
 .text.rpl_reset_dio_timer
                0x000000000000e312       0x18 contiki-sky.a(rpl-timers.o)
                0x000000000000e312                rpl_reset_dio_timer
 .text.rpl_schedule_dao
                0x000000000000e32a       0x50 contiki-sky.a(rpl-timers.o)
                0x000000000000e32a                rpl_schedule_dao
 .text.reset    0x000000000000e37a        0x2 contiki-sky.a(rpl-of-etx.o)
 .text.parent_state_callback
                0x000000000000e37c        0x2 contiki-sky.a(rpl-of-etx.o)
 .text.calculate_rank
                0x000000000000e37e       0x5e contiki-sky.a(rpl-of-etx.o)
 .text.calculate_path_metric
                0x000000000000e3dc       0x3c contiki-sky.a(rpl-of-etx.o)
 .text.best_parent
                0x000000000000e418       0x52 contiki-sky.a(rpl-of-etx.o)
 .text.update_metric_container
                0x000000000000e46a       0x40 contiki-sky.a(rpl-of-etx.o)
 .text.best_dag
                0x000000000000e4aa       0x34 contiki-sky.a(rpl-of-etx.o)
 .text.rpl_verify_header
                0x000000000000e4de       0x86 contiki-sky.a(rpl-ext-header.)
                0x000000000000e4de                rpl_verify_header
 .text.rpl_update_header_empty
                0x000000000000e564       0xb4 contiki-sky.a(rpl-ext-header.)
                0x000000000000e564                rpl_update_header_empty
 .text.rpl_update_header_final
                0x000000000000e618       0x86 contiki-sky.a(rpl-ext-header.)
                0x000000000000e618                rpl_update_header_final
 .text.rpl_invert_header
                0x000000000000e69e       0x4c contiki-sky.a(rpl-ext-header.)
                0x000000000000e69e                rpl_invert_header
 .text.stimer_set
                0x000000000000e6ea       0x1c contiki-sky.a(stimer.o)
                0x000000000000e6ea                stimer_set
 .text.stimer_restart
                0x000000000000e706       0x14 contiki-sky.a(stimer.o)
                0x000000000000e706                stimer_restart
 .text.stimer_expired
                0x000000000000e71a       0x30 contiki-sky.a(stimer.o)
                0x000000000000e71a                stimer_expired
 .text.uip_udp_packet_send
                0x000000000000e74a       0x2e contiki-sky.a(uip-udp-packet.)
                0x000000000000e74a                uip_udp_packet_send
 .text.neighbor_addr_get
                0x000000000000e778       0x42 contiki-sky.a(neighbor-attr.o)
 .text.set_attr
                0x000000000000e7ba       0x54 contiki-sky.a(neighbor-attr.o)
 .text.neighbor_attr_register
                0x000000000000e80e       0x34 contiki-sky.a(neighbor-attr.o)
                0x000000000000e80e                neighbor_attr_register
 .text.neighbor_attr_has_neighbor
                0x000000000000e842       0x10 contiki-sky.a(neighbor-attr.o)
                0x000000000000e842                neighbor_attr_has_neighbor
 .text.neighbor_attr_add_neighbor
                0x000000000000e852       0x7c contiki-sky.a(neighbor-attr.o)
                0x000000000000e852                neighbor_attr_add_neighbor
 .text.neighbor_attr_get_data
                0x000000000000e8ce       0x32 contiki-sky.a(neighbor-attr.o)
                0x000000000000e8ce                neighbor_attr_get_data
 .text.neighbor_attr_set_data
                0x000000000000e900       0x64 contiki-sky.a(neighbor-attr.o)
                0x000000000000e900                neighbor_attr_set_data
 .text.spi_init
                0x000000000000e964       0x32 contiki-sky.a(spi.o)
                0x000000000000e964                spi_init
 .text.libgcc   0x000000000000e996       0x2c /usr/lib/gcc/msp430/4.6.3/mmpy-16/libgcc.a(_mulsi3.o)
                0x000000000000e996                __mulsi3
 .text.libgcc   0x000000000000e9c2       0x22 /usr/lib/gcc/msp430/4.6.3/mmpy-16/libgcc.a(_udivmod16.o)
                0x000000000000e9c2                __udivhi3
                0x000000000000e9c2                __ext_udivmod16
                0x000000000000e9dc                __umodhi3
 .text.libgcc   0x000000000000e9e4       0x3a /usr/lib/gcc/msp430/4.6.3/mmpy-16/libgcc.a(_divmod16.o)
                0x000000000000e9e4                __ext_divmod16
                0x000000000000e9e4                __divhi3
                0x000000000000ea16                __modhi3
 .text.libgcc   0x000000000000ea1e       0x40 /usr/lib/gcc/msp430/4.6.3/mmpy-16/libgcc.a(_udivmod32.o)
                0x000000000000ea1e                __udivsi3
                0x000000000000ea1e                __ext_udivmod32
                0x000000000000ea54                __umodsi3
 .text          0x000000000000ea5e       0x12 /usr/lib/gcc/msp430/4.6.3/../../../../msp430/lib/mmpy-16/libc.a(strchr.o)
                0x000000000000ea5e                strchr
 .text          0x000000000000ea70       0x1c /usr/lib/gcc/msp430/4.6.3/../../../../msp430/lib/mmpy-16/libc.a(memchr.o)
                0x000000000000ea70                memchr
 .text          0x000000000000ea8c       0x1e /usr/lib/gcc/msp430/4.6.3/../../../../msp430/lib/mmpy-16/libc.a(strcmp.o)
                0x000000000000ea8c                strcmp
 .text          0x000000000000eaaa       0x28 /usr/lib/gcc/msp430/4.6.3/../../../../msp430/lib/mmpy-16/libc.a(strncmp.o)
                0x000000000000eaaa                strncmp
 .text          0x000000000000ead2       0x20 /usr/lib/gcc/msp430/4.6.3/../../../../msp430/lib/mmpy-16/libc.a(memcmp.o)
                0x000000000000ead2                memcmp
 .text          0x000000000000eaf2       0x14 /usr/lib/gcc/msp430/4.6.3/../../../../msp430/lib/mmpy-16/libc.a(strcpy.o)
                0x000000000000eaf2                strcpy
 .text          0x000000000000eb06       0xfa /usr/lib/gcc/msp430/4.6.3/../../../../msp430/lib/mmpy-16/libc.a(memcpy.o)
                0x000000000000eb06                memcpy
 .text          0x000000000000ec00       0xfa /usr/lib/gcc/msp430/4.6.3/../../../../msp430/lib/mmpy-16/libc.a(memmove.o)
                0x000000000000ec00                memmove
 .text          0x000000000000ecfa       0x6a /usr/lib/gcc/msp430/4.6.3/../../../../msp430/lib/mmpy-16/libc.a(memset.o)
                0x000000000000ecfa                memset
 .text          0x000000000000ed64       0x56 /usr/lib/gcc/msp430/4.6.3/../../../../msp430/lib/mmpy-16/libc.a(strstr.o)
                0x000000000000ed64                strstr
 .text          0x000000000000edba       0x1e /usr/lib/gcc/msp430/4.6.3/../../../../msp430/lib/mmpy-16/libc.a(printf.o)
                0x000000000000edba                printf
                0x000000000000edca                vprintf
 .text          0x000000000000edd8       0xbc /usr/lib/gcc/msp430/4.6.3/../../../../msp430/lib/mmpy-16/libc.a(sprintf.o)
                0x000000000000ee36                sprintf
                0x000000000000ee52                snprintf
                0x000000000000ee6c                vsprintf
                0x000000000000ee82                vsnprintf
 .text          0x000000000000ee94      0x836 /usr/lib/gcc/msp430/4.6.3/../../../../msp430/lib/mmpy-16/libc.a(vuprintf.o)
                0x000000000000f02c                vuprintf
 .text          0x000000000000f6ca       0x2c /usr/lib/gcc/msp430/4.6.3/../../../../msp430/lib/mmpy-16/libc.a(puts.o)
                0x000000000000f6ca                puts
 .text          0x000000000000f6f6       0x54 /usr/lib/gcc/msp430/4.6.3/../../../../msp430/lib/mmpy-16/libc.a(rand.o)
                0x000000000000f6f6                rand_r
                0x000000000000f71a                rand
                0x000000000000f740                srand
 .text.libgcc   0x000000000000f74a       0xf0 /usr/lib/gcc/msp430/4.6.3/mmpy-16/libgcc.a(_udivmod64.o)
                0x000000000000f74a                __xabi_udivmod64
                0x000000000000f7a8                __udivdi3
                0x000000000000f7ce                __umoddi3
                0x000000000000f7fc                __udivmoddi4
 .text.crt0     0x000000000000f83a        0x2 /usr/lib/gcc/msp430/4.6.3/mmpy-16/libcrt0.a(_unexpected_.o)
                0x000000000000f83a                _unexpected_
                0x000000000000f83c                . = ALIGN (0x2)

.rodata         0x000000000000f83c      0x648
                0x000000000000f83c                . = ALIGN (0x2)
 *(.rodata .rodata.* .gnu.linkonce.r.*)
 .rodata        0x000000000000f83c       0x18 curtain.co
                0x000000000000f844                autostart_processes
 .rodata        0x000000000000f854       0xcd obj_sky/ero2manager.o
 .rodata        0x000000000000f921      0x14d obj_sky/ero2service.o
 .rodata        0x000000000000fa6e       0x14 obj_sky/ero2client.o
 .rodata        0x000000000000fa82       0x13 obj_sky/ero2registry.o
 .rodata        0x000000000000fa95      0x117 obj_sky/contiki-sky-main.o
 .rodata        0x000000000000fbac        0x8 contiki-sky.a(rimeaddr.o)
                0x000000000000fbac                rimeaddr_null
 .rodata        0x000000000000fbb4       0x18 contiki-sky.a(nullrdc.o)
                0x000000000000fbbc                nullrdc_driver
 .rodata        0x000000000000fbcc        0x4 contiki-sky.a(framer-802154.o)
                0x000000000000fbcc                framer_802154
 .rodata        0x000000000000fbd0       0x14 contiki-sky.a(csma.o)
                0x000000000000fbd6                csma_driver
 .rodata        0x000000000000fbe4        0xc contiki-sky.a(etimer.o)
 .rodata        0x000000000000fbf0        0xf contiki-sky.a(ctimer.o)
 .rodata        0x000000000000fbff        0xd contiki-sky.a(tcpip.o)
 .rodata        0x000000000000fc0c       0x24 contiki-sky.a(sicslowpan.o)
                0x000000000000fc18                sicslowpan_driver
                0x000000000000fc1e                llprefix
                0x000000000000fc20                unc_mxconf
                0x000000000000fc24                unc_ctxconf
                0x000000000000fc28                unc_llconf
 .rodata        0x000000000000fc30      0x104 contiki-sky.a(er-coap-12-engi)
                0x000000000000fc82                coap_rest_implementation
 .rodata        0x000000000000fd34       0xd2 contiki-sky.a(er-coap-12.o)
 .rodata        0x000000000000fe06       0x1d contiki-sky.a(er-coap-12-obse)
 .rodata        0x000000000000fe23        0xd contiki-sky.a(erbium.o)
 .rodata        0x000000000000fe30        0xe contiki-sky.a(light-sensor.o)
                0x000000000000fe36                light_sensor
 .rodata        0x000000000000fe3e       0x10 contiki-sky.a(button-sensor.o)
                0x000000000000fe46                button_sensor
 .rodata        0x000000000000fe4e        0x8 contiki-sky.a(sensors.o)
 .rodata        0x000000000000fe56       0x24 contiki-sky.a(cc2420.o)
                0x000000000000fe56                cc2420_driver
 .rodata        0x000000000000fe7a        0x2 contiki-sky.a(frame802154.o)
 .rodata        0x000000000000fe7c        0x7 /usr/lib/gcc/msp430/4.6.3/../../../../msp430/lib/mmpy-16/libc.a(vuprintf.o)
                0x000000000000fe84                . = ALIGN (0x2)
 *fill*         0x000000000000fe83        0x1 00
                0x000000000000fe84                _etext = .

.data           0x0000000000001100      0x12a load address 0x000000000000fe84
                0x0000000000001100                . = ALIGN (0x2)
                0x0000000000001100                PROVIDE (__data_start, .)
 *(.data .data.* .gnu.linkonce.d.*)
 .data          0x0000000000001100        0xa curtain.co
                0x0000000000001100                main_process
 .data          0x000000000000110a       0x1c obj_sky/ero2manager.o
                0x000000000000110a                ero2_process
                0x0000000000001114                resource_ero2heartbeat
 .data          0x0000000000001126       0x26 obj_sky/ero2service.o
                0x0000000000001126                resource_curtain
                0x0000000000001138                timer_process_down
                0x0000000000001142                timer_process_up
 .data          0x000000000000114c        0xa obj_sky/ero2client.o
                0x000000000000114c                ero2_client_process
 .data          0x0000000000001156       0x18 contiki-sky.a(csma.o)
 .data          0x000000000000116e        0xa contiki-sky.a(etimer.o)
                0x000000000000116e                etimer_process
 .data          0x0000000000001178        0xa contiki-sky.a(ctimer.o)
                0x0000000000001178                ctimer_process
 .data          0x0000000000001182       0x18 contiki-sky.a(queuebuf.o)
 .data          0x000000000000119a        0xa contiki-sky.a(tcpip.o)
                0x000000000000119a                tcpip_process
 .data          0x00000000000011a4       0x10 contiki-sky.a(neighbor-info.o)
                0x00000000000011a4                attr_timestamp
                0x00000000000011ac                attr_etx
 .data          0x00000000000011b4       0x1c contiki-sky.a(er-coap-12-engi)
                0x00000000000011b4                resource_well_known_core
                0x00000000000011c6                coap_receiver
 .data          0x00000000000011d0        0x2 contiki-sky.a(er-coap-12.o)
                0x00000000000011d0                coap_error_message
 .data          0x00000000000011d2        0x8 contiki-sky.a(er-coap-12-tran)
 .data          0x00000000000011da        0x8 contiki-sky.a(er-coap-12-obse)
 .data          0x00000000000011e2        0xa contiki-sky.a(erbium.o)
                0x00000000000011e2                rest_manager_process
 .data          0x00000000000011ec        0x4 contiki-sky.a(contiki-sky-pla)
                0x00000000000011ec                sensors
 .data          0x00000000000011f0        0xa contiki-sky.a(sensors.o)
                0x00000000000011f0                sensors_process
 .data          0x00000000000011fa        0xa contiki-sky.a(cc2420.o)
                0x00000000000011fa                cc2420_process
 .data          0x0000000000001204        0x2 contiki-sky.a(msp430.o)
 .data          0x0000000000001206        0x8 contiki-sky.a(rpl-dag.o)
 .data          0x000000000000120e        0x1 contiki-sky.a(rpl-icmp6.o)
 *fill*         0x000000000000120f        0x1 00
 .data          0x0000000000001210        0xe contiki-sky.a(rpl-of-etx.o)
                0x0000000000001210                rpl_of_etx
 .data          0x000000000000121e        0x8 contiki-sky.a(neighbor-attr.o)
 .data          0x0000000000001226        0x4 /usr/lib/gcc/msp430/4.6.3/../../../../msp430/lib/mmpy-16/libc.a(rand.o)
                0x000000000000122a                . = ALIGN (0x2)
                0x000000000000122a                _edata = .
                0x000000000000fe84                PROVIDE (__data_load_start, LOADADDR (.data))
                0x000000000000012a                PROVIDE (__data_size, SIZEOF (.data))

.bss            0x000000000000122a     0x17fe load address 0x000000000000ffae
                0x000000000000122a                PROVIDE (__bss_start, .)
 *(.bss .bss.*)
 .bss           0x000000000000122a        0xc obj_sky/ero2manager.o
 .bss           0x0000000000001236        0xe obj_sky/ero2service.o
                0x0000000000001236                flag
 .bss           0x0000000000001244       0x86 obj_sky/ero2client.o
 .bss           0x00000000000012ca        0x6 obj_sky/ero2registry.o
                0x00000000000012ca                counter
 .bss           0x00000000000012d0        0xc obj_sky/contiki-sky-main.o
 .bss           0x00000000000012dc        0x2 contiki-sky.a(framer-802154.o)
 .bss           0x00000000000012de       0x8a contiki-sky.a(csma.o)
 .bss           0x0000000000001368       0x42 contiki-sky.a(process.o)
                0x0000000000001368                process_current
                0x000000000000136a                process_list
 .bss           0x00000000000013aa        0x6 contiki-sky.a(etimer.o)
 .bss           0x00000000000013b0        0x4 contiki-sky.a(ctimer.o)
 .bss           0x00000000000013b4        0x2 contiki-sky.a(rtimer.o)
 .bss           0x00000000000013b6       0xba contiki-sky.a(packetbuf.o)
 .bss           0x0000000000001470      0x3c6 contiki-sky.a(queuebuf.o)
 .bss           0x0000000000001836        0xa contiki-sky.a(uip6.o)
                0x0000000000001836                uip_ext_opt_offset
                0x0000000000001838                uip_ext_len
                0x000000000000183a                uip_ext_bitmap
 .bss           0x0000000000001840        0xe contiki-sky.a(tcpip.o)
 .bss           0x000000000000184e       0x10 contiki-sky.a(uip-icmp6.o)
 .bss           0x000000000000185e        0xa contiki-sky.a(uip-nd6.o)
 .bss           0x0000000000001868      0x122 contiki-sky.a(sicslowpan.o)
 .bss           0x000000000000198a       0x3e contiki-sky.a(neighbor-info.o)
 .bss           0x00000000000019c8       0x20 contiki-sky.a(uip-ds6.o)
 .bss           0x00000000000019e8       0xf8 contiki-sky.a(er-coap-12-engi)
 .bss           0x0000000000001ae0        0x6 contiki-sky.a(er-coap-12.o)
                0x0000000000001ae0                coap_error_code
 .bss           0x0000000000001ae6      0x162 contiki-sky.a(er-coap-12-tran)
 .bss           0x0000000000001c48       0x3e contiki-sky.a(er-coap-12-obse)
 .bss           0x0000000000001c86        0x4 contiki-sky.a(erbium.o)
 .bss           0x0000000000001c8a        0x8 contiki-sky.a(button-sensor.o)
 .bss           0x0000000000001c92        0x2 contiki-sky.a(node-id.o)
                0x0000000000001c92                node_id
 .bss           0x0000000000001c94        0x6 contiki-sky.a(sensors.o)
 .bss           0x0000000000001c9a        0xa contiki-sky.a(cc2420.o)
 .bss           0x0000000000001ca4        0x4 contiki-sky.a(sky-sensors.o)
 .bss           0x0000000000001ca8       0x9a contiki-sky.a(uart1.o)
 .bss           0x0000000000001d42        0xa contiki-sky.a(clock.o)
 .bss           0x0000000000001d4c        0x2 contiki-sky.a(leds.o)
 .bss           0x0000000000001d4e        0x2 contiki-sky.a(watchdog.o)
 .bss           0x0000000000001d50      0x230 contiki-sky.a(rpl-dag.o)
 .bss           0x0000000000001f80       0x18 contiki-sky.a(rpl-timers.o)
 .bss           0x0000000000001f98       0xce contiki-sky.a(neighbor-attr.o)
 .bss           0x0000000000002066        0x4 /usr/lib/gcc/msp430/4.6.3/../../../../msp430/lib/mmpy-16/libc.a(sprintf.o)
 *(COMMON)
 COMMON         0x000000000000206a       0x18 curtain.co
                0x000000000000206a                parent
                0x000000000000207c                ero2_state
                0x000000000000207e                service_pointer
                0x0000000000002080                current_parent
 COMMON         0x0000000000002082       0x1c obj_sky/ero2service.o
                0x0000000000002082                timeset
                0x0000000000002083                time
                0x0000000000002084                curtain_service
 COMMON         0x000000000000209e        0x8 contiki-sky.a(rimeaddr.o)
                0x000000000000209e                rimeaddr_node_addr
 COMMON         0x00000000000020a6        0x1 contiki-sky.a(process.o)
                0x00000000000020a6                process_maxevents
 *fill*         0x00000000000020a7        0x1 00
 COMMON         0x00000000000020a8       0x56 contiki-sky.a(energest.o)
                0x00000000000020a8                energest_total_time
                0x00000000000020d8                energest_total_count
                0x00000000000020da                energest_current_mode
                0x00000000000020e6                energest_current_time
 COMMON         0x00000000000020fe       0x50 contiki-sky.a(packetbuf.o)
                0x00000000000020fe                packetbuf_addrs
                0x000000000000211e                packetbuf_attrs
 COMMON         0x000000000000214e      0x240 contiki-sky.a(uip6.o)
                0x000000000000214e                uip_len
                0x0000000000002150                uip_sappdata
                0x0000000000002152                uip_lladdr
                0x000000000000215a                uip_aligned_buf
                0x000000000000224a                uip_flags
                0x000000000000224c                uip_next_hdr
                0x000000000000224e                uip_udp_conn
                0x0000000000002250                uip_appdata
                0x0000000000002252                uip_conn
                0x0000000000002254                uip_slen
                0x0000000000002256                uip_udp_conns
 COMMON         0x000000000000238e        0x1 contiki-sky.a(tcpip.o)
                0x000000000000238e                tcpip_event
 *fill*         0x000000000000238f        0x1 00
 COMMON         0x0000000000002390        0x8 contiki-sky.a(sicslowpan.o)
                0x0000000000002390                frag_sender
 COMMON         0x0000000000002398      0x568 contiki-sky.a(uip-ds6.o)
                0x0000000000002398                uip_ds6_timer_ra
                0x00000000000023a0                uip_ds6_if
                0x000000000000248c                uip_ds6_netif_addr_list_offset
                0x000000000000248d                uip_ds6_addr_size
                0x000000000000248e                uip_ds6_prefix_list
                0x00000000000024e8                uip_ds6_timer_periodic
                0x00000000000024f4                uip_ds6_defrt_list
                0x000000000000252c                uip_ds6_nbr_cache
                0x0000000000002720                uip_ds6_routing_table
 COMMON         0x0000000000002900        0x2 contiki-sky.a(contiki-sky-pla)
                0x0000000000002900                sensors_flags
 COMMON         0x0000000000002902        0x8 contiki-sky.a(ds2411.o)
                0x0000000000002902                ds2411_id
 COMMON         0x000000000000290a        0x1 contiki-sky.a(sensors.o)
                0x000000000000290a                sensors_event
 *fill*         0x000000000000290b        0x1 00
 COMMON         0x000000000000290c       0x14 contiki-sky.a(cc2420.o)
                0x000000000000290c                cc2420_last_rssi
                0x000000000000290e                cc2420_packets_read
                0x0000000000002910                cc2420_packets_seen
                0x0000000000002912                cc2420_sfd_start_time
                0x0000000000002914                cc2420_time_of_departure
                0x0000000000002916                cc2420_time_of_arrival
                0x0000000000002918                cc2420_last_correlation
                0x000000000000291a                cc2420_authority_level_of_sender
                0x000000000000291c                cc2420_sfd_counter
                0x000000000000291e                cc2420_sfd_end_time
 COMMON         0x0000000000002920        0x2 contiki-sky.a(msp430.o)
                0x0000000000002920                msp430_dco_required
 COMMON         0x0000000000002922       0x48 contiki-sky.a(rimestats.o)
                0x0000000000002922                rimestats
 COMMON         0x000000000000296a       0xbe contiki-sky.a(rpl-dag.o)
                0x000000000000296a                default_instance
                0x000000000000296c                instance_table
                0x0000000000002a28                . = ALIGN (0x2)
                0x0000000000002a28                PROVIDE (__bss_end, .)
                0x00000000000017fe                PROVIDE (__bss_size, SIZEOF (.bss))

.noinit         0x0000000000002a28        0x2 load address 0x000000000000ffae
                0x0000000000002a28                PROVIDE (__noinit_start, .)
 *(.noinit .noinit.*)
 .noinit.crt0   0x0000000000002a28        0x2 /usr/lib/gcc/msp430/4.6.3/mmpy-16/libcrt0.a(__watchdog_support.o)
                0x0000000000002a28                __wdt_clear_value
                0x0000000000002a2a                . = ALIGN (0x2)
                0x0000000000002a2a                PROVIDE (__noinit_end, .)
                0x0000000000002a2a                . = ALIGN (0x2)
                0x0000000000002a2a                _end = .

.infomem        0x0000000000001000        0x0
 *(.infomem)
                0x0000000000001000                . = ALIGN (0x2)
 *(.infomem.*)

.infomemnobits  0x0000000000001000        0x0
 *(.infomemnobits)
                0x0000000000001000                . = ALIGN (0x2)
 *(.infomemnobits.*)

.infoa
 *(.infoa .infoa.*)

.infob
 *(.infob .infob.*)

.infoc
 *(.infoc .infoc.*)